2026-07-19 18:54:58,162 - INFO - ✅ Supabase connecté: https://uxriscdyynjmhazmrvhr.supabase.co
2026-07-19 18:54:58,162 - INFO - 📋 Table: tenders_3
2026-07-19 18:54:58,163 - INFO - 📦 Bucket: pdf_ao
2026-07-19 18:54:59,551 - INFO - 📊 226 références déjà en base
2026-07-19 18:54:59,554 - INFO - ============================================================
2026-07-19 18:54:59,555 - INFO - 🚀 Démarrage du scraping des résultats AO
2026-07-19 18:54:59,560 - INFO - 📅 Date début: 01/01/2024
2026-07-19 18:54:59,560 - INFO - 📅 Date fin: 19/07/2026
2026-07-19 18:54:59,566 - INFO - 💾 Stockage: Supabase (tenders_3)
2026-07-19 18:54:59,569 - INFO - ============================================================
2026-07-19 18:55:03,751 - INFO - 🌐 Navigation vers la page de recherche...
2026-07-19 18:55:20,705 - INFO - ✅ Page chargée
2026-07-19 18:55:20,706 - INFO - 📝 Remplissage du formulaire...
2026-07-19 18:55:20,825 - INFO -   Date début: 01/01/2024
2026-07-19 18:55:20,861 - INFO -   Date fin: 19/07/2026
2026-07-19 18:55:21,872 - INFO - 🔍 Lancement de la recherche...
2026-07-19 18:55:36,701 - INFO - ✅ Résultats chargés
2026-07-19 18:55:36,753 - INFO - 📊 Nombre total de pages: 13338
2026-07-19 18:55:36,754 - INFO - 
📄 Début du scan (13338 pages)...

2026-07-19 18:55:36,755 - INFO - 
==================================================
2026-07-19 18:55:36,756 - INFO - 📄 PAGE 1/13338
2026-07-19 18:55:36,756 - INFO - ==================================================
2026-07-19 18:55:37,053 - INFO -   🌐 Détail: 1025057
2026-07-19 18:55:46,029 - INFO -   🔗 Lien trouvé (picto-link)
2026-07-19 18:55:56,047 - INFO -   📤 PDF uploadé: Extrait de PV 10.PUITK.2026.pdf
2026-07-19 18:55:56,051 - INFO -   ✅ PDF uploadé: Extrait de PV 10.PUITK.2026.pdf (311.6 KB)
2026-07-19 18:55:56,053 - INFO -   [1] 📥 10/PUITK/2026 | Travaux d’achèvement d’un amphithéâtre à la faculté des scie...
2026-07-19 18:55:56,077 - INFO -   🌐 Détail: 1025051
2026-07-19 18:56:02,523 - INFO -   🔗 Lien trouvé (picto-link)
2026-07-19 18:56:22,984 - WARNING -   ⚠️ Upload échoué: 400
2026-07-19 18:56:22,987 - WARNING -   ⚠️ Échec upload PDF
2026-07-19 18:56:22,989 - INFO -   [2] ❌ 29/2026/DGR | TRAVAUX D’ENTRETIEN DES RESEAUX D’IRRIGATION GRAVITAIRE EN C...
2026-07-19 18:56:23,020 - INFO -   🌐 Détail: 1025046
2026-07-19 18:56:29,120 - INFO -   🔗 Lien trouvé (picto-link)
2026-07-19 18:56:31,353 - INFO -   📤 PDF uploadé: RESULTAT _17072026205442.PDF
2026-07-19 18:56:31,357 - INFO -   ✅ PDF uploadé: RESULTAT _17072026205442.PDF (21.3 KB)
2026-07-19 18:56:31,359 - INFO -   [3] 📥 08/MDA/2026 | Animation des réseaux sociaux et sponsoring des publications...
2026-07-19 18:56:31,379 - INFO -   🌐 Détail: 1025041
2026-07-19 18:56:37,862 - INFO -   🔗 Lien trouvé (picto-link)
2026-07-19 18:56:42,084 - INFO -   📤 PDF uploadé: Cadre + Extrait TO1130326.zip
2026-07-19 18:56:42,086 - INFO -   ✅ PDF uploadé: Cadre + Extrait TO1130326.zip (92.4 KB)
2026-07-19 18:56:42,088 - INFO -   [4] 📥 TO1130326/2026/ONEEBELEC | Fourniture et installation des climatiseurs pour les sites d...
2026-07-19 18:56:42,106 - INFO -   🌐 Détail: 1025040
2026-07-19 18:56:49,047 - INFO -   🔗 Lien trouvé (picto-link)
2026-07-19 18:56:58,694 - INFO -   📤 PDF uploadé: Cadre + Extrait TO2130322.zip
2026-07-19 18:56:58,697 - INFO -   ✅ PDF uploadé: Cadre + Extrait TO2130322.zip (109.0 KB)
2026-07-19 18:56:58,700 - INFO -   [5] 📥 TO2130322/2026/ONEEBELEC | Abattage et élagage des arbres sous et au voisinage des lign...
2026-07-19 18:56:58,732 - INFO -   🌐 Détail: 1025037
2026-07-19 18:57:05,073 - INFO -   🔗 Lien trouvé (picto-link)
2026-07-19 18:57:10,714 - INFO -   📤 PDF uploadé: Extrait de PV 09.PUITK.2026.pdf
2026-07-19 18:57:10,718 - INFO -   ✅ PDF uploadé: Extrait de PV 09.PUITK.2026.pdf (325.4 KB)
2026-07-19 18:57:10,720 - INFO -   [6] 📥 09/PUITK/2026 | Travaux d’aménagement et d’installation d’une charpente méta...
2026-07-19 18:57:10,739 - INFO -   🌐 Détail: 1025036
2026-07-19 18:57:17,006 - INFO -   🔗 Lien trouvé (picto-link)
2026-07-19 18:57:21,150 - INFO -   📤 PDF uploadé: Extrait du PV Concours Architectural 01-2026.pdf
2026-07-19 18:57:21,151 - INFO -   ✅ PDF uploadé: Extrait du PV Concours Architectural 01-2026.pdf (246.1 KB)
2026-07-19 18:57:21,152 - INFO -   [7] 📥 1/2026 | LA CONCEPTION ARCHITECTURALE ET LE SUIVI DES TRAVAUX DE CONS...
2026-07-19 18:57:21,157 - INFO -   🌐 Détail: 1025035
2026-07-19 18:57:27,278 - INFO -   🔗 Lien trouvé (picto-link)
2026-07-19 18:57:30,387 - WARNING -   ⚠️ Upload échoué: 400
2026-07-19 18:57:30,388 - WARNING -   ⚠️ Échec upload PDF
2026-07-19 18:57:30,388 - INFO -   [8] ❌ 29/AMDIE/2026 | la participation de l’AMDIE à des salons à l’international.....
2026-07-19 18:57:30,393 - INFO -   ✅ 8 résultats (Total: 8)
2026-07-19 18:57:43,306 - INFO - 
==================================================
2026-07-19 18:57:43,310 - INFO - 📄 PAGE 2/13338
2026-07-19 18:57:43,320 - INFO - ==================================================
2026-07-19 18:57:43,686 - INFO -   🌐 Détail: 1025030
2026-07-19 18:57:50,681 - INFO -   🔗 Lien trouvé (picto-link)
2026-07-19 18:57:53,471 - INFO -   📤 PDF uploadé: Extrait du PV Consult Arch 13-2026.pdf
2026-07-19 18:57:53,474 - INFO -   ✅ PDF uploadé: Extrait du PV Consult Arch 13-2026.pdf (72.4 KB)
2026-07-19 18:57:53,478 - INFO -   [9] 📥 13/2026 | LA CONCEPTION ARCHITECTURALE ET LE SUIVI DES TRAVAUX DE RECO...
2026-07-19 18:57:53,511 - INFO -   🌐 Détail: 1025018
2026-07-19 18:57:54,260 - ERROR - Future exception was never retrieved
future: <Future finished exception=TargetClosedError('Target page, context or browser has been closed')>
playwright._impl._errors.TargetClosedError: Target page, context or browser has been closed
2026-07-19 18:57:54,261 - ERROR - Future exception was never retrieved
future: <Future finished exception=TargetClosedError('Target page, context or browser has been closed')>
playwright._impl._errors.TargetClosedError: Target page, context or browser has been closed
2026-07-19 19:08:16,245 - INFO - ✅ Supabase connecté: https://uxriscdyynjmhazmrvhr.supabase.co
2026-07-19 19:08:16,246 - INFO - 📋 Table: results_ao
2026-07-19 19:08:16,246 - INFO - 📦 Bucket: pdf_ao
2026-07-19 19:08:17,292 - INFO - 📊 0 références déjà en base
2026-07-19 19:08:17,293 - INFO - ============================================================
2026-07-19 19:08:17,295 - INFO - 🚀 Démarrage du scraping des résultats AO
2026-07-19 19:08:17,297 - INFO - 📅 Date début: 01/01/2024
2026-07-19 19:08:17,298 - INFO - 📅 Date fin: 19/07/2026
2026-07-19 19:08:17,299 - INFO - 💾 Sauvegarde: IMMÉDIATE dans Supabase (results_ao)
2026-07-19 19:08:17,301 - INFO - ============================================================
2026-07-19 19:08:19,236 - INFO - 🌐 Navigation vers la page de recherche...
2026-07-19 19:08:32,413 - INFO - ✅ Page chargée
2026-07-19 19:08:32,415 - INFO - 📝 Remplissage du formulaire...
2026-07-19 19:08:32,570 - INFO -   Date début: 01/01/2024
2026-07-19 19:08:32,609 - INFO -   Date fin: 19/07/2026
2026-07-19 19:08:33,620 - INFO - 🔍 Lancement de la recherche...
2026-07-19 19:08:37,180 - WARNING - 
⚠️ Scraping interrompu par l'utilisateur
2026-07-19 19:08:38,479 - ERROR - Future exception was never retrieved
future: <Future finished exception=TargetClosedError('Target page, context or browser has been closed')>
playwright._impl._errors.TargetClosedError: Target page, context or browser has been closed
2026-07-19 19:08:38,481 - ERROR - Future exception was never retrieved
future: <Future finished exception=TargetClosedError('Target page, context or browser has been closed')>
playwright._impl._errors.TargetClosedError: Target page, context or browser has been closed
2026-07-19 19:08:38,482 - ERROR - Future exception was never retrieved
future: <Future finished exception=TargetClosedError('Target page, context or browser has been closed')>
playwright._impl._errors.TargetClosedError: Target page, context or browser has been closed
2026-07-19 19:08:38,483 - ERROR - Future exception was never retrieved
future: <Future finished exception=TargetClosedError('Target page, context or browser has been closed')>
playwright._impl._errors.TargetClosedError: Target page, context or browser has been closed
2026-07-19 19:08:38,507 - ERROR - Future exception was never retrieved
future: <Future finished exception=TargetClosedError('Target page, context or browser has been closed')>
playwright._impl._errors.TargetClosedError: Target page, context or browser has been closed
2026-07-19 19:13:24,984 - INFO - ✅ Supabase connecté: https://uxriscdyynjmhazmrvhr.supabase.co
2026-07-19 19:13:24,985 - INFO - 📋 Table: results_ao
2026-07-19 19:13:24,985 - INFO - 📦 Bucket: pdf_ao
2026-07-19 19:13:25,814 - INFO - 📊 0 références déjà en base
2026-07-19 19:13:25,816 - INFO - ============================================================
2026-07-19 19:13:25,818 - INFO - 🚀 Démarrage du scraping des résultats AO
2026-07-19 19:13:25,820 - INFO - 📅 Date début: 01/01/2024
2026-07-19 19:13:25,821 - INFO - 📅 Date fin: 19/07/2026
2026-07-19 19:13:25,822 - INFO - 💾 Sauvegarde: IMMÉDIATE dans Supabase (results_ao)
2026-07-19 19:13:25,823 - INFO - ============================================================
2026-07-19 19:13:27,002 - INFO - 🌐 Navigation vers la page de recherche...
2026-07-19 19:13:35,993 - INFO - ✅ Page chargée
2026-07-19 19:13:35,994 - INFO - 📝 Remplissage du formulaire...
2026-07-19 19:13:36,139 - INFO -   Date début: 01/01/2024
2026-07-19 19:13:36,177 - INFO -   Date fin: 19/07/2026
2026-07-19 19:13:37,191 - INFO - 🔍 Lancement de la recherche...
2026-07-19 19:13:51,979 - INFO - ✅ Résultats chargés
2026-07-19 19:13:52,012 - INFO - 📊 Nombre total de pages: 13338
2026-07-19 19:13:52,013 - INFO - 
📄 Début du scan (13338 pages)...

2026-07-19 19:13:52,013 - INFO - 
==================================================
2026-07-19 19:13:52,014 - INFO - 📄 PAGE 1/13338
2026-07-19 19:13:52,014 - INFO - ==================================================
2026-07-19 19:14:06,100 - INFO -   [1] 📥 10/PUITK/2026 | Travaux d’achèvement d’un amphithéâtre à la faculté des scie...
2026-07-19 19:14:22,062 - WARNING -   ⚠️ Upload échoué: 400
2026-07-19 19:14:22,600 - INFO -   [2] ❌ 29/2026/DGR | TRAVAUX D’ENTRETIEN DES RESEAUX D’IRRIGATION GRAVITAIRE EN C...
2026-07-19 19:14:22,615 - INFO -   [3] ⏭️ 29/2026/DGR - déjà en base
2026-07-19 19:14:31,779 - INFO -   [3] 📥 08/MDA/2026 | Animation des réseaux sociaux et sponsoring des publications...
2026-07-19 19:14:41,726 - INFO -   [4] 📥 TO1130326/2026/ONEEBELEC | Fourniture et installation des climatiseurs pour les sites d...
2026-07-19 19:14:52,077 - INFO -   [5] 📥 TO2130322/2026/ONEEBELEC | Abattage et élagage des arbres sous et au voisinage des lign...
2026-07-19 19:15:04,187 - INFO -   [6] 📥 09/PUITK/2026 | Travaux d’aménagement et d’installation d’une charpente méta...
2026-07-19 19:15:15,453 - INFO -   [7] 📥 1/2026 | LA CONCEPTION ARCHITECTURALE ET LE SUIVI DES TRAVAUX DE CONS...
2026-07-19 19:15:25,320 - WARNING -   ⚠️ Upload échoué: 400
2026-07-19 19:15:25,755 - INFO -   [8] ❌ 29/AMDIE/2026 | la participation de l’AMDIE à des salons à l’international.....
2026-07-19 19:15:35,649 - INFO -   [9] 📥 16/2026 | LA CONCEPTION ARCHITECTURALE ET LE SUIVI DES TRAVAUX DE CONS...
2026-07-19 19:15:35,651 - INFO -   ✅ 9 résultats sauvegardés (Total: 9)
2026-07-19 19:15:48,189 - INFO - 
==================================================
2026-07-19 19:15:48,191 - INFO - 📄 PAGE 2/13338
2026-07-19 19:15:48,193 - INFO - ==================================================
2026-07-19 19:15:58,213 - INFO -   [10] 📥 13/2026 | LA CONCEPTION ARCHITECTURALE ET LE SUIVI DES TRAVAUX DE RECO...
2026-07-19 19:16:08,066 - INFO -   [11] 📥 14/2026 | LA CONCEPTION ARCHITECTURALE ET LE SUIVI DES TRAVAUX DE RECO...
2026-07-19 19:16:19,064 - INFO -   [12] 📥 31/2026/ABHGZR | Achat de fourniture et produits pour le matériel informatiqu...
2026-07-19 19:16:40,753 - INFO -   [13] 📥 16/AOO/DPMR/ANP/2026 | FOURNITURE DE BUREAU ET CONSOMMABLE INFORMATIQUE A L’AGENCE ...
2026-07-19 19:16:51,890 - INFO -   [14] 📥 48/2026/S2A | Réalisation des prestations d’études géotechniques, de contr...
2026-07-19 19:16:53,213 - WARNING - 
⚠️ Scraping interrompu par l'utilisateur
2026-07-19 19:17:07,071 - ERROR - Future exception was never retrieved
future: <Future finished exception=TargetClosedError('Target page, context or browser has been closed')>
playwright._impl._errors.TargetClosedError: Target page, context or browser has been closed
2026-07-19 19:17:07,106 - ERROR - Future exception was never retrieved
future: <Future finished exception=TargetClosedError('Target page, context or browser has been closed')>
playwright._impl._errors.TargetClosedError: Target page, context or browser has been closed
2026-07-19 19:24:53,208 - INFO - ✅ Supabase connecté: https://uxriscdyynjmhazmrvhr.supabase.co
2026-07-19 19:24:53,209 - INFO - 📋 Table: results_ao
2026-07-19 19:24:53,209 - INFO - 📦 Bucket: pdf_ao
2026-07-19 19:24:54,079 - INFO - 📊 0 références déjà en base
2026-07-19 19:24:54,081 - INFO - ============================================================
2026-07-19 19:24:54,082 - INFO - 🚀 Démarrage du scraping des résultats AO
2026-07-19 19:24:54,084 - INFO - 📅 Date début: 01/01/2024
2026-07-19 19:24:54,084 - INFO - 📅 Date fin: 19/07/2026
2026-07-19 19:24:54,085 - INFO - 💾 Sauvegarde: IMMÉDIATE dans Supabase (results_ao)
2026-07-19 19:24:54,085 - INFO - ============================================================
2026-07-19 19:24:55,257 - INFO - 🌐 Navigation vers la page de recherche...
2026-07-19 19:25:08,075 - INFO - ✅ Page chargée
2026-07-19 19:25:08,076 - INFO - 📝 Remplissage du formulaire...
2026-07-19 19:25:08,228 - INFO -   Date début: 01/01/2024
2026-07-19 19:25:08,265 - INFO -   Date fin: 19/07/2026
2026-07-19 19:25:09,276 - INFO - 🔍 Lancement de la recherche...
2026-07-19 19:25:21,655 - INFO - ✅ Résultats chargés
2026-07-19 19:25:21,689 - INFO - 📊 Nombre total de pages: 13338
2026-07-19 19:25:21,690 - INFO - 
📄 Début du scan (13338 pages)...

2026-07-19 19:25:21,691 - INFO - 
==================================================
2026-07-19 19:25:21,691 - INFO - 📄 PAGE 1/13338
2026-07-19 19:25:21,691 - INFO - ==================================================
2026-07-19 19:25:34,791 - INFO -   [1] 📥 10/PUITK/2026 | Travaux d’achèvement d’un amphithéâtre à la faculté des scie...
2026-07-19 19:25:50,964 - WARNING -   ⚠️ Upload échoué (400): {"statusCode":"400","error":"InvalidKey","message":"Invalid key: 29_2026_DGR/Extrait de PV AO n°29-2026-DGR.pdf"}
2026-07-19 19:25:51,461 - INFO -   [2] ❌ 29/2026/DGR | TRAVAUX D’ENTRETIEN DES RESEAUX D’IRRIGATION GRAVITAIRE EN C...
2026-07-19 19:25:51,471 - INFO -   [3] ⏭️ 29/2026/DGR - déjà en base
2026-07-19 19:26:00,750 - INFO -   [3] 📥 08/MDA/2026 | Animation des réseaux sociaux et sponsoring des publications...
2026-07-19 19:26:09,821 - INFO -   [4] 📥 TO1130326/2026/ONEEBELEC | Fourniture et installation des climatiseurs pour les sites d...
2026-07-19 19:26:19,276 - INFO -   [5] 📥 TO2130322/2026/ONEEBELEC | Abattage et élagage des arbres sous et au voisinage des lign...
2026-07-19 19:26:30,700 - INFO -   [6] 📥 09/PUITK/2026 | Travaux d’aménagement et d’installation d’une charpente méta...
2026-07-19 19:26:42,853 - INFO -   [7] 📥 1/2026 | LA CONCEPTION ARCHITECTURALE ET LE SUIVI DES TRAVAUX DE CONS...
2026-07-19 19:26:53,541 - WARNING -   ⚠️ Upload échoué (400): {"statusCode":"400","error":"InvalidKey","message":"Invalid key: 29_AMDIE_2026/Résultat + Extrait de PV AO N°29AMDIE2026.pdf"}
2026-07-19 19:26:53,997 - INFO -   [8] ❌ 29/AMDIE/2026 | la participation de l’AMDIE à des salons à l’international.....
2026-07-19 19:27:03,966 - INFO -   [9] 📥 16/2026 | LA CONCEPTION ARCHITECTURALE ET LE SUIVI DES TRAVAUX DE CONS...
2026-07-19 19:27:03,970 - INFO -   ✅ 9 résultats sauvegardés (Total: 9)
2026-07-19 19:27:17,133 - INFO - 
==================================================
2026-07-19 19:27:17,134 - INFO - 📄 PAGE 2/13338
2026-07-19 19:27:17,134 - INFO - ==================================================
2026-07-19 19:27:23,361 - WARNING - 
⚠️ Scraping interrompu par l'utilisateur
2026-07-19 19:27:23,780 - ERROR - Future exception was never retrieved
future: <Future finished exception=TargetClosedError('Target page, context or browser has been closed')>
playwright._impl._errors.TargetClosedError: Target page, context or browser has been closed
2026-07-19 19:27:23,807 - ERROR - Future exception was never retrieved
future: <Future finished exception=TargetClosedError('Target page, context or browser has been closed')>
playwright._impl._errors.TargetClosedError: Target page, context or browser has been closed
2026-07-19 19:30:08,598 - INFO - ✅ Supabase connecté: https://uxriscdyynjmhazmrvhr.supabase.co
2026-07-19 19:30:08,599 - INFO - 📋 Table: results_ao
2026-07-19 19:30:08,599 - INFO - 📦 Bucket: pdf_ao
2026-07-19 19:30:09,459 - INFO - 📊 0 références déjà en base
2026-07-19 19:30:09,461 - INFO - ============================================================
2026-07-19 19:30:09,462 - INFO - 🚀 Démarrage du scraping des résultats AO
2026-07-19 19:30:09,464 - INFO - 📅 Date début: 01/01/2024
2026-07-19 19:30:09,466 - INFO - 📅 Date fin: 19/07/2026
2026-07-19 19:30:09,467 - INFO - 💾 Sauvegarde: IMMÉDIATE dans Supabase (results_ao)
2026-07-19 19:30:09,467 - INFO - ============================================================
2026-07-19 19:30:15,600 - INFO - 🌐 Navigation vers la page de recherche...
2026-07-19 19:30:25,228 - INFO - ✅ Page chargée
2026-07-19 19:30:25,230 - INFO - 📝 Remplissage du formulaire...
2026-07-19 19:30:25,379 - INFO -   Date début: 01/01/2024
2026-07-19 19:30:25,417 - INFO -   Date fin: 19/07/2026
2026-07-19 19:30:26,430 - INFO - 🔍 Lancement de la recherche...
2026-07-19 19:31:01,597 - INFO - ✅ Résultats chargés
2026-07-19 19:31:01,655 - INFO - 📊 Nombre total de pages: 13338
2026-07-19 19:31:01,655 - INFO - 
📄 Début du scan (13338 pages)...

2026-07-19 19:31:01,656 - INFO - 
==================================================
2026-07-19 19:31:01,656 - INFO - 📄 PAGE 1/13338
2026-07-19 19:31:01,657 - INFO - ==================================================
2026-07-19 19:31:15,839 - INFO -   [1] 📥 10/PUITK/2026 | Travaux d’achèvement d’un amphithéâtre à la faculté des scie...
2026-07-19 19:31:33,183 - INFO -   [2] 📥 29/2026/DGR | TRAVAUX D’ENTRETIEN DES RESEAUX D’IRRIGATION GRAVITAIRE EN C...
2026-07-19 19:31:33,198 - INFO -   [3] ⏭️ 29/2026/DGR - déjà en base
2026-07-19 19:31:41,856 - INFO -   [3] 📥 08/MDA/2026 | Animation des réseaux sociaux et sponsoring des publications...
2026-07-19 19:31:51,068 - INFO -   [4] 📥 TO1130326/2026/ONEEBELEC | Fourniture et installation des climatiseurs pour les sites d...
2026-07-19 19:32:00,806 - INFO -   [5] 📥 TO2130322/2026/ONEEBELEC | Abattage et élagage des arbres sous et au voisinage des lign...
2026-07-19 19:32:13,174 - INFO -   [6] 📥 09/PUITK/2026 | Travaux d’aménagement et d’installation d’une charpente méta...
2026-07-19 19:32:24,125 - INFO -   [7] 📥 1/2026 | LA CONCEPTION ARCHITECTURALE ET LE SUIVI DES TRAVAUX DE CONS...
2026-07-19 19:32:34,555 - INFO -   [8] 📥 29/AMDIE/2026 | la participation de l’AMDIE à des salons à l’international.....
2026-07-19 19:32:43,311 - INFO -   [9] 📥 16/2026 | LA CONCEPTION ARCHITECTURALE ET LE SUIVI DES TRAVAUX DE CONS...
2026-07-19 19:32:43,312 - INFO -   ✅ 9 résultats sauvegardés (Total: 9, PDF: 9)
2026-07-19 19:32:55,879 - INFO - 
==================================================
2026-07-19 19:32:55,882 - INFO - 📄 PAGE 2/13338
2026-07-19 19:32:55,886 - INFO - ==================================================
2026-07-19 19:33:05,876 - INFO -   [10] 📥 13/2026 | LA CONCEPTION ARCHITECTURALE ET LE SUIVI DES TRAVAUX DE RECO...
2026-07-19 19:33:15,528 - INFO -   [11] 📥 14/2026 | LA CONCEPTION ARCHITECTURALE ET LE SUIVI DES TRAVAUX DE RECO...
2026-07-19 19:33:26,434 - INFO -   [12] 📥 31/2026/ABHGZR | Achat de fourniture et produits pour le matériel informatiqu...
2026-07-19 19:33:47,080 - INFO -   [13] 📥 16/AOO/DPMR/ANP/2026 | FOURNITURE DE BUREAU ET CONSOMMABLE INFORMATIQUE A L’AGENCE ...
2026-07-19 19:33:58,833 - INFO -   [14] 📥 48/2026/S2A | Réalisation des prestations d’études géotechniques, de contr...
2026-07-19 19:34:16,712 - INFO -   [15] 📥 18/AOO/DPMR/ANP/2026 | LA MAINTENANCE DES EQUIPEMENTS DE SÛRETE AU PORT DE MOHAMMED...
2026-07-19 19:34:47,812 - INFO -   [16] 📥 19/AOO/DPMR/ANP/2026 | FOURNITURE ET INSTALLATION DES CLIMATISEURS POUR LE DEPARTEM...
2026-07-19 19:35:02,391 - INFO -   [17] 📥 23/2026/EACCE | l’achat de matériel informatique...l’achat de matériel infor...
2026-07-19 19:35:14,192 - INFO -   [18] 📥 15/TRAV/DRCDT/2026 | TRAVAUX D’INSTALLATION DES ÉQUIPEMENTS TECHNIQUES AU PROFIT ...
2026-07-19 19:35:23,530 - INFO -   [19] 📥 25/2026 | Etude technique de collecte des eaux pluviales au niveau des...
2026-07-19 19:35:23,530 - INFO -   ✅ 10 résultats sauvegardés (Total: 19, PDF: 19)
2026-07-19 19:35:37,535 - INFO - 
==================================================
2026-07-19 19:35:37,537 - INFO - 📄 PAGE 3/13338
2026-07-19 19:35:37,539 - INFO - ==================================================
2026-07-19 19:35:59,091 - INFO -   [20] 📥 01/2026/INCVT | Achat et installation des mobiliers de bureaux pour le compt...
2026-07-19 19:35:59,095 - INFO -   [2] ⏭️ 01/2026/INCVT - déjà en base
2026-07-19 19:35:59,098 - INFO -   [3] ⏭️ 23/2026/EACCE - déjà en base
2026-07-19 19:36:13,146 - INFO -   [21] 📥 31/2026/EACCE | la participation de l’EACCE aux salons ISM MIDDLE EAST qui s...
2026-07-19 19:36:13,152 - INFO -   [5] ⏭️ 31/2026/EACCE - déjà en base
2026-07-19 19:36:35,805 - INFO -   [22] 📥 19/2026/DRAIRSK/BG | LA FOURNITURE ET POSE DES ASPIRATEURS 
POUR DES MOSQUÉES DAN...
2026-07-19 19:36:35,816 - INFO -   [7] ⏭️ 19/2026/DRAIRSK/BG - déjà en base
2026-07-19 19:36:47,197 - INFO -   [23] 📥 52/2026/SOREC | Mise en œuvre du plan de formation annuel au profit des coll...
2026-07-19 19:37:03,149 - INFO -   [24] 📥 10/BET/DRAIRSK/BG/2026 | l’élaboration des études techniques et le suivi des travaux ...
2026-07-19 19:37:03,162 - INFO -   [10] ⏭️ 52/2026/SOREC - déjà en base
2026-07-19 19:37:03,164 - INFO -   ✅ 5 résultats sauvegardés (Total: 24, PDF: 24)
2026-07-19 19:37:17,543 - INFO - 
==================================================
2026-07-19 19:37:17,545 - INFO - 📄 PAGE 4/13338
2026-07-19 19:37:17,546 - INFO - ==================================================
2026-07-19 19:37:17,868 - INFO -   [1] ⏭️ 10/BET/DRAIRSK/BG/2026 - déjà en base
2026-07-19 19:37:28,393 - INFO -   [25] 📥 GN4130621/2026/AGS/DXG | PRESTATION DE SUPERVISION DES VISITES SYSTÉMATIQUES  12 000 ...
2026-07-19 19:37:43,504 - INFO -   [26] 📥 27/2026/EACCE | l’entretien des espaces verts au niveau du siège de l’EACCE....
2026-07-19 19:37:43,516 - INFO -   [4] ⏭️ 27/2026/EACCE - déjà en base
2026-07-19 19:38:10,082 - INFO -   [27] 📥 07/DAAF/BG/2026 | ACQUISITION DE MATERIEL SCIENTIFIQUE D’OBSERVATION MICROSCOP...
2026-07-19 19:38:21,714 - INFO -   [28] 📥 17/2026/BR | FOURNITURE, INSTALLATION ET MISE EN SERVICE DE DEUX (02) STA...
2026-07-19 19:38:21,729 - INFO -   [7] ⏭️ 17/2026/BR - déjà en base
2026-07-19 19:38:31,586 - INFO -   [29] 📥 19/2026/ANDA | Réalisation de vidéos 3D immersives pour la communication in...
2026-07-19 19:39:29,140 - INFO -   [30] 📥 AC02/2026/SAPP | Achat des produits pharmaceutiques spécifiques....Achat des ...
2026-07-19 19:39:52,937 - INFO -   [31] 📥 10/2026 | ETUDE POUR L’IDENTIFICATION ET L’ELABORATION DES NOUVEAUX PR...
2026-07-19 19:39:52,939 - INFO -   ✅ 7 résultats sauvegardés (Total: 31, PDF: 31)
2026-07-19 19:40:07,531 - INFO - 
==================================================
2026-07-19 19:40:07,531 - INFO - 📄 PAGE 5/13338
2026-07-19 19:40:07,532 - INFO - ==================================================
2026-07-19 19:40:07,836 - INFO -   [1] ⏭️ 10/2026 - déjà en base
2026-07-19 19:40:25,685 - INFO -   [32] 📥 AOOS10/2026/PSSKENITRA | la maintenance des agencements et installations techniques e...
2026-07-19 19:40:57,846 - INFO -   [33] 📥 51AOM/SNRT/2026 | Lot n°1 : Fourniture des modules et pièces de rechange pour ...
2026-07-19 19:41:45,638 - INFO -   [34] 📥 AONS05/2026/DRKK | prestation d’entretien et de maintenance de l'ascenseur de l...
2026-07-19 19:41:55,505 - INFO -   [35] 📥 12/2026/ANDA | Mise en place d’un système de gestion et dépôt des dossiers ...
2026-07-19 19:42:12,752 - INFO -   [36] 📥 26T033/PLGV | Travaux de raccordement au réseau 60 kV ONEE de sous-station...
2026-07-19 19:42:31,064 - INFO -   [37] 📥 029/26/AOO/ONDA | Fourniture et remplacement des batteries des onduleurs du Pô...
2026-07-19 19:42:46,502 - INFO -   [38] 📥 009/26/AOO/ONDA | Entretien des espaces verts de l'Aéroport Tétouan Saniat R'M...
2026-07-19 19:43:05,349 - INFO -   [39] 📥 097/26/AOO/ONDA | Prestation de gestion, de recyclage des chariots à bagages e...
2026-07-19 19:43:14,809 - INFO -   [40] 📥 38/2026/SAD/GSTTTA | La réparation de l’IRM de marque GE installée à l’Hôpital Un...
2026-07-19 19:43:14,811 - INFO -   ✅ 9 résultats sauvegardés (Total: 40, PDF: 40)
2026-07-19 19:43:27,552 - INFO - 
==================================================
2026-07-19 19:43:27,556 - INFO - 📄 PAGE 6/13338
2026-07-19 19:43:27,558 - INFO - ==================================================
2026-07-19 19:43:45,272 - INFO -   [41] 📥 25/2026/EACCE | l’achat de voitures de service...l’achat de voitures de serv...
2026-07-19 19:43:45,290 - INFO -   [2] ⏭️ 25/2026/EACCE - déjà en base
2026-07-19 19:44:04,502 - INFO -   [42] 📥 12/BG/2026 | ACHAT DE MATÉRIEL ET MOBILIER DE BUREAU, MATÉRIEL INFORMATIQ...
2026-07-19 19:44:19,371 - INFO -   [43] 📥 142DR5/2025 | Acquisition et installation des groupes de pompage pour les ...
2026-07-19 19:44:19,397 - INFO -   [5] ⏭️ 12/BG/2026 - déjà en base
2026-07-19 19:45:20,060 - ERROR -   ❌ Upload erreur: ('Connection aborted.', ConnectionResetError(10054, 'Une connexion existante a dû être fermée par l’hôte distant', None, 10054, None))
2026-07-19 19:45:25,821 - INFO -   [44] ❌ 03/CAO/2026 | Prestations de gardiennage et de surveillance des locaux adm...
2026-07-19 19:45:25,843 - INFO -   [7] ⏭️ 03/CAO/2026 - déjà en base
2026-07-19 19:46:15,776 - INFO -   [45] 📥 08/2026 | l’achat de réactifs  et consommables de laboratoires avec mi...
2026-07-19 19:46:50,619 - INFO -   [46] 📥 32/2026/CMR | Transport collectif du personnel de la Caisse Marocaine des ...
2026-07-19 19:46:50,637 - INFO -   [10] ⏭️ 08/2026 - déjà en base
2026-07-19 19:46:50,638 - INFO -   ✅ 6 résultats sauvegardés (Total: 46, PDF: 45)
2026-07-19 19:47:09,013 - INFO - 
==================================================
2026-07-19 19:47:09,018 - INFO - 📄 PAGE 7/13338
2026-07-19 19:47:09,019 - INFO - ==================================================
2026-07-19 19:47:09,495 - INFO -   [1] ⏭️ 32/2026/CMR - déjà en base
2026-07-19 19:47:23,711 - INFO -   [47] 📥 05/2026 | Achat de fourniture (toners) de matériel informatique pour l...
2026-07-19 19:47:41,958 - INFO -   [48] 📥 18/2026/APDS | Travaux d’achèvement de la piscine à la commune de Fam El Hi...
2026-07-19 19:47:54,779 - INFO -   [49] 📥 04/2026 | L'entretien et le nettoyage des bâtiments administratifs des...
2026-07-19 19:47:54,789 - INFO -   [5] ⏭️ 04/2026 - déjà en base
2026-07-19 19:47:54,807 - INFO -   [6] ⏭️ 05/2026 - déjà en base
2026-07-19 19:48:05,119 - INFO -   [50] 📥 AO/105/2026 | AMÉNAGEMENT DE LA PLACE PUBLIQUE N°01 DANS LA COMMUNE DE RIB...
2026-07-19 19:48:23,712 - INFO -   [51] 📥 06/rvv/2026 | Entretien des Fontaines et leurs équipements au Parc Hassan ...
2026-07-19 19:48:34,533 - INFO -   [52] 📥 23/2026/SAD/GSTTTA | l’achat d’outillage et quincaillerie de Maintenance biomédic...
2026-07-19 19:48:34,560 - INFO -   [10] ⏭️ 06/rvv/2026 - déjà en base
2026-07-19 19:48:34,563 - INFO -   ✅ 6 résultats sauvegardés (Total: 52, PDF: 51)
2026-07-19 19:48:49,822 - INFO - 
==================================================
2026-07-19 19:48:49,825 - INFO - 📄 PAGE 8/13338
2026-07-19 19:48:49,828 - INFO - ==================================================
2026-07-19 19:49:04,427 - INFO -   [53] 📥 03/2026 | Impression des articles personnalisés destinés au Ministère ...
2026-07-19 19:49:21,755 - INFO -   [54] 📥 24/2026/BP | Contrôle de qualité des travaux de construction de la piste ...
2026-07-19 19:49:21,780 - INFO -   [3] ⏭️ 03/2026 - déjà en base
2026-07-19 19:49:38,725 - INFO -   [55] 📥 23/2026/BP | Assistance technique aux travaux de construction de la piste...
2026-07-19 19:49:53,681 - INFO -   [56] 📥 54/2026/DRSPSFM | Prestation de laboratoire pour le contrôle de la qualité des...
2026-07-19 19:49:53,689 - INFO -   [6] ⏭️ 54/2026/DRSPSFM - déjà en base
2026-07-19 19:50:10,789 - INFO -   [57] 📥 25/2026/BP | Contrôle topographique des travaux de construction de la pis...
2026-07-19 19:50:22,558 - INFO -   [58] 📥 22/2026/BP | Travaux de construction de la piste reliant la rocade Fès - ...
2026-07-19 19:50:35,872 - INFO -   [59] 📥 39/2026/DRSPSFM | Prestation de laboratoire pour le contrôle de la qualité des...
2026-07-19 19:50:35,879 - INFO -   [10] ⏭️ 39/2026/DRSPSFM - déjà en base
2026-07-19 19:50:35,880 - INFO -   ✅ 7 résultats sauvegardés (Total: 59, PDF: 58)
2026-07-19 19:50:48,831 - INFO - 
==================================================
2026-07-19 19:50:48,834 - INFO - 📄 PAGE 9/13338
2026-07-19 19:50:48,838 - INFO - ==================================================
2026-07-19 19:51:00,855 - INFO -   [60] 📥 18/2026 | ETUDES TECHNIQUES ET SUIVI DES TRAVAUX D’AMENAGEMENT DU BÂTI...
2026-07-19 19:51:18,538 - INFO -   [61] 📥 03/BI/2026/ENA | Acquisition de rayonnage pour le compte de l’Ecole Nationale...
2026-07-19 19:51:31,432 - INFO -   [62] 📥 13/2026/CUI | Gestion déléguée de l’abattoir communal à IMINTANOUT....Gest...
2026-07-19 19:51:31,479 - INFO -   [4] ⏭️ 14/2026 - déjà en base
2026-07-19 19:52:21,962 - INFO -   [63] 📥 01/2026 | LA COLLECTE, L’ENLEVEMENT ET LE TRAITEMENT DES DECHETS MEDIC...
2026-07-19 19:52:21,975 - INFO -   [6] ⏭️ 13/2026 - déjà en base
2026-07-19 19:52:39,241 - INFO -   [64] 📥 12/2026 | PC 2026 : Fourniture des produits d’alimentation pour le per...
2026-07-19 19:52:53,772 - INFO -   [65] 📥 12/2026/CUI | TRAVAUX D’AMENAGEMENT DES VOIES DE LA VILLE EN DEUX  (02) LO...
2026-07-19 19:53:05,662 - INFO -   [66] 📥 14/2023/SDRL | Travaux d'aménagement extérieur du siège de la cour d’appel ...
2026-07-19 19:53:17,036 - INFO -   [67] 📥 29/2026 | Achat de matériel de bureau pour le compte du tribunal de fa...
2026-07-19 19:53:17,042 - INFO -   ✅ 8 résultats sauvegardés (Total: 67, PDF: 66)
2026-07-19 19:53:31,495 - INFO - 
==================================================
2026-07-19 19:53:31,498 - INFO - 📄 PAGE 10/13338
2026-07-19 19:53:31,500 - INFO - ==================================================
2026-07-19 19:53:45,830 - INFO -   [68] 📥 05/26/CAS | Location de voiture utilitaires pour le compte de l'Arrondis...
2026-07-19 19:54:04,874 - INFO -   [69] 📥 7/2026CHPSEFROU | l’achat de matériel de couchage pour le CHP Mohamed v sefrou...
2026-07-19 19:54:04,909 - INFO -   [3] ⏭️ 7/2026CHPSEFROU - déjà en base
2026-07-19 19:54:24,531 - INFO -   [70] 📥 18/SAM/BG/2026 | CONCEPTION ET IMPRESSION D’AGENDA, DE CARTE DE VISITE , DE  ...
2026-07-19 19:54:24,534 - INFO -   [5] ⏭️ 18/SAM/BG/2026 - déjà en base
2026-07-19 19:55:05,512 - INFO -   [71] 📥 03/2026/CFRN | La réalisation des prestations de Restauration et Pause-Café...
2026-07-19 19:55:05,538 - INFO -   [7] ⏭️ 16/2026 - déjà en base
2026-07-19 19:55:18,989 - INFO -   [72] 📥 093/26/AOO/ONDA | Fourniture et équipement de bureau pour l’O.N.D.A....Fournit...
2026-07-19 19:55:19,016 - INFO -   [9] ⏭️ 05/2026 - déjà en base
2026-07-19 19:55:28,835 - INFO -   [73] ❌ 22AOM/SNRT/2026 | Lot N°01 : Fourniture et installation du matériel de bureau ...
2026-07-19 19:55:28,835 - INFO -   ✅ 6 résultats sauvegardés (Total: 73, PDF: 71)
2026-07-19 19:55:42,258 - INFO - 
==================================================
2026-07-19 19:55:42,260 - INFO - 📄 PAGE 11/13338
2026-07-19 19:55:42,261 - INFO - ==================================================
2026-07-19 19:56:01,784 - INFO -   [74] 📥 32/INO/2026 | L'ACQUISITION DES ÉQUIPEMENTS BIOMÉDICAUX au profit de l'Ins...
2026-07-19 19:56:20,213 - INFO -   [75] 📥 06/2026/CHPKH | L’achat des produits biologiques et chimiques pour l’automat...
2026-07-19 19:56:20,242 - INFO -   [3] ⏭️ 16/2026 - déjà en base
2026-07-19 19:56:20,262 - INFO -   [4] ⏭️ 16/2026 - déjà en base
2026-07-19 19:57:21,864 - INFO -   [76] 📥 AON23/2026/ | ETUDE D’ELARGISSEMENT ET DU RENFORCEMENT ET DE RECTIFICATION...
2026-07-19 19:57:21,868 - INFO -   [6] ⏭️ 06/2026/CHPKH - déjà en base
2026-07-19 19:57:39,545 - INFO -   [77] 📥 13/2026/C.S | TRAVAUX D'AMENAGEMENT DES PLACES PUBLIQUE 01, 02, 03, 04 ET ...
2026-07-19 19:58:42,663 - INFO -   [78] 📥 03/2025/DRA_ESSD | Les prestations de gardiennage et de surveillance des bâtime...
2026-07-19 19:58:42,673 - INFO -   [9] ⏭️ 13/2026/C.S - déjà en base
2026-07-19 19:58:42,686 - INFO -   [10] ⏭️ 13/2026/C.S - déjà en base
2026-07-19 19:58:42,687 - INFO -   ✅ 5 résultats sauvegardés (Total: 78, PDF: 76)
2026-07-19 19:58:57,823 - INFO - 
==================================================
2026-07-19 19:58:57,826 - INFO - 📄 PAGE 12/13338
2026-07-19 19:58:57,828 - INFO - ==================================================
2026-07-19 19:58:58,365 - INFO -   [1] ⏭️ 13/2026/C.S - déjà en base
2026-07-19 19:59:19,392 - INFO -   [79] 📥 17/2026/APDS | Travaux d’achèvement du complexe touristique à la commune de...
2026-07-19 19:59:19,397 - INFO -   [3] ⏭️ 13/2026/C.S - déjà en base
2026-07-19 19:59:43,110 - INFO -   [80] 📥 85/ENSM/2026 | -	Prestations de gardiennage et de surveillance des locaux d...
2026-07-19 20:00:02,051 - INFO -   [81] 📥 15/2026 | TRAVAUX D’AMENAGEMENT DE LA PISCINE DU CENTRE SOCIO SPORTIF ...
2026-07-19 20:00:16,168 - INFO -   [82] 📥 07/2026/BG | Entretien et maintenance préventive et curative des installa...
2026-07-19 20:00:16,193 - INFO -   [7] ⏭️ 15/2026 - déjà en base
2026-07-19 20:00:16,223 - INFO -   [8] ⏭️ 13/2026/C.S - déjà en base
2026-07-19 20:00:37,076 - INFO -   [83] 📥 03/2026/DRI/RABAT | LA REALISATION DES TRAVAUX D’AMENAGEMENT DE L’IMMEUBLE DES I...
2026-07-19 20:00:37,102 - INFO -   [10] ⏭️ 13/2026/C.S - déjà en base
2026-07-19 20:00:37,107 - INFO -   ✅ 5 résultats sauvegardés (Total: 83, PDF: 81)
2026-07-19 20:00:52,330 - INFO - 
==================================================
2026-07-19 20:00:52,332 - INFO - 📄 PAGE 13/13338
2026-07-19 20:00:52,334 - INFO - ==================================================
2026-07-19 20:01:19,341 - INFO -   [84] 📥 78/2026 | TRAVAUX D’AMENAGEMENT D’UN LYCEE COLLEGIAL PIONNIER A LA CT ...
2026-07-19 20:01:43,842 - INFO -   [85] 📥 79/2026 | TRAVAUX D’AMENAGEMENT 02 DEUX LYCEES COLLEGIAUX PIONNIERS AU...
2026-07-19 20:01:43,873 - INFO -   [3] ⏭️ 13/2026/C.S - déjà en base
2026-07-19 20:02:01,922 - INFO -   [86] 📥 75/2026 | TRAVAUX D’AMENAGEMENT DE 06 SIX ECOLES PIONNIERES AUX CT AL ...
2026-07-19 20:02:01,932 - INFO -   [5] ⏭️ 13/2026/C.S - déjà en base
2026-07-19 20:02:21,243 - INFO -   [87] 📥 76/2026 | TRAVAUX D’AMENAGEMENT DE 02 DEUX LYCEES COLLEGIAUX PIONNIERS...
2026-07-19 20:02:40,458 - INFO -   [88] 📥 77/2026 | TRAVAUX D’AMENAGEMENT D’UN LYCEE COLLEGIAL PIONNIER A LA CT ...
2026-07-19 20:03:05,042 - INFO -   [89] 📥 71/2026 | TRAVAUX D’AMENAGEMENT DE 05 CINQ ECOLES PIONNIERES AUX CT CH...
2026-07-19 20:03:25,691 - INFO -   [90] 📥 72/2026 | TRAVAUX D’AMENAGEMENT DE 04 QUATRE ECOLES PIONNIERES AUX CT ...
2026-07-19 20:03:44,871 - INFO -   [91] 📥 73/2026 | TRAVAUX D’AMENAGEMENT DE 03 TROIS ECOLES PIONNIERES AUX CT I...
2026-07-19 20:03:44,872 - INFO -   ✅ 8 résultats sauvegardés (Total: 91, PDF: 89)
2026-07-19 20:03:57,631 - INFO - 
==================================================
2026-07-19 20:03:57,643 - INFO - 📄 PAGE 14/13338
2026-07-19 20:03:57,658 - INFO - ==================================================
2026-07-19 20:04:22,797 - INFO -   [92] 📥 05/FSJESS/2026 | Prestation d’entretien et de nettoyage des locaux de la Facu...
2026-07-19 20:04:39,076 - INFO -   [93] 📥 74/2026 | TRAVAUX D’AMENAGEMENT DE 07 SEPT ECOLES PIONNIERES A LA CT R...
2026-07-19 20:04:58,532 - INFO -   [94] 📥 69/226 | TRAVAUX D’AMENAGEMENT DE 05 CINQ ECOLES PIONNIERES AUX CT BN...
2026-07-19 20:05:15,953 - INFO -   [95] 📥 70/2026 | TRAVAUX D’AMENAGEMENT DE 08 HUIT ECOLES PIONNIERES AUX CT ZA...
2026-07-19 20:05:15,958 - INFO -   [5] ⏭️ 13/2026/C.S - déjà en base
2026-07-19 20:05:32,276 - INFO -   [96] 📥 67/2026 | TRAVAUX D’AMENAGEMENT DE 03 TROIS ECOLES PIONNIERES AUX CT A...
2026-07-19 20:05:53,150 - INFO -   [97] 📥 68/2026 | TRAVAUX D’AMENAGEMENT DE 05 CINQ ECOLES PIONNIERES AUX CT BN...
2026-07-19 20:06:08,647 - INFO -   [98] 📥 64/2026 | TRAVAUX D’AMENAGEMENT DE 02 DEUX ECOLES PIONNIERES A LA CT I...
2026-07-19 20:06:23,433 - INFO -   [99] 📥 65/2026 | TRAVAUX D’AMENAGEMENT DE 05 CINQ ECOLES PIONNIERES AUX CT IS...
2026-07-19 20:07:24,207 - ERROR -   ❌ Upload erreur: ('Connection aborted.', ConnectionResetError(10054, 'Une connexion existante a dû être fermée par l’hôte distant', None, 10054, None))
2026-07-19 20:07:24,970 - INFO -   [100] ❌ AOO/09/ANEPCEST/2026 | ETUDE GEOTECHNIQUE, RECEPTION DE FONDS DE FOUILLES ET CONTRO...
2026-07-19 20:07:24,975 - INFO -   ✅ 9 résultats sauvegardés (Total: 100, PDF: 97)
2026-07-19 20:07:40,778 - INFO - 
==================================================
2026-07-19 20:07:40,780 - INFO - 📄 PAGE 15/13338
2026-07-19 20:07:40,781 - INFO - ==================================================
2026-07-19 20:07:41,365 - INFO -   [1] ⏭️ 13/2026/C.S - déjà en base
2026-07-19 20:08:29,658 - ERROR -   ❌ Upload erreur: ('Connection aborted.', ConnectionResetError(10054, 'Une connexion existante a dû être fermée par l’hôte distant', None, 10054, None))
2026-07-19 20:08:33,273 - INFO -   [101] ❌ 66/2026 | TRAVAUX D’AMENAGEMENT DE 04 QUATRE ECOLES PIONNIERES AUX CT ...
2026-07-19 20:08:33,278 - INFO -   [3] ⏭️ 13/2026/C.S - déjà en base
2026-07-19 20:08:55,660 - INFO -   [102] 📥 62/2026 | TRAVAUX D’AMENAGEMENT DE 03 TROIS ECOLES PIONNIERES AUX CT I...
2026-07-19 20:09:18,017 - INFO -   [103] 📥 63/2026 | TRAVAUX D’AMENAGEMENT DE 02 DEUX ECOLES PIONNIERES AUX CT IM...
2026-07-19 20:09:18,042 - INFO -   [6] ⏭️ 13/2026/C.S - déjà en base
2026-07-19 20:09:18,059 - INFO -   [7] ⏭️ 13/2026/C.S - déjà en base
2026-07-19 20:09:33,078 - INFO -   [104] 📥 129/2026/CHUIS | l’externalisation de la collecte et le traitement des déchet...
2026-07-19 20:09:33,087 - INFO -   [9] ⏭️ 13/2026/C.S - déjà en base
2026-07-19 20:09:33,092 - INFO -   [10] ⏭️ 13/2026/C.S - déjà en base
2026-07-19 20:09:33,099 - INFO -   ✅ 4 résultats sauvegardés (Total: 104, PDF: 100)
2026-07-19 20:09:46,838 - INFO - 
==================================================
2026-07-19 20:09:46,839 - INFO - 📄 PAGE 16/13338
2026-07-19 20:09:46,840 - INFO - ==================================================
2026-07-19 20:09:47,506 - INFO -   [1] ⏭️ 13/2026/C.S - déjà en base
2026-07-19 20:09:47,511 - INFO -   [2] ⏭️ 13/2026/C.S - déjà en base
2026-07-19 20:09:47,517 - INFO -   [3] ⏭️ 14/2026 - déjà en base
2026-07-19 20:09:47,526 - INFO -   [4] ⏭️ 13/2026/C.S - déjà en base
2026-07-19 20:09:47,533 - INFO -   [5] ⏭️ 13/2026/C.S - déjà en base
2026-07-19 20:09:47,544 - INFO -   [6] ⏭️ 14/2026 - déjà en base
2026-07-19 20:09:47,550 - INFO -   [7] ⏭️ 16/2026 - déjà en base
2026-07-19 20:10:01,277 - INFO -   [105] 📥 AOOS09/2026/PSSKENITRA | l’achat de consommables médicaux d’ophtalmologie en lot uniq...
2026-07-19 20:10:01,288 - INFO -   [9] ⏭️ 16/2026 - déjà en base
2026-07-19 20:10:12,059 - INFO -   [106] 📥 06/CPTT/2026 | Etudes techniques et  suivi des travaux de construction d’un...
2026-07-19 20:10:12,090 - INFO -   ✅ 2 résultats sauvegardés (Total: 106, PDF: 102)
2026-07-19 20:10:27,990 - INFO - 
==================================================
2026-07-19 20:10:27,991 - INFO - 📄 PAGE 17/13338
2026-07-19 20:10:27,991 - INFO - ==================================================
2026-07-19 20:10:28,484 - INFO -   [1] ⏭️ 06/CPTT/2026 - déjà en base
2026-07-19 20:10:39,529 - INFO -   [107] 📥 05/CPTT/2026 | Etudes techniques et  suivi des travaux de construction d’un...
2026-07-19 20:10:39,534 - INFO -   [3] ⏭️ 05/CPTT/2026 - déjà en base
2026-07-19 20:10:51,369 - INFO -   [108] 📥 19/2026/DR5 | RENFORCEMENT DE L'AEP D'EL HAJEB A PARTIR DU BARRAGE DRISS 1...
2026-07-19 20:10:51,373 - INFO -   [5] ⏭️ 13/2026 - déjà en base
2026-07-19 20:11:03,053 - INFO -   [109] 📥 23/2026/BG | l’achèvement des travaux d'aménagement des bâtiments adminis...
2026-07-19 20:11:03,059 - INFO -   [7] ⏭️ 13/2026 - déjà en base
2026-07-19 20:11:21,337 - INFO -   [110] 📥 25/2026/BG | Travaux d'entretien des logements administratifs à la Provin...
2026-07-19 20:11:21,343 - INFO -   [9] ⏭️ 03/2026 - déjà en base
2026-07-19 20:11:31,790 - INFO -   [111] 📥 55/2026/DRSPSFM | Contrôle et optimisation des études techniques et contrôle d...
2026-07-19 20:11:31,801 - INFO -   ✅ 5 résultats sauvegardés (Total: 111, PDF: 107)
2026-07-19 20:11:44,489 - INFO - 
==================================================
2026-07-19 20:11:44,490 - INFO - 📄 PAGE 18/13338
2026-07-19 20:11:44,491 - INFO - ==================================================
2026-07-19 20:11:45,272 - INFO -   [1] ⏭️ 55/2026/DRSPSFM - déjà en base
2026-07-19 20:11:45,310 - INFO -   [2] ⏭️ 03/2026 - déjà en base
2026-07-19 20:11:55,379 - INFO -   [112] 📥 50/2026/DRSPSFM | Contrôle et optimisation des études techniques et contrôle d...
2026-07-19 20:11:55,384 - INFO -   [4] ⏭️ 05/2026 - déjà en base
2026-07-19 20:11:55,403 - INFO -   [5] ⏭️ 50/2026/DRSPSFM - déjà en base
2026-07-19 20:12:06,221 - INFO -   [113] 📥 04/2026/COM | TRAVAUX DE TRANSFORMATION D UN FORAGE DE RECONNAISSANCE EN F...
2026-07-19 20:12:06,226 - INFO -   [7] ⏭️ 03/2026 - déjà en base
2026-07-19 20:12:16,359 - INFO -   [114] 📥 17/2026 | ETUDES TECHNIQUES ET SUIVI DES TRAVAUX DE CONSTRUCTION D'UN ...
2026-07-19 20:12:41,242 - INFO -   [115] 📥 16/DRAI/BG/2026 | FOURNITURE DES MATERIELS AUDIOVISUELS À DES ECOLES D'ENSEIGN...
2026-07-19 20:12:41,249 - INFO -   [10] ⏭️ 15/2026 - déjà en base
2026-07-19 20:12:41,249 - INFO -   ✅ 4 résultats sauvegardés (Total: 115, PDF: 111)
2026-07-19 20:12:53,764 - INFO - 
==================================================
2026-07-19 20:12:53,766 - INFO - 📄 PAGE 19/13338
2026-07-19 20:12:53,773 - INFO - ==================================================
2026-07-19 20:13:05,458 - INFO -   [116] 📥 28DR1/CI/2026 | Mise à niveau de la station de reprise Tiwrar de refoulement...
2026-07-19 20:13:05,465 - INFO -   [2] ⏭️ 10/2026 - déjà en base
2026-07-19 20:13:18,361 - INFO -   [117] 📥 108/2026/ADHA | TRAVAUX ALIMENTATION EN EAU POTABLE ET D’ASSAINISSEMENT DES ...
2026-07-19 20:13:18,367 - INFO -   [4] ⏭️ 10/2026 - déjà en base
2026-07-19 20:13:28,834 - INFO -   [118] 📥 23DR3/2026 | Réalisation de panneaux thématiques d’inauguration des proje...
2026-07-19 20:13:44,355 - INFO -   [119] 📥 108/2026/CHUIS | ACHAT DE FONGIBLES MEDICAUX DESTINES AUX DIVERS ETABLISSEMEN...
2026-07-19 20:13:44,371 - INFO -   [7] ⏭️ 38/2026/SAD/GSTTTA - déjà en base
2026-07-19 20:13:57,838 - INFO -   [120] 📥 31/2026 | REALISATION D’UN LEVE DE GEOPHYSIQUE AEROPORTEE (MOBILE MT O...
2026-07-19 20:14:14,329 - INFO -   [121] 📥 107/2026/CHUIS | ACHAT DE  FONGIBLES MEDICAUX DESTINES  AUX DIVERS ETABLISSEM...
2026-07-19 20:14:14,335 - INFO -   [10] ⏭️ 12/2026/ANDA - déjà en base
2026-07-19 20:14:14,341 - INFO -   ✅ 6 résultats sauvegardés (Total: 121, PDF: 117)
2026-07-19 20:14:28,500 - INFO - 
==================================================
2026-07-19 20:14:28,509 - INFO - 📄 PAGE 20/13338
2026-07-19 20:14:28,510 - INFO - ==================================================
2026-07-19 20:14:41,755 - INFO -   [122] 📥 49DR5/2026 | ACQUISITION D’APPAREILS SCIENTIFIQUES DE LABORATOIRES RURAL....
2026-07-19 20:14:52,998 - INFO -   [123] 📥 O/192/26 | Travaux divers d’exploitation du réseau de distribution d’ea...
2026-07-19 20:15:07,578 - INFO -   [124] 📥 C/175/26 | DETECTION DES FRAUDES AU NIVEAU DES RESEAUX DE DISTRIBUTION ...
2026-07-19 20:15:07,583 - INFO -   [4] ⏭️ C/175/26 - déjà en base
2026-07-19 20:15:18,923 - INFO -   [125] 📥 O/197/26 | TRAVAUX DE RENFORCEMENT DE L’ALIMENTATION EN EAU POTABLE PAR...
2026-07-19 20:15:18,942 - INFO -   [6] ⏭️ O/197/26 - déjà en base
2026-07-19 20:15:29,961 - INFO -   [126] 📥 E/128/26 | TRAVAUX DE FONÇAGE POUR LA MISE EN PLACE DE FOURREAUX DESTIN...
2026-07-19 20:15:42,508 - INFO -   [127] 📥 25/AREPDT/2026 | Programme de valorisation territoriale et paysagère des zone...
2026-07-19 20:15:42,537 - INFO -   [9] ⏭️ E/128/26 - déjà en base
2026-07-19 20:15:55,399 - INFO -   [128] 📥 O/182/26 | Études techniques des projets d’alimentation en eau potable ...
2026-07-19 20:15:55,402 - INFO -   ✅ 7 résultats sauvegardés (Total: 128, PDF: 124)
2026-07-19 20:16:09,849 - INFO - 
==================================================
2026-07-19 20:16:09,850 - INFO - 📄 PAGE 21/13338
2026-07-19 20:16:09,851 - INFO - ==================================================
2026-07-19 20:16:10,262 - INFO -   [1] ⏭️ O/182/26 - déjà en base
2026-07-19 20:16:24,800 - INFO -   [129] 📥 C/184/26 | TRAVAUX DE RENOUVELEMENT DU RESEAU D’EAU POTABLE ET D’ASSAIN...
2026-07-19 20:16:24,816 - INFO -   [3] ⏭️ C/184/26 - déjà en base
2026-07-19 20:16:36,250 - INFO -   [130] 📥 093/2017/ANCFCC/DC | l’exécution des prestations de l’immatriculation foncière d’...
2026-07-19 20:16:40,541 - WARNING - 
⚠️ Scraping interrompu par l'utilisateur
2026-07-19 20:16:41,275 - ERROR - Future exception was never retrieved
future: <Future finished exception=TargetClosedError('Target page, context or browser has been closed')>
playwright._impl._errors.TargetClosedError: Target page, context or browser has been closed
2026-07-19 20:16:41,417 - ERROR - Future exception was never retrieved
future: <Future finished exception=TargetClosedError('Target page, context or browser has been closed')>
playwright._impl._errors.TargetClosedError: Target page, context or browser has been closed
