2026-07-21 09:23:41,929 - main - INFO - ======================================================================
2026-07-21 09:23:41,930 - main - INFO - 🚀 CrystalWater AI Agent API v6.8 - Démarrage
2026-07-21 09:23:41,931 - main - INFO - ======================================================================
2026-07-21 09:23:41,935 - main - INFO - ✅ Scheduler démarré
2026-07-21 09:23:41,935 - main - INFO - ======================================================================
2026-07-21 09:23:41,957 - main - INFO - 🚀 DÉMARRAGE AUTOMATIQUE DE LA SURVEILLANCE DES AO
2026-07-21 09:23:41,958 - main - INFO - ======================================================================
2026-07-21 09:23:41,970 - main - INFO - 📊 Configuration:
2026-07-21 09:23:41,971 - main - INFO -    - Mode: Temps réel (vérification périodique)
2026-07-21 09:23:41,973 - main - INFO -    - Intervalle: 300 secondes (5 minutes)
2026-07-21 09:23:41,991 - main - INFO -    - Arrêt: Après 3 AO existants consécutifs sur la page
2026-07-21 09:23:41,992 - main - INFO -    - Table: tenders_3
2026-07-21 09:23:41,995 - main - INFO - ======================================================================
2026-07-21 09:23:42,055 - main - INFO - ✅ Surveillance démarrée en arrière-plan
2026-07-21 09:23:42,067 - main - INFO - 📊 Stats disponibles sur /tenders/monitor/status
2026-07-21 09:23:42,068 - main - INFO - ======================================================================
2026-07-21 09:23:42,071 - main - INFO - ✅ API prête !
2026-07-21 09:23:42,073 - main - INFO - 📡 Documentation: http://0.0.0.0:8000/docs
2026-07-21 09:23:42,073 - main - INFO - ======================================================================

2026-07-21 09:23:43,267 - tender_scanner - INFO -   🗄️ 226 références chargées depuis la base
2026-07-21 09:23:43,283 - main - INFO - 📚 226 AO déjà en base de données
2026-07-21 09:24:14,894 - main - INFO - 🌐 Navigateur lancé, début de la surveillance...
2026-07-21 09:24:14,896 - main - INFO - 
──────────────────────────────────────────────────
2026-07-21 09:24:14,897 - main - INFO - 🔍 [2026-07-21 09:24:14] Vérification #1...
2026-07-21 09:24:14,897 - tender_scanner - INFO -   🔍 Navigation vers le portail...
2026-07-21 09:24:35,770 - tender_scanner - INFO -   🔍 10 AO trouvés sur la première page
2026-07-21 09:24:35,830 - tender_scanner - INFO -   ⏭️ AO existant #1: SP4130189
2026-07-21 09:24:35,835 - tender_scanner - INFO -   🆕 Nouvel AO trouvé → réinitialisation du compteur (était à 1)
2026-07-21 09:24:35,903 - tender_scanner - INFO -   🆕 Nouvel AO #1: Mise à niveau de la partie 60KV des postes OUAZZANE, R’MEL et REGRAGA...Mise à n
2026-07-21 09:24:35,912 - tender_scanner - INFO -   🆕 Nouvel AO #2: Renouvellement de la ligne 225 kV n° 25-10 « RIAD – KENITRA »...Renouvellement d
2026-07-21 09:24:35,925 - tender_scanner - INFO -   🆕 Nouvel AO #3: Travaux de mise à niveau, de construction d'une STEP à boues activées et son exp
2026-07-21 09:24:35,926 - tender_scanner - INFO -   ✅ 3 nouveaux AO trouvés sur cette page
2026-07-21 09:24:35,930 - main - INFO - 
🆕🆕🆕🆕🆕🆕🆕🆕🆕🆕🆕🆕🆕🆕🆕🆕🆕🆕🆕🆕
2026-07-21 09:24:35,934 - main - INFO - 🔔 3 NOUVEL(LE)(S) AO DÉTECTÉ(S)!
2026-07-21 09:24:35,938 - main - INFO - 🆕🆕🆕🆕🆕🆕🆕🆕🆕🆕🆕🆕🆕🆕🆕🆕🆕🆕🆕🆕
2026-07-21 09:24:36,178 - main - INFO -    ✅ Mise à niveau de la partie 60KV des postes OUAZZANE, R’MEL et REGRAGA...Mise à n
2026-07-21 09:24:36,179 - main - INFO -    📋 Réf: TN4130616
2026-07-21 09:24:36,180 - main - INFO -    📅 Date: 2026-07-13
2026-07-21 09:24:36,180 - main - INFO -    ⭐ Score: 71/100
2026-07-21 09:24:36,181 - main - INFO -    🏢 Acheteur: OFFICE NATIONALE DE L'ELECTRICITE ET DE L'EAU POTABLE - BRAN
2026-07-21 09:24:36,483 - main - INFO -    ✅ Renouvellement de la ligne 225 kV n° 25-10 « RIAD – KENITRA »...Renouvellement d
2026-07-21 09:24:36,484 - main - INFO -    📋 Réf: TN4130652
2026-07-21 09:24:36,485 - main - INFO -    📅 Date: 2026-07-13
2026-07-21 09:24:36,485 - main - INFO -    ⭐ Score: 74/100
2026-07-21 09:24:36,486 - main - INFO -    🏢 Acheteur: OFFICE NATIONALE DE L'ELECTRICITE ET DE L'EAU POTABLE - BRAN
2026-07-21 09:24:36,695 - main - INFO -    ✅ Travaux de mise à niveau, de construction d'une STEP à boues activées et son exp
2026-07-21 09:24:36,696 - main - INFO -    📋 Réf: 293/CL/2026/SRMFM
2026-07-21 09:24:36,697 - main - INFO -    📅 Date: 2026-07-17
2026-07-21 09:24:36,697 - main - INFO -    ⭐ Score: 78/100
2026-07-21 09:24:36,698 - main - INFO -    🏢 Acheteur: SOCIETE REGIONALE MULTISERVICES FES - MEKNES S.A
2026-07-21 09:24:36,699 - main - INFO - 
📊 3/3 AO sauvegardés
2026-07-21 09:24:36,699 - main - INFO - 📊 Total nouveaux AO trouvés: 3
2026-07-21 09:24:36,700 - main - INFO - ⏳ Prochaine vérification dans 300s...
2026-07-21 09:29:36,701 - main - INFO - 
──────────────────────────────────────────────────
2026-07-21 09:29:36,703 - main - INFO - 🔍 [2026-07-21 09:29:36] Vérification #2...
2026-07-21 09:29:36,704 - tender_scanner - INFO -   🔍 Navigation vers le portail...
2026-07-21 09:29:54,199 - tender_scanner - INFO -   🔍 10 AO trouvés sur la première page
2026-07-21 09:29:54,206 - tender_scanner - INFO -   ⏭️ AO existant #1: SP4130189
2026-07-21 09:29:54,208 - tender_scanner - INFO -   🆕 Nouvel AO trouvé → réinitialisation du compteur (était à 1)
2026-07-21 09:29:54,249 - tender_scanner - INFO -   ⏭️ AO existant #1: TN4130616
2026-07-21 09:29:54,253 - tender_scanner - INFO -   ⏭️ AO existant #2: TN4130652
2026-07-21 09:29:54,255 - tender_scanner - INFO -   ⏭️ AO existant #3: 293/CL/2026/SRMFM
2026-07-21 09:29:54,257 - tender_scanner - INFO -   🚫 3 AO existants consécutifs trouvés → ARRÊT!
2026-07-21 09:29:54,259 - tender_scanner - INFO -   ⏭️ Aucun nouvel AO sur cette page
2026-07-21 09:29:54,261 - main - INFO -   ℹ️  Aucun nouvel AO sur cette page
2026-07-21 09:29:54,262 - main - INFO - 
==================================================
2026-07-21 09:29:54,266 - main - INFO - ⏹️  ARRÊT AUTOMATIQUE
2026-07-21 09:29:54,267 - main - INFO -    Raison: 3 AO existants consécutifs trouvés
2026-07-21 09:29:54,268 - main - INFO -    Condition: >= 3 AO existants consécutifs
2026-07-21 09:29:54,269 - main - INFO - ==================================================
2026-07-21 09:29:54,272 - main - INFO - 📊 Bilan final:
2026-07-21 09:29:54,273 - main - INFO -    - Nouveaux AO trouvés: 3
2026-07-21 09:29:54,274 - main - INFO -    - Vérifications effectuées: 2
2026-07-21 09:29:54,274 - main - INFO -    - Durée: depuis 2026-07-21T09:23:42.045097
2026-07-21 09:29:54,275 - main - INFO - ==================================================
2026-07-21 09:29:54,459 - main - ERROR - 💥 Erreur critique dans la surveillance: Event loop is closed! Is Playwright already stopped?
2026-07-21 09:29:54,469 - main - INFO - ⏹️  Surveillance arrêtée
2026-07-21 09:40:44,605 - main - INFO - ⏹️  Arrêt de l'API...
2026-07-21 09:40:44,608 - main - INFO - ✅ API arrêtée
2026-07-21 09:42:02,073 - main - INFO - ======================================================================
2026-07-21 09:42:02,073 - main - INFO - 🚀 CrystalWater AI Agent API v6.8 - Démarrage
2026-07-21 09:42:02,074 - main - INFO - ======================================================================
2026-07-21 09:42:02,075 - main - INFO - ✅ Scheduler démarré
2026-07-21 09:42:02,076 - main - INFO - ======================================================================
2026-07-21 09:42:02,076 - main - INFO - 🚀 DÉMARRAGE AUTOMATIQUE DE LA SURVEILLANCE DES AO
2026-07-21 09:42:02,076 - main - INFO - ======================================================================
2026-07-21 09:42:02,078 - main - INFO - 📊 Configuration:
2026-07-21 09:42:02,078 - main - INFO -    - Mode: Temps réel (vérification périodique)
2026-07-21 09:42:02,080 - main - INFO -    - Intervalle: 300 secondes (5 minutes)
2026-07-21 09:42:02,081 - main - INFO -    - Arrêt: Après 3 AO existants consécutifs sur la page
2026-07-21 09:42:02,081 - main - INFO -    - Table: tenders_3
2026-07-21 09:42:02,081 - main - INFO - ======================================================================
2026-07-21 09:42:02,083 - main - INFO - ✅ Surveillance démarrée en arrière-plan
2026-07-21 09:42:02,084 - main - INFO - 📊 Stats disponibles sur /tenders/monitor/status
2026-07-21 09:42:02,084 - main - INFO - ======================================================================
2026-07-21 09:42:02,085 - main - INFO - ✅ API prête !
2026-07-21 09:42:02,085 - main - INFO - 📡 Documentation: http://0.0.0.0:8000/docs
2026-07-21 09:42:02,086 - main - INFO - ======================================================================

2026-07-21 09:42:02,461 - tender_scanner - INFO -   🗄️ 226 références chargées depuis la base
2026-07-21 09:42:02,469 - main - INFO - 📚 226 AO déjà en base de données
2026-07-21 09:42:15,788 - main - INFO - 🌐 Navigateur lancé, début de la surveillance...
2026-07-21 09:42:15,789 - main - INFO - 
──────────────────────────────────────────────────
2026-07-21 09:42:15,790 - main - INFO - 🔍 [2026-07-21 09:42:15] Vérification #1...
2026-07-21 09:42:15,791 - tender_scanner - INFO -   🔍 Navigation vers le portail...
2026-07-21 09:42:38,674 - tender_scanner - INFO -   🔍 10 AO trouvés sur la première page
2026-07-21 09:42:38,725 - tender_scanner - INFO -   ⏭️ AO existant #1: SP4130189
2026-07-21 09:42:38,729 - tender_scanner - INFO -   🆕 Nouvel AO trouvé → réinitialisation du compteur (était à 1)
2026-07-21 09:42:38,776 - tender_scanner - INFO -   🆕 Nouvel AO #1: Mise à niveau de la partie 60KV des postes OUAZZANE, R’MEL et REGRAGA...Mise à n
2026-07-21 09:42:38,784 - tender_scanner - INFO -   🆕 Nouvel AO #2: Renouvellement de la ligne 225 kV n° 25-10 « RIAD – KENITRA »...Renouvellement d
2026-07-21 09:42:38,792 - tender_scanner - INFO -   🆕 Nouvel AO #3: Travaux de mise à niveau, de construction d'une STEP à boues activées et son exp
2026-07-21 09:42:38,793 - tender_scanner - INFO -   ✅ 3 nouveaux AO trouvés sur cette page
2026-07-21 09:42:38,796 - main - INFO - 
🆕🆕🆕🆕🆕🆕🆕🆕🆕🆕🆕🆕🆕🆕🆕🆕🆕🆕🆕🆕
2026-07-21 09:42:38,796 - main - INFO - 🔔 3 NOUVEL(LE)(S) AO DÉTECTÉ(S)!
2026-07-21 09:42:38,797 - main - INFO - 🆕🆕🆕🆕🆕🆕🆕🆕🆕🆕🆕🆕🆕🆕🆕🆕🆕🆕🆕🆕
2026-07-21 09:42:39,192 - main - INFO -    ✅ Mise à niveau de la partie 60KV des postes OUAZZANE, R’MEL et REGRAGA...Mise à n
2026-07-21 09:42:39,198 - main - INFO -    📋 Réf: TN4130616
2026-07-21 09:42:39,200 - main - INFO -    📅 Date: 2026-07-13
2026-07-21 09:42:39,202 - main - INFO -    ⭐ Score: 71/100
2026-07-21 09:42:39,204 - main - INFO -    🏢 Acheteur: OFFICE NATIONALE DE L'ELECTRICITE ET DE L'EAU POTABLE - BRAN
2026-07-21 09:42:39,484 - main - INFO -    ✅ Renouvellement de la ligne 225 kV n° 25-10 « RIAD – KENITRA »...Renouvellement d
2026-07-21 09:42:39,485 - main - INFO -    📋 Réf: TN4130652
2026-07-21 09:42:39,486 - main - INFO -    📅 Date: 2026-07-13
2026-07-21 09:42:39,487 - main - INFO -    ⭐ Score: 74/100
2026-07-21 09:42:39,488 - main - INFO -    🏢 Acheteur: OFFICE NATIONALE DE L'ELECTRICITE ET DE L'EAU POTABLE - BRAN
2026-07-21 09:42:39,864 - main - INFO -    ✅ Travaux de mise à niveau, de construction d'une STEP à boues activées et son exp
2026-07-21 09:42:39,868 - main - INFO -    📋 Réf: 293/CL/2026/SRMFM
2026-07-21 09:42:39,870 - main - INFO -    📅 Date: 2026-07-17
2026-07-21 09:42:39,872 - main - INFO -    ⭐ Score: 78/100
2026-07-21 09:42:39,875 - main - INFO -    🏢 Acheteur: SOCIETE REGIONALE MULTISERVICES FES - MEKNES S.A
2026-07-21 09:42:39,884 - main - INFO - 
📊 3/3 AO sauvegardés
2026-07-21 09:42:39,887 - main - INFO - 📊 Total nouveaux AO trouvés: 3
2026-07-21 09:42:39,889 - main - INFO - ⏳ Prochaine vérification dans 300s...
2026-07-21 09:47:39,896 - main - INFO - 
──────────────────────────────────────────────────
2026-07-21 09:47:39,908 - main - INFO - 🔍 [2026-07-21 09:47:39] Vérification #2...
2026-07-21 09:47:39,910 - tender_scanner - INFO -   🔍 Navigation vers le portail...
2026-07-21 09:47:58,655 - tender_scanner - INFO -   🔍 10 AO trouvés sur la première page
2026-07-21 09:47:58,663 - tender_scanner - INFO -   ⏭️ AO existant #1: SP4130189
2026-07-21 09:47:58,666 - tender_scanner - INFO -   🆕 Nouvel AO trouvé → réinitialisation du compteur (était à 1)
2026-07-21 09:47:58,715 - tender_scanner - INFO -   ⏭️ AO existant #1: TN4130616
2026-07-21 09:47:58,717 - tender_scanner - INFO -   ⏭️ AO existant #2: TN4130652
2026-07-21 09:47:58,719 - tender_scanner - INFO -   ⏭️ AO existant #3: 293/CL/2026/SRMFM
2026-07-21 09:47:58,721 - tender_scanner - INFO -   🚫 3 AO existants consécutifs trouvés → ARRÊT!
2026-07-21 09:47:58,723 - tender_scanner - INFO -   ⏭️ Aucun nouvel AO sur cette page
2026-07-21 09:47:58,724 - main - INFO -   ℹ️  Aucun nouvel AO sur cette page
2026-07-21 09:47:58,725 - main - INFO - 
==================================================
2026-07-21 09:47:58,726 - main - INFO - ⏹️  ARRÊT AUTOMATIQUE
2026-07-21 09:47:58,726 - main - INFO -    Raison: 3 AO existants consécutifs trouvés
2026-07-21 09:47:58,727 - main - INFO -    Condition: >= 3 AO existants consécutifs
2026-07-21 09:47:58,728 - main - INFO - ==================================================
2026-07-21 09:47:58,729 - main - INFO - 📊 Bilan final:
2026-07-21 09:47:58,732 - main - INFO -    - Nouveaux AO trouvés: 3
2026-07-21 09:47:58,736 - main - INFO -    - Vérifications effectuées: 2
2026-07-21 09:47:58,737 - main - INFO -    - Durée: depuis 2026-07-21T09:42:02.082426
2026-07-21 09:47:58,737 - main - INFO - ==================================================
2026-07-21 09:47:58,895 - main - ERROR - 💥 Erreur critique dans la surveillance: Event loop is closed! Is Playwright already stopped?
2026-07-21 09:47:58,906 - main - INFO - ⏹️  Surveillance arrêtée
2026-07-21 09:51:31,066 - main - INFO - ⏹️  Arrêt de l'API...
2026-07-21 09:51:31,067 - main - INFO - ✅ API arrêtée
2026-07-21 10:22:51,313 - main - INFO - ======================================================================
2026-07-21 10:22:51,314 - main - INFO - 🚀 CrystalWater AI Agent API v6.8 - Démarrage
2026-07-21 10:22:51,314 - main - INFO - ======================================================================
2026-07-21 10:22:51,315 - main - INFO - ✅ Scheduler démarré
2026-07-21 10:22:51,316 - main - INFO - ======================================================================
2026-07-21 10:22:51,316 - main - INFO - 🚀 DÉMARRAGE AUTOMATIQUE DE LA SURVEILLANCE DES AO
2026-07-21 10:22:51,317 - main - INFO - ======================================================================
2026-07-21 10:22:51,317 - main - INFO - 📊 Configuration:
2026-07-21 10:22:51,319 - main - INFO -    - Mode: Temps réel (vérification périodique)
2026-07-21 10:22:51,319 - main - INFO -    - Intervalle: 300 secondes (5 minutes)
2026-07-21 10:22:51,320 - main - INFO -    - Arrêt: Après 3 AO existants consécutifs sur la page
2026-07-21 10:22:51,320 - main - INFO -    - Table: tenders_3
2026-07-21 10:22:51,321 - main - INFO - ======================================================================
2026-07-21 10:22:51,322 - main - INFO - ✅ Surveillance démarrée en arrière-plan
2026-07-21 10:22:51,323 - main - INFO - 📊 Stats disponibles sur /tenders/monitor/status
2026-07-21 10:22:51,323 - main - INFO - ======================================================================
2026-07-21 10:22:51,324 - main - INFO - ✅ API prête !
2026-07-21 10:22:51,325 - main - INFO - 📡 Documentation: http://0.0.0.0:8000/docs
2026-07-21 10:22:51,327 - main - INFO - ======================================================================

2026-07-21 10:22:51,901 - tender_scanner - INFO -   🗄️ 568 références chargées depuis la base
2026-07-21 10:22:51,919 - main - INFO - 📚 568 AO déjà en base de données
2026-07-21 10:22:53,596 - main - INFO - 🌐 Navigateur lancé, début de la surveillance...
2026-07-21 10:22:53,596 - main - INFO - 
──────────────────────────────────────────────────
2026-07-21 10:22:53,597 - main - INFO - 🔍 [2026-07-21 10:22:53] Vérification #1...
2026-07-21 10:22:53,597 - tender_scanner - INFO -   🔍 Navigation vers le portail...
2026-07-21 10:23:21,539 - tender_scanner - INFO -   🔍 10 AO trouvés sur la première page
2026-07-21 10:23:21,592 - tender_scanner - INFO -   ⏭️ AO existant #1: SP4130189
2026-07-21 10:23:21,594 - tender_scanner - INFO -   🆕 Nouvel AO trouvé → réinitialisation du compteur (était à 1)
2026-07-21 10:23:21,642 - tender_scanner - INFO -   🆕 Nouvel AO #1: Mise à niveau de la partie 60KV des postes OUAZZANE, R’MEL et REGRAGA...Mise à n
2026-07-21 10:23:21,650 - tender_scanner - INFO -   🆕 Nouvel AO #2: Renouvellement de la ligne 225 kV n° 25-10 « RIAD – KENITRA »...Renouvellement d
2026-07-21 10:23:21,657 - tender_scanner - INFO -   🆕 Nouvel AO #3: Travaux de mise à niveau, de construction d'une STEP à boues activées et son exp
2026-07-21 10:23:21,658 - tender_scanner - INFO -   ✅ 3 nouveaux AO trouvés sur cette page
2026-07-21 10:23:21,659 - main - INFO - 
🆕🆕🆕🆕🆕🆕🆕🆕🆕🆕🆕🆕🆕🆕🆕🆕🆕🆕🆕🆕
2026-07-21 10:23:21,660 - main - INFO - 🔔 3 NOUVEL(LE)(S) AO DÉTECTÉ(S)!
2026-07-21 10:23:21,661 - main - INFO - 🆕🆕🆕🆕🆕🆕🆕🆕🆕🆕🆕🆕🆕🆕🆕🆕🆕🆕🆕🆕
2026-07-21 10:23:21,898 - main - INFO -    ✅ Mise à niveau de la partie 60KV des postes OUAZZANE, R’MEL et REGRAGA...Mise à n
2026-07-21 10:23:21,900 - main - INFO -    📋 Réf: TN4130616
2026-07-21 10:23:21,904 - main - INFO -    📅 Date: 2026-07-13
2026-07-21 10:23:21,906 - main - INFO -    ⭐ Score: 71/100
2026-07-21 10:23:21,907 - main - INFO -    🏢 Acheteur: OFFICE NATIONALE DE L'ELECTRICITE ET DE L'EAU POTABLE - BRAN
2026-07-21 10:23:22,143 - main - INFO -    ✅ Renouvellement de la ligne 225 kV n° 25-10 « RIAD – KENITRA »...Renouvellement d
2026-07-21 10:23:22,144 - main - INFO -    📋 Réf: TN4130652
2026-07-21 10:23:22,145 - main - INFO -    📅 Date: 2026-07-13
2026-07-21 10:23:22,146 - main - INFO -    ⭐ Score: 74/100
2026-07-21 10:23:22,146 - main - INFO -    🏢 Acheteur: OFFICE NATIONALE DE L'ELECTRICITE ET DE L'EAU POTABLE - BRAN
2026-07-21 10:23:22,343 - main - INFO -    ✅ Travaux de mise à niveau, de construction d'une STEP à boues activées et son exp
2026-07-21 10:23:22,344 - main - INFO -    📋 Réf: 293/CL/2026/SRMFM
2026-07-21 10:23:22,345 - main - INFO -    📅 Date: 2026-07-17
2026-07-21 10:23:22,346 - main - INFO -    ⭐ Score: 78/100
2026-07-21 10:23:22,346 - main - INFO -    🏢 Acheteur: SOCIETE REGIONALE MULTISERVICES FES - MEKNES S.A
2026-07-21 10:23:22,347 - main - INFO - 
📊 3/3 AO sauvegardés
2026-07-21 10:23:22,349 - main - INFO - 📊 Total nouveaux AO trouvés: 3
2026-07-21 10:23:22,353 - main - INFO - ⏳ Prochaine vérification dans 300s...
2026-07-21 10:25:19,946 - main - INFO - ⏹️  Arrêt de l'API...
2026-07-21 10:25:19,947 - main - INFO - ⏹️  Arrêt de la surveillance automatique...
2026-07-21 10:25:19,948 - main - INFO - ✅ API arrêtée
2026-07-21 10:29:55,885 - main - INFO - ======================================================================
2026-07-21 10:29:55,885 - main - INFO - 🚀 CrystalWater AI Agent API v6.8 - Démarrage
2026-07-21 10:29:55,886 - main - INFO - ======================================================================
2026-07-21 10:29:55,887 - main - INFO - ✅ Scheduler démarré
2026-07-21 10:29:55,887 - main - INFO - ======================================================================
2026-07-21 10:29:55,887 - main - INFO - 🚀 DÉMARRAGE AUTOMATIQUE DE LA SURVEILLANCE DES AO
2026-07-21 10:29:55,888 - main - INFO - ======================================================================
2026-07-21 10:29:55,888 - main - INFO - 📊 Configuration:
2026-07-21 10:29:55,889 - main - INFO -    - Mode: Temps réel (vérification périodique)
2026-07-21 10:29:55,890 - main - INFO -    - Intervalle: 300 secondes (5 minutes)
2026-07-21 10:29:55,890 - main - INFO -    - Arrêt: Après 3 AO existants consécutifs sur la page
2026-07-21 10:29:55,891 - main - INFO -    - Table: tenders_3
2026-07-21 10:29:55,891 - main - INFO - ======================================================================
2026-07-21 10:29:55,893 - main - INFO - ✅ Surveillance démarrée en arrière-plan
2026-07-21 10:29:55,893 - main - INFO - 📊 Stats disponibles sur /tenders/monitor/status
2026-07-21 10:29:55,894 - main - INFO - ======================================================================
2026-07-21 10:29:55,894 - main - INFO - ✅ API prête !
2026-07-21 10:29:55,894 - main - INFO - 📡 Documentation: http://0.0.0.0:8000/docs
2026-07-21 10:29:55,895 - main - INFO - ======================================================================

2026-07-21 10:29:56,195 - tender_scanner - INFO -   🗄️ 568 références chargées depuis la base
2026-07-21 10:29:56,202 - main - INFO - 📚 568 AO déjà en base de données
2026-07-21 10:29:57,284 - main - INFO - 🌐 Navigateur lancé, début de la surveillance...
2026-07-21 10:29:57,286 - main - INFO - 
──────────────────────────────────────────────────
2026-07-21 10:29:57,287 - main - INFO - 🔍 [2026-07-21 10:29:57] Vérification #1...
2026-07-21 10:29:57,287 - tender_scanner - INFO -   🔍 Navigation vers le portail...
2026-07-21 10:30:27,157 - tender_scanner - INFO -   🔍 10 AO trouvés sur la première page
2026-07-21 10:30:27,205 - tender_scanner - INFO -   ⏭️ AO existant #1: SP4130189
2026-07-21 10:30:27,207 - tender_scanner - INFO -   🆕 Nouvel AO trouvé → réinitialisation du compteur (était à 1)
2026-07-21 10:30:27,253 - tender_scanner - INFO -   🆕 Nouvel AO #1: Mise à niveau de la partie 60KV des postes OUAZZANE, R’MEL et REGRAGA...Mise à n
2026-07-21 10:30:27,262 - tender_scanner - INFO -   🆕 Nouvel AO #2: Renouvellement de la ligne 225 kV n° 25-10 « RIAD – KENITRA »...Renouvellement d
2026-07-21 10:30:27,272 - tender_scanner - INFO -   🆕 Nouvel AO #3: Travaux de mise à niveau, de construction d'une STEP à boues activées et son exp
2026-07-21 10:30:27,274 - tender_scanner - INFO -   ✅ 3 nouveaux AO trouvés sur cette page
2026-07-21 10:30:27,275 - main - INFO - 
🆕🆕🆕🆕🆕🆕🆕🆕🆕🆕🆕🆕🆕🆕🆕🆕🆕🆕🆕🆕
2026-07-21 10:30:27,276 - main - INFO - 🔔 3 NOUVEL(LE)(S) AO DÉTECTÉ(S)!
2026-07-21 10:30:27,276 - main - INFO - 🆕🆕🆕🆕🆕🆕🆕🆕🆕🆕🆕🆕🆕🆕🆕🆕🆕🆕🆕🆕
2026-07-21 10:30:27,509 - main - INFO -    ✅ Mise à niveau de la partie 60KV des postes OUAZZANE, R’MEL et REGRAGA...Mise à n
2026-07-21 10:30:27,512 - main - INFO -    📋 Réf: TN4130616
2026-07-21 10:30:27,520 - main - INFO -    📅 Date: 2026-07-13
2026-07-21 10:30:27,526 - main - INFO -    ⭐ Score: 71/100
2026-07-21 10:30:27,533 - main - INFO -    🏢 Acheteur: OFFICE NATIONALE DE L'ELECTRICITE ET DE L'EAU POTABLE - BRAN
2026-07-21 10:30:27,776 - main - INFO -    ✅ Renouvellement de la ligne 225 kV n° 25-10 « RIAD – KENITRA »...Renouvellement d
2026-07-21 10:30:27,778 - main - INFO -    📋 Réf: TN4130652
2026-07-21 10:30:27,779 - main - INFO -    📅 Date: 2026-07-13
2026-07-21 10:30:27,780 - main - INFO -    ⭐ Score: 74/100
2026-07-21 10:30:27,787 - main - INFO -    🏢 Acheteur: OFFICE NATIONALE DE L'ELECTRICITE ET DE L'EAU POTABLE - BRAN
2026-07-21 10:30:27,992 - main - INFO -    ✅ Travaux de mise à niveau, de construction d'une STEP à boues activées et son exp
2026-07-21 10:30:27,993 - main - INFO -    📋 Réf: 293/CL/2026/SRMFM
2026-07-21 10:30:27,993 - main - INFO -    📅 Date: 2026-07-17
2026-07-21 10:30:27,994 - main - INFO -    ⭐ Score: 78/100
2026-07-21 10:30:27,995 - main - INFO -    🏢 Acheteur: SOCIETE REGIONALE MULTISERVICES FES - MEKNES S.A
2026-07-21 10:30:27,996 - main - INFO - 
📊 3/3 AO sauvegardés
2026-07-21 10:30:27,999 - main - INFO - 📊 Total nouveaux AO trouvés: 3
2026-07-21 10:30:28,000 - main - INFO - ⏳ Prochaine vérification dans 300s...
2026-07-21 10:35:28,001 - main - INFO - 
──────────────────────────────────────────────────
2026-07-21 10:35:28,004 - main - INFO - 🔍 [2026-07-21 10:35:28] Vérification #2...
2026-07-21 10:35:28,006 - tender_scanner - INFO -   🔍 Navigation vers le portail...
2026-07-21 10:35:44,574 - tender_scanner - INFO -   🔍 10 AO trouvés sur la première page
2026-07-21 10:35:44,578 - tender_scanner - INFO -   ⏭️ AO existant #1: SP4130189
2026-07-21 10:35:44,578 - tender_scanner - INFO -   🆕 Nouvel AO trouvé → réinitialisation du compteur (était à 1)
2026-07-21 10:35:44,605 - tender_scanner - INFO -   ⏭️ AO existant #1: TN4130616
2026-07-21 10:35:44,606 - tender_scanner - INFO -   ⏭️ AO existant #2: TN4130652
2026-07-21 10:35:44,607 - tender_scanner - INFO -   ⏭️ AO existant #3: 293/CL/2026/SRMFM
2026-07-21 10:35:44,608 - tender_scanner - INFO -   🚫 3 AO existants consécutifs trouvés → ARRÊT!
2026-07-21 10:35:44,609 - tender_scanner - INFO -   ⏭️ Aucun nouvel AO sur cette page
2026-07-21 10:35:44,610 - main - INFO -   ℹ️  Aucun nouvel AO sur cette page
2026-07-21 10:35:44,610 - main - INFO - 
==================================================
2026-07-21 10:35:44,610 - main - INFO - ⏹️  ARRÊT AUTOMATIQUE
2026-07-21 10:35:44,611 - main - INFO -    Raison: 3 AO existants consécutifs trouvés
2026-07-21 10:35:44,612 - main - INFO -    Condition: >= 3 AO existants consécutifs
2026-07-21 10:35:44,612 - main - INFO - ==================================================
2026-07-21 10:35:44,612 - main - INFO - 📊 Bilan final:
2026-07-21 10:35:44,613 - main - INFO -    - Nouveaux AO trouvés: 3
2026-07-21 10:35:44,613 - main - INFO -    - Vérifications effectuées: 2
2026-07-21 10:35:44,613 - main - INFO -    - Durée: depuis 2026-07-21T10:29:55.892219
2026-07-21 10:35:44,614 - main - INFO - ==================================================
2026-07-21 10:35:44,716 - main - ERROR - 💥 Erreur critique dans la surveillance: Event loop is closed! Is Playwright already stopped?
2026-07-21 10:35:44,721 - main - INFO - ⏹️  Surveillance arrêtée
2026-07-21 10:47:00,102 - main - INFO - ⏹️  Arrêt de l'API...
2026-07-21 10:47:00,103 - main - INFO - ✅ API arrêtée
2026-07-21 10:47:15,614 - main - INFO - ======================================================================
2026-07-21 10:47:15,615 - main - INFO - 🚀 CrystalWater AI Agent API v6.8 - Démarrage
2026-07-21 10:47:15,616 - main - INFO - ======================================================================
2026-07-21 10:47:15,617 - main - INFO - ✅ Scheduler démarré
2026-07-21 10:47:15,617 - main - INFO - ======================================================================
2026-07-21 10:47:15,622 - main - INFO - 🚀 DÉMARRAGE AUTOMATIQUE DE LA SURVEILLANCE DES AO
2026-07-21 10:47:15,623 - main - INFO - ======================================================================
2026-07-21 10:47:15,624 - main - INFO - 📊 Configuration:
2026-07-21 10:47:15,624 - main - INFO -    - Mode: Temps réel (vérification périodique)
2026-07-21 10:47:15,625 - main - INFO -    - Intervalle: 300 secondes (5 minutes)
2026-07-21 10:47:15,626 - main - INFO -    - Arrêt: Après 3 AO existants consécutifs sur la page
2026-07-21 10:47:15,626 - main - INFO -    - Table: tenders_3
2026-07-21 10:47:15,626 - main - INFO - ======================================================================
2026-07-21 10:47:15,628 - main - INFO - ✅ Surveillance démarrée en arrière-plan
2026-07-21 10:47:15,630 - main - INFO - 📊 Stats disponibles sur /tenders/monitor/status
2026-07-21 10:47:15,631 - main - INFO - ======================================================================
2026-07-21 10:47:15,632 - main - INFO - ✅ API prête !
2026-07-21 10:47:15,633 - main - INFO - 📡 Documentation: http://0.0.0.0:8000/docs
2026-07-21 10:47:15,633 - main - INFO - ======================================================================

2026-07-21 10:47:16,108 - tender_scanner - INFO -   🗄️ 568 références chargées depuis la base
2026-07-21 10:47:16,109 - main - INFO - 📚 568 AO déjà en base de données
2026-07-21 10:47:17,550 - main - INFO - 🌐 Navigateur lancé, début de la surveillance...
2026-07-21 10:47:17,553 - main - INFO - 
──────────────────────────────────────────────────
2026-07-21 10:47:17,554 - main - INFO - 🔍 [2026-07-21 10:47:17] Vérification #1...
2026-07-21 10:47:17,555 - tender_scanner - INFO -   🔍 Navigation vers le portail...
2026-07-21 10:47:42,863 - tender_scanner - INFO -   🔍 10 AO trouvés sur la première page
2026-07-21 10:47:42,947 - tender_scanner - INFO -   ⏭️ AO existant #1: SP4130189
2026-07-21 10:47:42,949 - tender_scanner - INFO -   🆕 Nouvel AO trouvé → réinitialisation du compteur (était à 1)
2026-07-21 10:47:43,028 - tender_scanner - INFO -   🆕 Nouvel AO #1: Mise à niveau de la partie 60KV des postes OUAZZANE, R’MEL et REGRAGA...Mise à n
2026-07-21 10:47:43,063 - tender_scanner - INFO -   🆕 Nouvel AO #2: Renouvellement de la ligne 225 kV n° 25-10 « RIAD – KENITRA »...Renouvellement d
2026-07-21 10:47:43,091 - tender_scanner - INFO -   🆕 Nouvel AO #3: Travaux de mise à niveau, de construction d'une STEP à boues activées et son exp
2026-07-21 10:47:43,095 - tender_scanner - INFO -   ✅ 3 nouveaux AO trouvés sur cette page
2026-07-21 10:47:43,098 - main - INFO - 
🆕🆕🆕🆕🆕🆕🆕🆕🆕🆕🆕🆕🆕🆕🆕🆕🆕🆕🆕🆕
2026-07-21 10:47:43,106 - main - INFO - 🔔 3 NOUVEL(LE)(S) AO DÉTECTÉ(S)!
2026-07-21 10:47:43,107 - main - INFO - 🆕🆕🆕🆕🆕🆕🆕🆕🆕🆕🆕🆕🆕🆕🆕🆕🆕🆕🆕🆕
2026-07-21 10:47:43,362 - main - INFO -    ✅ Mise à niveau de la partie 60KV des postes OUAZZANE, R’MEL et REGRAGA...Mise à n
2026-07-21 10:47:43,362 - main - INFO -    📋 Réf: TN4130616
2026-07-21 10:47:43,363 - main - INFO -    📅 Date: 2026-07-13
2026-07-21 10:47:43,363 - main - INFO -    ⭐ Score: 71/100
2026-07-21 10:47:43,364 - main - INFO -    🏢 Acheteur: OFFICE NATIONALE DE L'ELECTRICITE ET DE L'EAU POTABLE - BRAN
2026-07-21 10:47:43,539 - main - INFO -    ✅ Renouvellement de la ligne 225 kV n° 25-10 « RIAD – KENITRA »...Renouvellement d
2026-07-21 10:47:43,540 - main - INFO -    📋 Réf: TN4130652
2026-07-21 10:47:43,541 - main - INFO -    📅 Date: 2026-07-13
2026-07-21 10:47:43,541 - main - INFO -    ⭐ Score: 74/100
2026-07-21 10:47:43,542 - main - INFO -    🏢 Acheteur: OFFICE NATIONALE DE L'ELECTRICITE ET DE L'EAU POTABLE - BRAN
2026-07-21 10:47:43,733 - main - INFO -    ✅ Travaux de mise à niveau, de construction d'une STEP à boues activées et son exp
2026-07-21 10:47:43,734 - main - INFO -    📋 Réf: 293/CL/2026/SRMFM
2026-07-21 10:47:43,734 - main - INFO -    📅 Date: 2026-07-17
2026-07-21 10:47:43,735 - main - INFO -    ⭐ Score: 78/100
2026-07-21 10:47:43,735 - main - INFO -    🏢 Acheteur: SOCIETE REGIONALE MULTISERVICES FES - MEKNES S.A
2026-07-21 10:47:43,735 - main - INFO - 
📊 3/3 AO sauvegardés
2026-07-21 10:47:43,736 - main - INFO - 📊 Total nouveaux AO trouvés: 3
2026-07-21 10:47:43,737 - main - INFO - ⏳ Prochaine vérification dans 300s...
2026-07-21 10:52:43,737 - main - INFO - 
──────────────────────────────────────────────────
2026-07-21 10:52:43,738 - main - INFO - 🔍 [2026-07-21 10:52:43] Vérification #2...
2026-07-21 10:52:43,738 - tender_scanner - INFO -   🔍 Navigation vers le portail...
2026-07-21 10:53:00,266 - tender_scanner - INFO -   🔍 10 AO trouvés sur la première page
2026-07-21 10:53:00,270 - tender_scanner - INFO -   ⏭️ AO existant #1: SP4130189
2026-07-21 10:53:00,271 - tender_scanner - INFO -   🆕 Nouvel AO trouvé → réinitialisation du compteur (était à 1)
2026-07-21 10:53:00,290 - tender_scanner - INFO -   ⏭️ AO existant #1: TN4130616
2026-07-21 10:53:00,291 - tender_scanner - INFO -   ⏭️ AO existant #2: TN4130652
2026-07-21 10:53:00,293 - tender_scanner - INFO -   ⏭️ AO existant #3: 293/CL/2026/SRMFM
2026-07-21 10:53:00,294 - tender_scanner - INFO -   🚫 3 AO existants consécutifs trouvés → ARRÊT!
2026-07-21 10:53:00,295 - tender_scanner - INFO -   ⏭️ Aucun nouvel AO sur cette page
2026-07-21 10:53:00,295 - main - INFO -   ℹ️  Aucun nouvel AO sur cette page
2026-07-21 10:53:00,296 - main - INFO - 
==================================================
2026-07-21 10:53:00,297 - main - INFO - ⏹️  ARRÊT AUTOMATIQUE
2026-07-21 10:53:00,297 - main - INFO -    Raison: 3 AO existants consécutifs trouvés
2026-07-21 10:53:00,297 - main - INFO -    Condition: >= 3 AO existants consécutifs
2026-07-21 10:53:00,298 - main - INFO - ==================================================
2026-07-21 10:53:00,298 - main - INFO - 📊 Bilan final:
2026-07-21 10:53:00,298 - main - INFO -    - Nouveaux AO trouvés: 3
2026-07-21 10:53:00,299 - main - INFO -    - Vérifications effectuées: 2
2026-07-21 10:53:00,299 - main - INFO -    - Durée: depuis 2026-07-21T10:47:15.627242
2026-07-21 10:53:00,299 - main - INFO - ==================================================
2026-07-21 10:53:00,405 - main - ERROR - 💥 Erreur critique dans la surveillance: Event loop is closed! Is Playwright already stopped?
2026-07-21 10:53:00,410 - main - INFO - ⏹️  Surveillance arrêtée
2026-07-21 11:22:19,370 - passlib.handlers.bcrypt - WARNING - (trapped) error reading bcrypt version
Traceback (most recent call last):
  File "C:\Users\musta\Downloads\Stage\ai-auto-posting-dev_data\venv\Lib\site-packages\passlib\handlers\bcrypt.py", line 620, in _load_backend_mixin
    version = _bcrypt.__about__.__version__
              ^^^^^^^^^^^^^^^^^
AttributeError: module 'bcrypt' has no attribute '__about__'
2026-07-21 13:56:37,527 - asyncio - ERROR - Exception in callback _ProactorBasePipeTransport._call_connection_lost()
handle: <Handle _ProactorBasePipeTransport._call_connection_lost()>
Traceback (most recent call last):
  File "C:\Users\musta\AppData\Local\Programs\Python\Python313\Lib\asyncio\events.py", line 89, in _run
    self._context.run(self._callback, *self._args)
    ~~~~~~~~~~~~~~~~~^^^^^^^^^^^^^^^^^^^^^^^^^^^^^
  File "C:\Users\musta\AppData\Local\Programs\Python\Python313\Lib\asyncio\proactor_events.py", line 165, in _call_connection_lost
    self._sock.shutdown(socket.SHUT_RDWR)
    ~~~~~~~~~~~~~~~~~~~^^^^^^^^^^^^^^^^^^
ConnectionResetError: [WinError 10054] Une connexion existante a dû être fermée par l’hôte distant
2026-07-21 15:40:35,141 - main - ERROR - [Scheduler] Error: (psycopg2.OperationalError) could not translate host name "aws-1-eu-north-1.pooler.supabase.com" to address: Name or service not known

(Background on this error at: https://sqlalche.me/e/20/e3q8)
2026-07-21 16:11:36,507 - main - INFO - ⏹️  Arrêt de l'API...
2026-07-21 16:11:36,509 - main - INFO - ✅ API arrêtée
