2026-08-05 12:40:07,308 - INFO - 
══════════════════════════════════════════════════════════════════════
2026-08-05 12:40:07,311 - INFO -   🔍 BACKFILL - 3 DERNIERS MOIS
2026-08-05 12:40:07,311 - INFO -   🕐 Début: 2026-08-05 12:40:07
2026-08-05 12:40:07,312 - INFO - ══════════════════════════════════════════════════════════════════════

2026-08-05 12:40:07,692 - INFO -   🗄️ 586 AO déjà en base

2026-08-05 12:40:32,970 - INFO -   📄 Pages à scanner: 323

2026-08-05 12:41:00,283 - INFO - 
  ┌─ 📄 PAGE 3/323 ──────────────────────────────
2026-08-05 12:41:00,284 - INFO -   │  Lignes: 10  |  📋 Nouveaux AO: 1  |  Ignorés: 9
2026-08-05 12:41:00,284 - INFO -   └──────────────────────────────────────────────────
2026-08-05 12:41:00,285 - INFO - 
2026-08-05 12:41:00,286 - INFO -   ╔══════════════════════════════════════════════════════════════════════╗
2026-08-05 12:41:00,286 - INFO -   ║ 📋 AO #1  |  ⭐ 41/100 ⭐⭐  |  🔖 32/DRD/CD/SPD/1/2026
2026-08-05 12:41:00,287 - INFO -   ╠══════════════════════════════════════════════════════════════════════╣
2026-08-05 12:41:00,288 - INFO -   ║ 📝 Réhabilitation de l’adduction Mansour Eddahbi entre la station de traitement et le réservoir R25000m
2026-08-05 12:41:00,288 - INFO -   ║ 🏢 OFFICE NATIONAL DE L'ELECTRICITE ET DE L'EAU POTABLE - BRANC
2026-08-05 12:41:00,289 - INFO -   ║ ⏰ 23/09/2026 (48j) 🟢
2026-08-05 12:41:00,290 - INFO -   ╚══════════════════════════════════════════════════════════════════════╝
2026-08-05 12:41:00,744 - INFO -      📥 Téléchargement DCE...
2026-08-05 12:41:39,667 - INFO -      ✅ DCE téléchargé (38.9s, 3901 KB)
2026-08-05 12:41:39,916 - INFO -   ┌─ EXTRACTION ─────────────────────────────
2026-08-05 12:41:39,940 - INFO -   │ 📢 Avis...
2026-08-05 12:43:40,486 - INFO -   │   ✅ 3 champ(s) extrait(s)
2026-08-05 12:43:40,490 - INFO -   │     💰 Estimation: 1 800 000 000 DHS
2026-08-05 12:43:40,493 - INFO -   │     🔒 Caution: 180 000,00 DH
2026-08-05 12:43:40,498 - INFO -   │     🏗️ Visite: 23/09/2026 à 10h00
2026-08-05 12:43:40,508 - INFO -   │ 📜 RC...
2026-08-05 12:43:42,747 - INFO -   │   ✅ RC: 17 champs extraits
2026-08-05 12:43:42,752 - INFO -   │     attestations_demandees: OUI
2026-08-05 12:43:42,755 - INFO -   │     nombre_references: 2
2026-08-05 12:43:42,757 - INFO -   │     caution_provisoire: OUI
2026-08-05 12:43:42,761 - INFO -   │ 📊 BP...
2026-08-05 12:43:44,513 - INFO -   │   ✅ BP: 61 items extraits
2026-08-05 12:43:44,515 - INFO -   └──────────────────────────────────────────
2026-08-05 12:46:38,639 - INFO - 
  ┌─ 📄 PAGE 16/323 ──────────────────────────────
2026-08-05 12:46:38,640 - INFO -   │  Lignes: 10  |  📋 Nouveaux AO: 1  |  Ignorés: 9
2026-08-05 12:46:38,641 - INFO -   └──────────────────────────────────────────────────
2026-08-05 12:46:38,642 - INFO - 
2026-08-05 12:46:38,642 - INFO -   ╔══════════════════════════════════════════════════════════════════════╗
2026-08-05 12:46:38,643 - INFO -   ║ 📋 AO #2  |  ⭐ 28/100 ⭐  |  🔖 40DR3/2026
2026-08-05 12:46:38,644 - INFO -   ╠══════════════════════════════════════════════════════════════════════╣
2026-08-05 12:46:38,644 - INFO -   ║ 📝 Recherche des fuites par technique innovante : Smart-Ball sur l’adduction Afourer...Recherche des fu
2026-08-05 12:46:38,645 - INFO -   ║ 🏢 OFFICE NATIONAL DE L'ELECTRICITE ET DE L'EAU POTABLE - BRANC
2026-08-05 12:46:38,646 - INFO -   ║ ⏰ 15/09/2026 (40j) 🟢
2026-08-05 12:46:38,647 - INFO -   ╚══════════════════════════════════════════════════════════════════════╝
2026-08-05 12:46:39,113 - INFO -      📥 Téléchargement DCE...
2026-08-05 12:47:09,907 - INFO -      ✅ DCE téléchargé (30.8s, 4070 KB)
2026-08-05 12:47:10,350 - INFO -   ┌─ EXTRACTION ─────────────────────────────
2026-08-05 12:47:10,366 - INFO -   │ 📢 Avis...
2026-08-05 12:47:13,061 - INFO -   │   ✅ 3 champ(s) extrait(s)
2026-08-05 12:47:13,063 - INFO -   │     💰 Estimation: 168 000 000 DHS
2026-08-05 12:47:13,065 - INFO -   │     🔒 Caution: 16 800,00 DH
2026-08-05 12:47:13,067 - INFO -   │     🏗️ Visite: 05-23-49
2026-08-05 12:47:13,073 - INFO -   │ 📜 RC...
2026-08-05 12:47:13,587 - INFO -   │   ⚠️ Aucun fichier RC trouvé
2026-08-05 12:47:13,588 - INFO -   │ 📊 BP...
2026-08-05 12:47:15,794 - INFO -   │   ✅ BP: 8 items extraits
2026-08-05 12:47:15,805 - INFO -   └──────────────────────────────────────────
2026-08-05 12:47:29,559 - INFO - 
  ┌─ 📄 PAGE 17/323 ──────────────────────────────
2026-08-05 12:47:29,559 - INFO -   │  Lignes: 10  |  📋 Nouveaux AO: 3  |  Ignorés: 7
2026-08-05 12:47:29,560 - INFO -   └──────────────────────────────────────────────────
2026-08-05 12:47:29,561 - INFO - 
2026-08-05 12:47:29,561 - INFO -   ╔══════════════════════════════════════════════════════════════════════╗
2026-08-05 12:47:29,562 - INFO -   ║ 📋 AO #3  |  ⭐ 28/100 ⭐  |  🔖 18/2026/DR4
2026-08-05 12:47:29,562 - INFO -   ╠══════════════════════════════════════════════════════════════════════╣
2026-08-05 12:47:29,563 - INFO -   ║ 📝 Acquisition d’un chromatographe ionique (fourniture des appareils scientifiques) avec contrat de mai
2026-08-05 12:47:29,563 - INFO -   ║ 🏢 OFFICE NATIONAL DE L'ELECTRICITE ET DE L'EAU POTABLE - BRANC
2026-08-05 12:47:29,564 - INFO -   ║ ⏰ 15/09/2026 (40j) 🟢
2026-08-05 12:47:29,564 - INFO -   ╚══════════════════════════════════════════════════════════════════════╝
2026-08-05 12:47:29,763 - INFO -      📥 Téléchargement DCE...
2026-08-05 12:47:59,138 - INFO -      ✅ DCE téléchargé (29.4s, 2945 KB)
2026-08-05 12:47:59,367 - INFO -   ┌─ EXTRACTION ─────────────────────────────
2026-08-05 12:47:59,375 - INFO -   │ 📢 Avis...
2026-08-05 12:49:25,553 - INFO -   │   ✅ 3 champ(s) extrait(s)
2026-08-05 12:49:25,556 - INFO -   │     💰 Estimation: 1 200 000 DHS
2026-08-05 12:49:25,560 - INFO -   │     🔒 Caution: 12 000 DHS
2026-08-05 12:49:25,564 - INFO -   │     🏗️ Visite: 15/09/2026 à 09h00
2026-08-05 12:49:25,575 - INFO -   │ 📜 RC...
2026-08-05 12:49:27,306 - INFO -   │   ✅ RC: 17 champs extraits
2026-08-05 12:49:27,308 - INFO -   │     attestations_demandees: OUI
2026-08-05 12:49:27,311 - INFO -   │     nombre_references: 1
2026-08-05 12:49:27,313 - INFO -   │     caution_provisoire: OUI
2026-08-05 12:49:27,317 - INFO -   │ 📊 BP...
2026-08-05 12:49:29,178 - INFO -   │   ✅ BP: 2 items extraits
2026-08-05 12:49:29,186 - INFO -   └──────────────────────────────────────────
2026-08-05 12:49:29,193 - INFO - 
2026-08-05 12:49:29,197 - INFO -   ╔══════════════════════════════════════════════════════════════════════╗
2026-08-05 12:49:29,200 - INFO -   ║ 📋 AO #4  |  ⭐ 36/100 ⭐  |  🔖 19/2026/DR4
2026-08-05 12:49:29,204 - INFO -   ╠══════════════════════════════════════════════════════════════════════╣
2026-08-05 12:49:29,215 - INFO -   ║ 📝 Renouvellement du système de transfert d’eau potable à partir du complexe Tihli vers CT Bir Taleb-Te
2026-08-05 12:49:29,217 - INFO -   ║ 🏢 OFFICE NATIONAL DE L'ELECTRICITE ET DE L'EAU POTABLE - BRANC
2026-08-05 12:49:29,218 - INFO -   ║ ⏰ 15/09/2026 (40j) 🟢
2026-08-05 12:49:29,220 - INFO -   ╚══════════════════════════════════════════════════════════════════════╝
2026-08-05 12:49:29,811 - INFO -      📥 Téléchargement DCE...
2026-08-05 12:49:58,613 - INFO -      ✅ DCE téléchargé (28.8s, 2683 KB)
2026-08-05 12:49:58,818 - INFO -   ┌─ EXTRACTION ─────────────────────────────
2026-08-05 12:49:58,824 - INFO -   │ 📢 Avis...
2026-08-05 12:50:02,437 - INFO -   │   ✅ 3 champ(s) extrait(s)
2026-08-05 12:50:02,439 - INFO -   │     💰 Estimation: 160 560 000 DHS
2026-08-05 12:50:02,440 - INFO -   │     🔒 Caution: 16 100,00 DHS
2026-08-05 12:50:02,442 - INFO -   │     🏗️ Visite: 15/09/2026 à 09h00
2026-08-05 12:50:02,443 - INFO -   │ 📜 RC...
2026-08-05 12:50:04,754 - INFO -   │   ✅ RC: 17 champs extraits
2026-08-05 12:50:04,754 - INFO -   │     attestations_demandees: OUI
2026-08-05 12:50:04,755 - INFO -   │     nombre_references: 1
2026-08-05 12:50:04,757 - INFO -   │     caution_provisoire: OUI
2026-08-05 12:50:04,759 - INFO -   │ 📊 BP...
2026-08-05 12:50:06,704 - INFO -   │   ✅ BP: 39 items extraits
2026-08-05 12:50:06,707 - INFO -   └──────────────────────────────────────────
2026-08-05 12:50:06,708 - INFO - 
2026-08-05 12:50:06,710 - INFO -   ╔══════════════════════════════════════════════════════════════════════╗
2026-08-05 12:50:06,712 - INFO -   ║ 📋 AO #5  |  ⭐ 46/100 ⭐⭐  |  🔖 20/2026/DR4
2026-08-05 12:50:06,713 - INFO -   ╠══════════════════════════════════════════════════════════════════════╣
2026-08-05 12:50:06,713 - INFO -   ║ 📝 RENFORCEMENT DE L'AEP DE LA COMMUNE AIT MIMOUNE RELEVANT DE LA PROVINCE DE KHEMISSET
LOT : CONDUITE.
2026-08-05 12:50:06,714 - INFO -   ║ 🏢 OFFICE NATIONAL DE L'ELECTRICITE ET DE L'EAU POTABLE - BRANC
2026-08-05 12:50:06,717 - INFO -   ║ ⏰ 15/09/2026 (40j) 🟢
2026-08-05 12:50:06,719 - INFO -   ╚══════════════════════════════════════════════════════════════════════╝
2026-08-05 12:50:06,958 - INFO -      📥 Téléchargement DCE...
2026-08-05 12:50:47,950 - INFO -      ✅ DCE téléchargé (41.0s, 24704 KB)
2026-08-05 12:50:48,184 - INFO -   ┌─ EXTRACTION ─────────────────────────────
2026-08-05 12:50:48,307 - INFO -   │ 📢 Avis...
2026-08-05 12:51:14,233 - INFO -   │   ✅ 3 champ(s) extrait(s)
2026-08-05 12:51:14,236 - INFO -   │     💰 Estimation: 850 080 000 DHS
2026-08-05 12:51:14,240 - INFO -   │     🔒 Caution: 85 100,00 DH
2026-08-05 12:51:14,244 - INFO -   │     🏗️ Visite: 15/09/2026 à 09h00
2026-08-05 12:51:14,263 - INFO -   │ 📜 RC...
2026-08-05 12:51:20,397 - INFO -   │   ✅ RC: 17 champs extraits
2026-08-05 12:51:20,399 - INFO -   │     attestations_demandees: OUI
2026-08-05 12:51:20,402 - INFO -   │     nombre_references: 2
2026-08-05 12:51:20,405 - INFO -   │     caution_provisoire: OUI
2026-08-05 12:51:20,415 - INFO -   │ 📊 BP...
2026-08-05 12:51:22,070 - INFO -   │   ✅ BP: 65 items extraits
2026-08-05 12:51:22,108 - INFO -   └──────────────────────────────────────────
