2026-08-05 11:58:09,048 - INFO -   🗄️ 580 références déjà en base
2026-08-05 11:58:09,080 - INFO - 
======================================================================
  📅 BACKFILL - 3 DERNIERS MOIS
  🕐 Début: 2026-08-05 11:58:09
======================================================================
2026-08-05 11:58:09,415 - INFO -   🗄️ 580 références déjà en base
2026-08-05 11:58:31,427 - INFO -   📄 Pages à scanner: 321

2026-08-05 12:00:15,006 - INFO - 
  ┌─ 📄 PAGE 9/321 ────────────────────────────────────────
2026-08-05 12:00:15,007 - INFO -   │  Lignes: 10  |  🆕 Nouveaux: 1
2026-08-05 12:00:15,008 - INFO -   │  ⏭️ Ignorés: 9
2026-08-05 12:00:15,009 - INFO -   │     🚫 Non lié: 9
2026-08-05 12:00:15,009 - INFO -   │     🗄️ Déjà en base: 0
2026-08-05 12:00:15,010 - INFO -   │     ⏰ Expiré: 0
2026-08-05 12:00:15,011 - INFO -   └────────────────────────────────────────────────────────
2026-08-05 12:00:15,012 - INFO - 
  ╔══════════════════════════════════════════════════════════════════╗
2026-08-05 12:00:15,013 - INFO -   ║ 💧 TENDER #1     ⭐ Score: 51/100 ⭐⭐
2026-08-05 12:00:15,014 - INFO -   ╠══════════════════════════════════════════════════════════════════╣
2026-08-05 12:00:15,014 - INFO -   ║ 🔖 Réf: 31/DAM/ET/2026
2026-08-05 12:00:15,015 - INFO -   ║ 📝 Objet: AEP du Grand Agadir- Extension de la station de traitement de Tamri- Lot n°2: St
2026-08-05 12:00:15,015 - INFO -   ║ 🏢 Acheteur: OFFICE NATIONAL DE L'ELECTRICITE ET DE L'EAU POTAB
2026-08-05 12:00:15,016 - INFO -   ║ ⏰ Deadline: 16/09/2026 (41j)
2026-08-05 12:00:15,017 - INFO -   ╚══════════════════════════════════════════════════════════════════╝
2026-08-05 12:03:15,508 - INFO -      🗄️ 1 offres sauvegardées
2026-08-05 12:03:28,683 - INFO - 
  ┌─ 📄 PAGE 10/321 ────────────────────────────────────────
2026-08-05 12:03:28,685 - INFO -   │  Lignes: 10  |  🆕 Nouveaux: 1
2026-08-05 12:03:28,685 - INFO -   │  ⏭️ Ignorés: 9
2026-08-05 12:03:28,686 - INFO -   │     🚫 Non lié: 9
2026-08-05 12:03:28,687 - INFO -   │     🗄️ Déjà en base: 0
2026-08-05 12:03:28,688 - INFO -   │     ⏰ Expiré: 0
2026-08-05 12:03:28,689 - INFO -   └────────────────────────────────────────────────────────
2026-08-05 12:03:28,689 - INFO - 
  ╔══════════════════════════════════════════════════════════════════╗
2026-08-05 12:03:28,690 - INFO -   ║ 💧 TENDER #2     ⭐ Score: 25/100 ⭐
2026-08-05 12:03:28,691 - INFO -   ╠══════════════════════════════════════════════════════════════════╣
2026-08-05 12:03:28,692 - INFO -   ║ 🔖 Réf: 27/2026/ANDA
2026-08-05 12:03:28,692 - INFO -   ║ 📝 Objet: Réalisation d’un projet pilote d’algoculture et de captage de naissains de moule
2026-08-05 12:03:28,693 - INFO -   ║ 🏢 Acheteur: AGENCE NATIONALE POUR LE DEVELOPPEMENT DE L'AQUACU
2026-08-05 12:03:28,694 - INFO -   ║ ⏰ Deadline: 15/09/2026 (40j)
2026-08-05 12:03:28,694 - INFO -   ╚══════════════════════════════════════════════════════════════════╝
2026-08-05 12:03:57,801 - INFO - 
  ────────────────────────────────────────────────────────────
2026-08-05 12:03:57,802 - INFO -      📦 DCE téléchargé (29.0s)
2026-08-05 12:03:57,806 - INFO -   🤖 EXTRACTION COMPLÈTE: 27/2026/ANDA
2026-08-05 12:03:57,814 - INFO -   ────────────────────────────────────────────────────────────
2026-08-05 12:03:57,838 - INFO -   📢 Extraction Avis...
2026-08-05 12:03:58,259 - INFO -      🗄️ 1 offres sauvegardées
2026-08-05 12:03:59,728 - INFO -      5 fichier(s) Avis trouvé(s)
2026-08-05 12:04:11,424 - INFO - 
  ┌─ 📄 PAGE 11/321 ────────────────────────────────────────
2026-08-05 12:04:11,425 - INFO -   │  Lignes: 10  |  🆕 Nouveaux: 1
2026-08-05 12:04:11,426 - INFO -   │  ⏭️ Ignorés: 9
2026-08-05 12:04:11,426 - INFO -   │     🚫 Non lié: 9
2026-08-05 12:04:11,427 - INFO -   │     🗄️ Déjà en base: 0
2026-08-05 12:04:11,427 - INFO -   │     ⏰ Expiré: 0
2026-08-05 12:04:11,428 - INFO -   └────────────────────────────────────────────────────────
2026-08-05 12:04:11,428 - INFO - 
  ╔══════════════════════════════════════════════════════════════════╗
2026-08-05 12:04:11,429 - INFO -   ║ 💧 TENDER #3     ⭐ Score: 28/100 ⭐
2026-08-05 12:04:11,429 - INFO -   ╠══════════════════════════════════════════════════════════════════╣
2026-08-05 12:04:11,430 - INFO -   ║ 🔖 Réf: 60/2026
2026-08-05 12:04:11,431 - INFO -   ║ 📝 Objet: LA REMISE EN ETAT DE L'ANCIEN SITE DU CAMP D'HEBERGEMENT DU PUITS MKL-110...LA R
2026-08-05 12:04:11,432 - INFO -   ║ 🏢 Acheteur: OFFICE NATIONAL DES HYDROCARBURES ET DES MINES
2026-08-05 12:04:11,432 - INFO -   ║ ⏰ Deadline: 15/09/2026 (40j)
2026-08-05 12:04:11,433 - INFO -   ╚══════════════════════════════════════════════════════════════════╝
2026-08-05 12:04:46,864 - INFO - 
  ────────────────────────────────────────────────────────────
2026-08-05 12:04:46,865 - INFO -      📦 DCE téléchargé (34.8s)
2026-08-05 12:04:46,866 - INFO -   🤖 EXTRACTION COMPLÈTE: 60/2026
2026-08-05 12:04:46,867 - INFO -   ────────────────────────────────────────────────────────────
2026-08-05 12:04:46,873 - INFO -   📢 Extraction Avis...
2026-08-05 12:04:47,097 - INFO -      🗄️ 1 offres sauvegardées
2026-08-05 12:04:48,027 - INFO -      4 fichier(s) Avis trouvé(s)
2026-08-05 12:05:01,998 - INFO - 
  ┌─ 📄 PAGE 12/321 ────────────────────────────────────────
2026-08-05 12:05:01,999 - INFO -   │  Lignes: 10  |  🆕 Nouveaux: 1
2026-08-05 12:05:01,999 - INFO -   │  ⏭️ Ignorés: 9
2026-08-05 12:05:02,000 - INFO -   │     🚫 Non lié: 9
2026-08-05 12:05:02,001 - INFO -   │     🗄️ Déjà en base: 0
2026-08-05 12:05:02,001 - INFO -   │     ⏰ Expiré: 0
2026-08-05 12:05:02,002 - INFO -   └────────────────────────────────────────────────────────
2026-08-05 12:05:02,003 - INFO - 
  ╔══════════════════════════════════════════════════════════════════╗
2026-08-05 12:05:02,005 - INFO -   ║ 💧 TENDER #4     ⭐ Score: 28/100 ⭐
2026-08-05 12:05:02,006 - INFO -   ╠══════════════════════════════════════════════════════════════════╣
2026-08-05 12:05:02,007 - INFO -   ║ 🔖 Réf: 42DR3/2026
2026-08-05 12:05:02,008 - INFO -   ║ 📝 Objet: Maintenance des armoires de commande électriques et des installations basse tens
2026-08-05 12:05:02,009 - INFO -   ║ 🏢 Acheteur: OFFICE NATIONAL DE L'ELECTRICITE ET DE L'EAU POTAB
2026-08-05 12:05:02,010 - INFO -   ║ ⏰ Deadline: 15/09/2026 (40j)
2026-08-05 12:05:02,011 - INFO -   ╚══════════════════════════════════════════════════════════════════╝
2026-08-05 12:05:34,481 - INFO - 
  ────────────────────────────────────────────────────────────
2026-08-05 12:05:34,481 - INFO -      📦 DCE téléchargé (32.3s)
2026-08-05 12:05:34,483 - INFO -   🤖 EXTRACTION COMPLÈTE: 42DR3/2026
2026-08-05 12:05:34,484 - INFO -   ────────────────────────────────────────────────────────────
2026-08-05 12:05:34,488 - INFO -   📢 Extraction Avis...
2026-08-05 12:05:34,698 - INFO -      🗄️ 1 offres sauvegardées
2026-08-05 12:05:35,789 - INFO -      1 fichier(s) Avis trouvé(s)
2026-08-05 12:05:50,811 - INFO -      ✅ Avis: 3 champs extraits
2026-08-05 12:05:50,812 - INFO -         avis_estimation_ttc: 37 320 000 DHS
2026-08-05 12:05:50,812 - INFO -         avis_caution_dhs: 12 500,00 DH
2026-08-05 12:05:50,813 - INFO -         avis_visite_lieux: 01/01/2024
2026-08-05 12:05:50,814 - INFO -   📜 Extraction RC...
2026-08-05 12:05:52,471 - INFO -      ⚠️ Aucun fichier RC trouvé dans le ZIP
2026-08-05 12:05:52,474 - INFO -   📋 Extraction BP...
2026-08-05 12:05:53,498 - INFO -      1 fichier(s) BP trouvé(s)
2026-08-05 12:05:53,498 - INFO -         📊 BP AO 42 DR3-2026.XLSM
2026-08-05 12:05:55,388 - INFO -      ✅ BP: 140 items extraits
2026-08-05 12:05:55,390 - INFO -   ────────────────────────────────────────────────────────────
2026-08-05 12:06:15,736 - INFO - 
  ┌─ 📄 PAGE 15/321 ────────────────────────────────────────
2026-08-05 12:06:15,737 - INFO -   │  Lignes: 10  |  🆕 Nouveaux: 2
2026-08-05 12:06:15,738 - INFO -   │  ⏭️ Ignorés: 8
2026-08-05 12:06:15,739 - INFO -   │     🚫 Non lié: 8
2026-08-05 12:06:15,739 - INFO -   │     🗄️ Déjà en base: 0
2026-08-05 12:06:15,740 - INFO -   │     ⏰ Expiré: 0
2026-08-05 12:06:15,740 - INFO -   └────────────────────────────────────────────────────────
2026-08-05 12:06:15,741 - INFO - 
  ╔══════════════════════════════════════════════════════════════════╗
2026-08-05 12:06:15,745 - INFO -   ║ 💧 TENDER #5     ⭐ Score: 43/100 ⭐⭐
2026-08-05 12:06:15,746 - INFO -   ╠══════════════════════════════════════════════════════════════════╣
2026-08-05 12:06:15,748 - INFO -   ║ 🔖 Réf: 40/DRG/CD/SPG/2/20263
2026-08-05 12:06:15,748 - INFO -   ║ 📝 Objet: SECURISATION ET AMELIORATION DE L’AEP DES COMMUNES RURALES LIMITROPHES A LA VILL
2026-08-05 12:06:15,750 - INFO -   ║ 🏢 Acheteur: OFFICE NATIONAL DE L'ELECTRICITE ET DE L'EAU POTAB
2026-08-05 12:06:15,751 - INFO -   ║ ⏰ Deadline: 15/09/2026 (40j)
2026-08-05 12:06:15,752 - INFO -   ╚══════════════════════════════════════════════════════════════════╝
2026-08-05 12:06:44,597 - INFO -      ✅ Avis: 3 champs extraits
2026-08-05 12:06:44,598 - INFO -         avis_estimation_ttc: 55 000 000 DHS
2026-08-05 12:06:44,599 - INFO -         avis_caution_dhs: 55 000 000 DHS
2026-08-05 12:06:44,600 - INFO -         avis_visite_lieux: 03/09/2026
2026-08-05 12:06:44,602 - INFO -   📜 Extraction RC...
2026-08-05 12:06:45,275 - INFO -      1 fichier(s) RC trouvé(s)
2026-08-05 12:06:45,275 - INFO -         📄 RC - AO 60-2026 - Remise En Etat Ancien Site Camp Hébergement Puits MKL-110_VD.pdf
2026-08-05 12:06:55,023 - INFO - 
  ────────────────────────────────────────────────────────────
2026-08-05 12:06:55,023 - INFO -      📦 DCE téléchargé (39.1s)
2026-08-05 12:06:55,024 - INFO -   🤖 EXTRACTION COMPLÈTE: 40/DRG/CD/SPG/2/20263
2026-08-05 12:06:55,025 - INFO -   ────────────────────────────────────────────────────────────
2026-08-05 12:06:55,029 - INFO -   📢 Extraction Avis...
2026-08-05 12:06:55,040 - INFO - 
  ╔══════════════════════════════════════════════════════════════════╗
2026-08-05 12:06:55,042 - INFO -   ║ 💧 TENDER #6     ⭐ Score: 31/100 ⭐
2026-08-05 12:06:55,042 - INFO -   ╠══════════════════════════════════════════════════════════════════╣
2026-08-05 12:06:55,043 - INFO -   ║ 🔖 Réf: PX3130146/DXR/2026
2026-08-05 12:06:55,044 - INFO -   ║ 📝 Objet: fourniture, démontage, montage et la mise en service des disjoncteurs 72,5 KV de
2026-08-05 12:06:55,052 - INFO -   ║ 🏢 Acheteur: OFFICE NATIONALE DE L'ELECTRICITE ET DE L'EAU POTA
2026-08-05 12:06:55,059 - INFO -   ║ ⏰ Deadline: 15/09/2026 (40j)
2026-08-05 12:06:55,062 - INFO -   ╚══════════════════════════════════════════════════════════════════╝
2026-08-05 12:06:56,358 - INFO -      4 fichier(s) Avis trouvé(s)
2026-08-05 12:07:26,852 - INFO - 
  ────────────────────────────────────────────────────────────
2026-08-05 12:07:26,853 - INFO -      📦 DCE téléchargé (31.6s)
2026-08-05 12:07:26,854 - INFO -   🤖 EXTRACTION COMPLÈTE: PX3130146/DXR/2026
2026-08-05 12:07:26,854 - INFO -   ────────────────────────────────────────────────────────────
2026-08-05 12:07:26,859 - INFO -   📢 Extraction Avis...
2026-08-05 12:07:27,091 - INFO -      🗄️ 2 offres sauvegardées
2026-08-05 12:07:28,636 - INFO -      1 fichier(s) Avis trouvé(s)
