2026-08-05 16:19:39,034 - INFO - 
══════════════════════════════════════════════════════════════════════
  🔍 BACKFILL - 3 DERNIERS MOIS
  🕐 Début: 2026-08-05 16:19:39
══════════════════════════════════════════════════════════════════════
2026-08-05 16:19:39,258 - INFO -   🗄️ 12 AO déjà en base

2026-08-05 16:20:01,982 - INFO -   📄 Pages à scanner: 334

2026-08-05 16:20:55,375 - INFO - 
  ┌─ 📄 PAGE 5/334 ──────────────────────────────
2026-08-05 16:20:55,376 - INFO -   │  Lignes: 10  |  📋 Nouveaux AO: 1  |  Ignorés: 9
2026-08-05 16:20:55,376 - INFO -   └──────────────────────────────────────────────────
2026-08-05 16:20:55,377 - INFO - 
  ╔══════════════════════════════════════════════════════════════════════╗
2026-08-05 16:20:55,381 - INFO -   ║ 📋 AO #1  |  ⭐ 28/100 ⭐  |  🔖 23/2026/DR4
2026-08-05 16:20:55,382 - INFO -   ╠══════════════════════════════════════════════════════════════════════╣
2026-08-05 16:20:55,383 - INFO -   ║ 📝 Equipement du nouveau forage de secours pour le système Chrawta-centre kceibia-Lot :Achèvement GC...
2026-08-05 16:20:55,385 - INFO -   ║ 🏢 OFFICE NATIONAL DE L'ELECTRICITE ET DE L'EAU POTABLE - BRANC
2026-08-05 16:20:55,392 - INFO -   ║ ⏰ 22/09/2026 (47j) 🟢
2026-08-05 16:20:55,405 - INFO -   ╚══════════════════════════════════════════════════════════════════════╝
2026-08-05 16:20:55,654 - INFO -      📥 Téléchargement DCE...
2026-08-05 16:21:29,250 - INFO -      ✅ DCE téléchargé (33.6s, 1569 KB)
2026-08-05 16:21:29,496 - INFO -   ┌─ EXTRACTION ─────────────────────────────
2026-08-05 16:21:29,536 - INFO -   │ 📢 Avis...
2026-08-05 16:21:34,840 - INFO -   │   ✅ 3 champ(s) extrait(s)
2026-08-05 16:21:34,844 - INFO -   │     💰 Estimation: 58 800 000 DHS
2026-08-05 16:21:34,847 - INFO -   │     🔒 Caution: 5900,00 DHS
2026-08-05 16:21:34,851 - INFO -   │     🏗️ Visite: 22/09/2026 à 09h00
2026-08-05 16:21:34,859 - INFO -   │ 📜 RC...
2026-08-05 16:21:36,639 - INFO -   │   ✅ RC: 17 champs extraits
2026-08-05 16:21:36,644 - INFO -   │     attestations_demandees: OUI
2026-08-05 16:21:36,648 - INFO -   │     nombre_references: 1
2026-08-05 16:21:36,651 - INFO -   │     caution_provisoire: OUI
2026-08-05 16:21:36,654 - INFO -   │ 📊 BP...
2026-08-05 16:21:39,085 - INFO -   │   ✅ BP: 54 items extraits
2026-08-05 16:21:39,091 - INFO -   └──────────────────────────────────────────
2026-08-05 16:21:52,905 - INFO - 
  ┌─ 📄 PAGE 6/334 ──────────────────────────────
2026-08-05 16:21:52,906 - INFO -   │  Lignes: 10  |  📋 Nouveaux AO: 1  |  Ignorés: 9
2026-08-05 16:21:52,907 - INFO -   └──────────────────────────────────────────────────
2026-08-05 16:21:52,908 - INFO - 
  ╔══════════════════════════════════════════════════════════════════════╗
2026-08-05 16:21:52,909 - INFO -   ║ 📋 AO #2  |  ⭐ 31/100 ⭐  |  🔖 21/UMVR/2026
2026-08-05 16:21:52,909 - INFO -   ╠══════════════════════════════════════════════════════════════════════╣
2026-08-05 16:21:52,910 - INFO -   ║ 📝 REHABILITATION DU RESEAU D'ASSAINISSEMENT DU SIÈGE DE LA FACULTÉ DES SCIENCES DE RABAT RELEVANT DE L
2026-08-05 16:21:52,911 - INFO -   ║ 🏢 PRESIDENCE DE L'UNIVERSITE MOHAMMED V DE RABAT
2026-08-05 16:21:52,912 - INFO -   ║ ⏰ 17/09/2026 (42j) 🟢
2026-08-05 16:21:52,913 - INFO -   ╚══════════════════════════════════════════════════════════════════════╝
2026-08-05 16:21:53,108 - INFO -      📥 Téléchargement DCE...
2026-08-05 16:22:28,037 - INFO -      ✅ DCE téléchargé (34.9s, 2129 KB)
2026-08-05 16:22:28,319 - INFO -   ┌─ EXTRACTION ─────────────────────────────
2026-08-05 16:22:28,324 - INFO -   │ 📢 Avis...
2026-08-05 16:22:42,513 - INFO -   │   ✅ 3 champ(s) extrait(s)
2026-08-05 16:22:42,513 - INFO -   │     💰 Estimation: 154 248 000 DHS
2026-08-05 16:22:42,514 - INFO -   │     🔒 Caution: 30 000,00 DHS
2026-08-05 16:22:42,514 - INFO -   │     🏗️ Visite: 09/09/2026 à 10h
2026-08-05 16:22:42,516 - INFO -   │ 📜 RC...
2026-08-05 16:22:44,110 - INFO -   │   ✅ RC: 14 champs extraits
2026-08-05 16:22:44,111 - INFO -   │     attestations_demandees: NON
2026-08-05 16:22:44,111 - INFO -   │     caution_provisoire: OUI
2026-08-05 16:22:44,112 - INFO -   │ 📊 BP...
2026-08-05 16:22:44,890 - INFO -   │   ⚠️ Aucun item BP extrait
2026-08-05 16:22:44,893 - INFO -   └──────────────────────────────────────────
2026-08-05 16:23:11,436 - INFO - 
  ┌─ 📄 PAGE 8/334 ──────────────────────────────
2026-08-05 16:23:11,437 - INFO -   │  Lignes: 10  |  📋 Nouveaux AO: 4  |  Ignorés: 6
2026-08-05 16:23:11,437 - INFO -   └──────────────────────────────────────────────────
2026-08-05 16:23:11,438 - INFO - 
  ╔══════════════════════════════════════════════════════════════════════╗
2026-08-05 16:23:11,439 - INFO -   ║ 📋 AO #3  |  ⭐ 28/100 ⭐  |  🔖 TN4130616
2026-08-05 16:23:11,440 - INFO -   ╠══════════════════════════════════════════════════════════════════════╣
2026-08-05 16:23:11,441 - INFO -   ║ 📝 Mise à niveau de la partie 60KV des postes OUAZZANE, R’MEL et REGRAGA...Mise à niveau de la partie 6
2026-08-05 16:23:11,445 - INFO -   ║ 🏢 OFFICE NATIONALE DE L'ELECTRICITE ET DE L'EAU POTABLE - BRAN
2026-08-05 16:23:11,448 - INFO -   ║ ⏰ 17/09/2026 (42j) 🟢
2026-08-05 16:23:11,454 - INFO -   ╚══════════════════════════════════════════════════════════════════════╝
2026-08-05 16:23:11,767 - INFO -      📥 Téléchargement DCE...
2026-08-05 16:23:57,878 - INFO -      ✅ DCE téléchargé (46.1s, 6573 KB)
2026-08-05 16:23:58,156 - INFO -   ┌─ EXTRACTION ─────────────────────────────
2026-08-05 16:23:58,162 - INFO -   │ 📢 Avis...
2026-08-05 16:30:29,430 - INFO -   │   ✅ 1 champ(s) extrait(s)
2026-08-05 16:30:29,434 - INFO -   │     🏗️ Visite: 05/08/2026
2026-08-05 16:30:29,446 - INFO -   │ 📜 RC...
2026-08-05 16:30:29,985 - INFO -   │   ⚠️ Aucun fichier RC trouvé
2026-08-05 16:30:29,987 - INFO -   │ 📊 BP...
2026-08-05 16:30:30,465 - INFO -   │   ⚠️ Aucun fichier BP trouvé
2026-08-05 16:30:30,467 - INFO -   └──────────────────────────────────────────
2026-08-05 16:30:30,468 - INFO - 
  ╔══════════════════════════════════════════════════════════════════════╗
2026-08-05 16:30:30,469 - INFO -   ║ 📋 AO #4  |  ⭐ 31/100 ⭐  |  🔖 TN4130652
2026-08-05 16:30:30,470 - INFO -   ╠══════════════════════════════════════════════════════════════════════╣
2026-08-05 16:30:30,470 - INFO -   ║ 📝 Renouvellement de la ligne 225 kV n° 25-10 « RIAD – KENITRA »...Renouvellement de la ligne 225 kV n°
2026-08-05 16:30:30,471 - INFO -   ║ 🏢 OFFICE NATIONALE DE L'ELECTRICITE ET DE L'EAU POTABLE - BRAN
2026-08-05 16:30:30,472 - INFO -   ║ ⏰ 17/09/2026 (42j) 🟢
2026-08-05 16:30:30,472 - INFO -   ╚══════════════════════════════════════════════════════════════════════╝
2026-08-05 16:30:30,680 - INFO -      📥 Téléchargement DCE...
2026-08-05 16:32:16,503 - INFO -      ✅ DCE téléchargé (105.8s, 8971 KB)
2026-08-05 16:32:16,758 - INFO -   ┌─ EXTRACTION ─────────────────────────────
2026-08-05 16:32:16,774 - INFO -   │ 📢 Avis...
2026-08-05 16:40:12,134 - INFO -   │   ✅ 2 champ(s) extrait(s)
2026-08-05 16:40:12,137 - INFO -   │     💰 Estimation: 7 427 874 008 DHS
2026-08-05 16:40:12,140 - INFO -   │     🏗️ Visite: 5.39.32
2026-08-05 16:40:12,158 - INFO -   │ 📜 RC...
2026-08-05 16:40:12,664 - INFO -   │   ⚠️ Aucun fichier RC trouvé
2026-08-05 16:40:12,666 - INFO -   │ 📊 BP...
2026-08-05 16:40:13,148 - INFO -   │   ⚠️ Aucun fichier BP trouvé
2026-08-05 16:40:13,151 - INFO -   └──────────────────────────────────────────
2026-08-05 16:40:13,152 - INFO - 
  ╔══════════════════════════════════════════════════════════════════════╗
2026-08-05 16:40:13,152 - INFO -   ║ 📋 AO #5  |  ⭐ 28/100 ⭐  |  🔖 GN4130337/2026/DXG
2026-08-05 16:40:13,153 - INFO -   ╠══════════════════════════════════════════════════════════════════════╣
2026-08-05 16:40:13,154 - INFO -   ║ 📝 Fourniture des filtres d’air de suralimentation autonettoyants ASC pour la centrale cd TAN-TAN....Fo
2026-08-05 16:40:13,155 - INFO -   ║ 🏢 OFFICE NATIONALE DE L'ELECTRICITE ET DE L'EAU POTABLE - BRAN
2026-08-05 16:40:13,156 - INFO -   ║ ⏰ 17/09/2026 (42j) 🟢
2026-08-05 16:40:13,156 - INFO -   ╚══════════════════════════════════════════════════════════════════════╝
2026-08-05 16:40:13,363 - INFO -      📥 Téléchargement DCE...
2026-08-05 16:40:47,313 - INFO -      ✅ DCE téléchargé (33.9s, 2148 KB)
2026-08-05 16:40:47,582 - INFO -   ┌─ EXTRACTION ─────────────────────────────
2026-08-05 16:40:47,594 - INFO -   │ 📢 Avis...
2026-08-05 16:44:20,395 - INFO -   │   ✅ 1 champ(s) extrait(s)
2026-08-05 16:44:20,396 - INFO -   │     🏗️ Visite: 17/09/2026 à 09h00
2026-08-05 16:44:20,397 - INFO -   │ 📜 RC...
2026-08-05 16:44:20,909 - INFO -   │   ⚠️ Aucun fichier RC trouvé
2026-08-05 16:44:20,910 - INFO -   │ 📊 BP...
2026-08-05 16:44:21,407 - INFO -   │   ⚠️ Aucun fichier BP trouvé
2026-08-05 16:44:21,409 - INFO -   └──────────────────────────────────────────
2026-08-05 16:44:21,410 - INFO - 
  ╔══════════════════════════════════════════════════════════════════════╗
2026-08-05 16:44:21,411 - INFO -   ║ 📋 AO #6  |  ⭐ 31/100 ⭐  |  🔖 TC4130768
2026-08-05 16:44:21,411 - INFO -   ╠══════════════════════════════════════════════════════════════════════╣
2026-08-05 16:44:21,412 - INFO -   ║ 📝 Construction des locaux des batteries 127 Vcc des postes HTB relevant de la Direction Régionale Tran
2026-08-05 16:44:21,413 - INFO -   ║ 🏢 OFFICE NATIONALE DE L'ELECTRICITE ET DE L'EAU POTABLE - BRAN
2026-08-05 16:44:21,413 - INFO -   ║ ⏰ 17/09/2026 (42j) 🟢
2026-08-05 16:44:21,414 - INFO -   ╚══════════════════════════════════════════════════════════════════════╝
2026-08-05 16:44:21,635 - INFO -      📥 Téléchargement DCE...
2026-08-05 16:44:58,850 - INFO -      ⚠️ Download annulé
2026-08-05 16:44:58,877 - INFO -      ⚠️ Pas de DCE disponible
