2026-08-05 20:51:46,607 - INFO - 
══════════════════════════════════════════════════════════════════════
  🔍 BACKFILL - 3 DERNIERS MOIS
  🕐 Début: 2026-08-05 20:51:46
══════════════════════════════════════════════════════════════════════
2026-08-05 20:51:47,177 - INFO -   🗄️ 26 AO déjà en base

2026-08-05 20:52:58,517 - INFO -   📄 Pages à scanner: 336

2026-08-05 20:57:21,896 - INFO - 
  ┌─ 📄 PAGE 18/336 ──────────────────────────────
2026-08-05 20:57:21,897 - INFO -   │  Lignes: 10  |  📋 Nouveaux AO: 1  |  Ignorés: 9
2026-08-05 20:57:21,898 - INFO -   └──────────────────────────────────────────────────
2026-08-05 20:57:21,899 - INFO - 
  ╔══════════════════════════════════════════════════════════════════════╗
2026-08-05 20:57:21,900 - INFO -   ║ 📋 AO #1  |  ⭐ 28/100 ⭐  |  🔖 40DR3/2026
2026-08-05 20:57:21,900 - INFO -   ╠══════════════════════════════════════════════════════════════════════╣
2026-08-05 20:57:21,901 - INFO -   ║ 📝 Recherche des fuites par technique innovante : Smart-Ball sur l’adduction Afourer...Recherche des fu
2026-08-05 20:57:21,902 - INFO -   ║ 🏢 OFFICE NATIONAL DE L'ELECTRICITE ET DE L'EAU POTABLE - BRANC
2026-08-05 20:57:21,903 - INFO -   ║ ⏰ 15/09/2026 (40j) 🟢
2026-08-05 20:57:21,904 - INFO -   ╚══════════════════════════════════════════════════════════════════════╝
2026-08-05 20:57:24,798 - INFO -      📥 Téléchargement DCE...
