2026-08-05 13:02:19,535 - INFO - 
══════════════════════════════════════════════════════════════════════
2026-08-05 13:02:19,588 - INFO -   🔍 BACKFILL - 3 DERNIERS MOIS
2026-08-05 13:02:19,589 - INFO -   🕐 Début: 2026-08-05 13:02:19
2026-08-05 13:02:19,589 - INFO - ══════════════════════════════════════════════════════════════════════

2026-08-05 13:02:19,808 - INFO -   🗄️ 0 AO déjà en base

2026-08-05 13:02:48,731 - INFO -   📄 Pages à scanner: 324

2026-08-05 13:02:49,147 - INFO - 
  ┌─ 📄 PAGE 1/324 ──────────────────────────────
2026-08-05 13:02:49,148 - INFO -   │  Lignes: 10  |  📋 Nouveaux AO: 1  |  Ignorés: 9
2026-08-05 13:02:49,149 - INFO -   └──────────────────────────────────────────────────
2026-08-05 13:02:49,150 - INFO - 
2026-08-05 13:02:49,150 - INFO -   ╔══════════════════════════════════════════════════════════════════════╗
2026-08-05 13:02:49,151 - INFO -   ║ 📋 AO #1  |  ⭐ 28/100 ⭐  |  🔖 TS4130752/2026/12/ONEEBELEC
2026-08-05 13:02:49,152 - INFO -   ╠══════════════════════════════════════════════════════════════════════╣
2026-08-05 13:02:49,152 - INFO -   ║ 📝 Remplacement des traversées des TR 225/60/11KV de la Division Exploitation Transport Marrakech....Re
2026-08-05 13:02:49,153 - INFO -   ║ 🏢 OFFICE NATIONALE DE L'ELECTRICITE ET DE L'EAU POTABLE - BRAN
2026-08-05 13:02:49,154 - INFO -   ║ ⏰ 01/10/2026 (56j) 🟢
2026-08-05 13:02:49,155 - INFO -   ╚══════════════════════════════════════════════════════════════════════╝
2026-08-05 13:02:49,380 - INFO -      📥 Téléchargement DCE...
2026-08-05 13:03:20,212 - INFO -      ✅ DCE téléchargé (30.8s, 4030 KB)
2026-08-05 13:03:20,644 - INFO -   ┌─ EXTRACTION ─────────────────────────────
2026-08-05 13:03:20,668 - INFO -   │ 📢 Avis...
2026-08-05 13:07:23,389 - INFO -   │   ✅ 2 champ(s) extrait(s)
2026-08-05 13:07:23,390 - INFO -   │     💰 Estimation: 1 000 DHS
2026-08-05 13:07:23,391 - INFO -   │     🏗️ Visite: 11/60/225
2026-08-05 13:07:23,393 - INFO -   │ 📜 RC...
2026-08-05 13:07:24,096 - INFO -   │   ⚠️ Aucun fichier RC trouvé
2026-08-05 13:07:24,097 - INFO -   │ 📊 BP...
2026-08-05 13:07:24,652 - INFO -   │   ⚠️ Aucun fichier BP trouvé
2026-08-05 13:07:24,654 - INFO -   └──────────────────────────────────────────
2026-08-05 13:07:37,877 - INFO - 
  ┌─ 📄 PAGE 2/324 ──────────────────────────────
2026-08-05 13:07:37,878 - INFO -   │  Lignes: 10  |  📋 Nouveaux AO: 1  |  Ignorés: 9
2026-08-05 13:07:37,879 - INFO -   └──────────────────────────────────────────────────
2026-08-05 13:07:37,879 - INFO - 
2026-08-05 13:07:37,880 - INFO -   ╔══════════════════════════════════════════════════════════════════════╗
2026-08-05 13:07:37,881 - INFO -   ║ 📋 AO #2  |  ⭐ 47/100 ⭐⭐  |  🔖 SP4130189
2026-08-05 13:07:37,881 - INFO -   ╠══════════════════════════════════════════════════════════════════════╣
2026-08-05 13:07:37,882 - INFO -   ║ 📝 Etudes d’exécution, fourniture des équipements, construction, installation et mise en service de la 
2026-08-05 13:07:37,882 - INFO -   ║ 🏢 OFFICE NATIONALE DE L'ELECTRICITE ET DE L'EAU POTABLE - BRAN
2026-08-05 13:07:37,883 - INFO -   ║ ⏰ 30/09/2026 (55j) 🟢
2026-08-05 13:07:37,884 - INFO -   ╚══════════════════════════════════════════════════════════════════════╝
2026-08-05 13:07:38,118 - INFO -      📥 Téléchargement DCE...
2026-08-05 13:09:01,855 - INFO -      ❌ Échec upload Supabase
2026-08-05 13:09:01,856 - INFO -      ⚠️ Pas de DCE disponible pour cet AO
2026-08-05 13:09:14,648 - INFO - 
  ┌─ 📄 PAGE 3/324 ──────────────────────────────
2026-08-05 13:09:14,649 - INFO -   │  Lignes: 10  |  📋 Nouveaux AO: 3  |  Ignorés: 7
2026-08-05 13:09:14,649 - INFO -   └──────────────────────────────────────────────────
2026-08-05 13:09:14,650 - INFO - 
2026-08-05 13:09:14,650 - INFO -   ╔══════════════════════════════════════════════════════════════════════╗
2026-08-05 13:09:14,651 - INFO -   ║ 📋 AO #3  |  ⭐ 28/100 ⭐  |  🔖 TN3130942
2026-08-05 13:09:14,652 - INFO -   ╠══════════════════════════════════════════════════════════════════════╣
2026-08-05 13:09:14,652 - INFO -   ║ 📝 La révision des régleurs en charge de la direction transport nord - Tanger...La révision des régleur
2026-08-05 13:09:14,653 - INFO -   ║ 🏢 OFFICE NATIONALE DE L'ELECTRICITE ET DE L'EAU POTABLE - BRAN
2026-08-05 13:09:14,654 - INFO -   ║ ⏰ 23/09/2026 (48j) 🟢
2026-08-05 13:09:14,655 - INFO -   ╚══════════════════════════════════════════════════════════════════════╝
2026-08-05 13:09:15,012 - INFO -      📥 Téléchargement DCE...
2026-08-05 13:09:45,877 - INFO -      ✅ DCE téléchargé (30.9s, 2706 KB)
2026-08-05 13:09:46,090 - INFO -   ┌─ EXTRACTION ─────────────────────────────
2026-08-05 13:09:46,092 - INFO -   │ 📢 Avis...
2026-08-05 13:13:38,376 - INFO -   │   ✅ 1 champ(s) extrait(s)
2026-08-05 13:13:38,377 - INFO -   │     🏗️ Visite: 26/08/2026
2026-08-05 13:13:38,378 - INFO -   │ 📜 RC...
2026-08-05 13:13:38,909 - INFO -   │   ⚠️ Aucun fichier RC trouvé
2026-08-05 13:13:38,910 - INFO -   │ 📊 BP...
2026-08-05 13:13:39,383 - INFO -   │   ⚠️ Aucun fichier BP trouvé
2026-08-05 13:13:39,561 - INFO -   └──────────────────────────────────────────
2026-08-05 13:13:39,563 - INFO - 
2026-08-05 13:13:39,568 - INFO -   ╔══════════════════════════════════════════════════════════════════════╗
2026-08-05 13:13:39,572 - INFO -   ║ 📋 AO #4  |  ⭐ 41/100 ⭐⭐  |  🔖 32/DRD/CD/SPD/1/2026
2026-08-05 13:13:39,575 - INFO -   ╠══════════════════════════════════════════════════════════════════════╣
2026-08-05 13:13:39,579 - INFO -   ║ 📝 Réhabilitation de l’adduction Mansour Eddahbi entre la station de traitement et le réservoir R25000m
2026-08-05 13:13:39,584 - INFO -   ║ 🏢 OFFICE NATIONAL DE L'ELECTRICITE ET DE L'EAU POTABLE - BRANC
2026-08-05 13:13:39,597 - INFO -   ║ ⏰ 23/09/2026 (48j) 🟢
2026-08-05 13:13:39,601 - INFO -   ╚══════════════════════════════════════════════════════════════════════╝
2026-08-05 13:13:39,824 - INFO -      📥 Téléchargement DCE...
2026-08-05 13:14:09,723 - INFO -      ✅ DCE téléchargé (29.9s, 3901 KB)
2026-08-05 13:14:09,951 - INFO -   ┌─ EXTRACTION ─────────────────────────────
2026-08-05 13:14:09,954 - INFO -   │ 📢 Avis...
2026-08-05 13:16:09,081 - INFO -   │   ✅ 1 champ(s) extrait(s)
2026-08-05 13:16:09,082 - INFO -   │     💰 Estimation: 1 800 000 000 DHS
2026-08-05 13:16:09,084 - INFO -   │ 📜 RC...
2026-08-05 13:16:11,624 - INFO -   │   ✅ RC: 17 champs extraits
2026-08-05 13:16:11,625 - INFO -   │     attestations_demandees: OUI
2026-08-05 13:16:11,625 - INFO -   │     nombre_references: 2
2026-08-05 13:16:11,626 - INFO -   │     caution_provisoire: OUI
2026-08-05 13:16:11,629 - INFO -   │ 📊 BP...
2026-08-05 13:16:13,678 - INFO -   │   ✅ BP: 61 items extraits
2026-08-05 13:16:13,680 - INFO -   └──────────────────────────────────────────
2026-08-05 13:16:13,680 - INFO - 
2026-08-05 13:16:13,681 - INFO -   ╔══════════════════════════════════════════════════════════════════════╗
2026-08-05 13:16:13,681 - INFO -   ║ 📋 AO #5  |  ⭐ 28/100 ⭐  |  🔖 32/DAM/S/2026
2026-08-05 13:16:13,682 - INFO -   ╠══════════════════════════════════════════════════════════════════════╣
2026-08-05 13:16:13,683 - INFO -   ║ 📝 Fourniture de chlore par importation...Fourniture de chlore par importation
2026-08-05 13:16:13,684 - INFO -   ║ 🏢 OFFICE NATIONAL DE L'ELECTRICITE ET DE L'EAU POTABLE - BRANC
2026-08-05 13:16:13,684 - INFO -   ║ ⏰ 22/09/2026 (47j) 🟢
2026-08-05 13:16:13,685 - INFO -   ╚══════════════════════════════════════════════════════════════════════╝
2026-08-05 13:16:13,894 - INFO -      📥 Téléchargement DCE...
2026-08-05 13:16:43,524 - INFO -      ✅ DCE téléchargé (29.6s, 1951 KB)
2026-08-05 13:16:43,709 - INFO -   ┌─ EXTRACTION ─────────────────────────────
2026-08-05 13:16:43,712 - INFO -   │ 📢 Avis...
2026-08-05 13:17:18,313 - INFO -   │   ✅ 2 champ(s) extrait(s)
2026-08-05 13:17:18,316 - INFO -   │     💰 Estimation: 2 597 400 000 DHS
2026-08-05 13:17:18,320 - INFO -   │     🏗️ Visite: 01/09/2026 à 10h00
2026-08-05 13:17:18,331 - INFO -   │ 📜 RC...
2026-08-05 13:17:21,143 - INFO -   │   ✅ RC: 16 champs extraits
2026-08-05 13:17:21,144 - INFO -   │     attestations_demandees: OUI
2026-08-05 13:17:21,145 - INFO -   │     nombre_references: 1
2026-08-05 13:17:21,146 - INFO -   │     caution_provisoire: OUI
2026-08-05 13:17:21,147 - INFO -   │ 📊 BP...
2026-08-05 13:17:23,121 - INFO -   │   ✅ BP: 2 items extraits
2026-08-05 13:17:23,134 - INFO -   └──────────────────────────────────────────
2026-08-05 13:17:36,136 - INFO - 
  ┌─ 📄 PAGE 4/324 ──────────────────────────────
2026-08-05 13:17:36,137 - INFO -   │  Lignes: 10  |  📋 Nouveaux AO: 4  |  Ignorés: 6
2026-08-05 13:17:36,138 - INFO -   └──────────────────────────────────────────────────
2026-08-05 13:17:36,139 - INFO - 
2026-08-05 13:17:36,139 - INFO -   ╔══════════════════════════════════════════════════════════════════════╗
2026-08-05 13:17:36,140 - INFO -   ║ 📋 AO #6  |  ⭐ 28/100 ⭐  |  🔖 TC3130716/2026/ONEEBELEC
2026-08-05 13:17:36,141 - INFO -   ╠══════════════════════════════════════════════════════════════════════╣
2026-08-05 13:17:36,141 - INFO -   ║ 📝 Fourniture des dispositifs anti cigogne des lignes 60 KV pour le compte de la Direction Transport Ré
2026-08-05 13:17:36,142 - INFO -   ║ 🏢 OFFICE NATIONALE DE L'ELECTRICITE ET DE L'EAU POTABLE - BRAN
2026-08-05 13:17:36,143 - INFO -   ║ ⏰ 22/09/2026 (47j) 🟢
2026-08-05 13:17:36,144 - INFO -   ╚══════════════════════════════════════════════════════════════════════╝
2026-08-05 13:17:36,346 - INFO -      📥 Téléchargement DCE...
2026-08-05 13:18:06,219 - INFO -      ✅ DCE téléchargé (29.9s, 2425 KB)
2026-08-05 13:18:06,461 - INFO -   ┌─ EXTRACTION ─────────────────────────────
2026-08-05 13:18:06,472 - INFO -   │ 📢 Avis...
2026-08-05 13:21:21,206 - INFO -   │   ⚠️ Aucune info Avis trouvée
2026-08-05 13:21:21,207 - INFO -   │ 📜 RC...
2026-08-05 13:21:21,667 - INFO -   │   ⚠️ Aucun fichier RC trouvé
2026-08-05 13:21:21,668 - INFO -   │ 📊 BP...
2026-08-05 13:21:22,141 - INFO -   │   ⚠️ Aucun fichier BP trouvé
2026-08-05 13:21:22,142 - INFO -   └──────────────────────────────────────────
2026-08-05 13:21:22,143 - INFO - 
2026-08-05 13:21:22,143 - INFO -   ╔══════════════════════════════════════════════════════════════════════╗
2026-08-05 13:21:22,144 - INFO -   ║ 📋 AO #7  |  ⭐ 41/100 ⭐⭐  |  🔖 22/2026/DR4
2026-08-05 13:21:22,145 - INFO -   ╠══════════════════════════════════════════════════════════════════════╣
2026-08-05 13:21:22,145 - INFO -   ║ 📝 Réhabilitation et mise à niveau des procédés de chloration, javellisation et neutralisation, assorti
2026-08-05 13:21:22,146 - INFO -   ║ 🏢 OFFICE NATIONAL DE L'ELECTRICITE ET DE L'EAU POTABLE - BRANC
2026-08-05 13:21:22,147 - INFO -   ║ ⏰ 22/09/2026 (47j) 🟢
2026-08-05 13:21:22,147 - INFO -   ╚══════════════════════════════════════════════════════════════════════╝
2026-08-05 13:21:23,206 - INFO -      📥 Téléchargement DCE...
2026-08-05 13:21:53,848 - INFO -      ✅ DCE téléchargé (30.6s, 4478 KB)
2026-08-05 13:21:54,103 - INFO -   ┌─ EXTRACTION ─────────────────────────────
2026-08-05 13:21:54,108 - INFO -   │ 📢 Avis...
2026-08-05 13:25:12,596 - INFO -   │   ✅ 1 champ(s) extrait(s)
2026-08-05 13:25:12,599 - INFO -   │     💰 Estimation: 258 000 000 DHS
2026-08-05 13:25:12,605 - INFO -   │ 📜 RC...
2026-08-05 13:25:50,145 - INFO -   │   ✅ RC: 17 champs extraits
2026-08-05 13:25:50,149 - INFO -   │     attestations_demandees: OUI
2026-08-05 13:25:50,153 - INFO -   │     nombre_references: 1
2026-08-05 13:25:50,160 - INFO -   │     caution_provisoire: OUI
2026-08-05 13:25:50,171 - INFO -   │ 📊 BP...
2026-08-05 13:25:56,734 - INFO -   │   ✅ BP: 65 items extraits
2026-08-05 13:25:56,746 - INFO -   └──────────────────────────────────────────
2026-08-05 13:25:56,753 - INFO - 
2026-08-05 13:25:56,760 - INFO -   ╔══════════════════════════════════════════════════════════════════════╗
2026-08-05 13:25:56,771 - INFO -   ║ 📋 AO #8  |  ⭐ 46/100 ⭐⭐  |  🔖 21/2026/DR4
2026-08-05 13:25:56,773 - INFO -   ╠══════════════════════════════════════════════════════════════════════╣
2026-08-05 13:25:56,775 - INFO -   ║ 📝 RENFORCEMENT DE L'AEP DE LA COMMUNE AIT SIBERN RELEVANT DE LA PROVINCE DE KHEMISSET
LOT : CONDUITE..
2026-08-05 13:25:56,781 - INFO -   ║ 🏢 OFFICE NATIONAL DE L'ELECTRICITE ET DE L'EAU POTABLE - BRANC
2026-08-05 13:25:56,783 - INFO -   ║ ⏰ 22/09/2026 (47j) 🟢
2026-08-05 13:25:56,784 - INFO -   ╚══════════════════════════════════════════════════════════════════════╝
2026-08-05 13:25:57,041 - INFO -      📥 Téléchargement DCE...
2026-08-05 13:26:37,374 - INFO -      ✅ DCE téléchargé (40.3s, 25100 KB)
2026-08-05 13:26:37,600 - INFO -   ┌─ EXTRACTION ─────────────────────────────
2026-08-05 13:26:37,667 - INFO -   │ 📢 Avis...
2026-08-05 13:57:38,119 - INFO -   │   ✅ 1 champ(s) extrait(s)
2026-08-05 13:57:38,122 - INFO -   │     💰 Estimation: 467 040 000 DHS
2026-08-05 13:57:38,137 - INFO -   │ 📜 RC...
2026-08-05 14:02:27,108 - INFO -   │   ✅ RC: 17 champs extraits
2026-08-05 14:02:27,112 - INFO -   │     attestations_demandees: OUI
2026-08-05 14:02:27,118 - INFO -   │     nombre_references: 2
2026-08-05 14:02:27,122 - INFO -   │     caution_provisoire: OUI
2026-08-05 14:02:27,138 - INFO -   │ 📊 BP...
2026-08-05 14:02:28,894 - INFO -   │   ✅ BP: 54 items extraits
2026-08-05 14:02:28,904 - INFO -   └──────────────────────────────────────────
2026-08-05 14:02:28,905 - INFO - 
2026-08-05 14:02:28,906 - INFO -   ╔══════════════════════════════════════════════════════════════════════╗
2026-08-05 14:02:28,907 - INFO -   ║ 📋 AO #9  |  ⭐ 28/100 ⭐  |  🔖 23/2026/DR4
2026-08-05 14:02:28,908 - INFO -   ╠══════════════════════════════════════════════════════════════════════╣
2026-08-05 14:02:28,909 - INFO -   ║ 📝 Equipement du nouveau forage de secours pour le système Chrawta-centre kceibia-Lot :Achèvement GC...
2026-08-05 14:02:28,910 - INFO -   ║ 🏢 OFFICE NATIONAL DE L'ELECTRICITE ET DE L'EAU POTABLE - BRANC
2026-08-05 14:02:28,911 - INFO -   ║ ⏰ 22/09/2026 (47j) 🟢
2026-08-05 14:02:28,912 - INFO -   ╚══════════════════════════════════════════════════════════════════════╝
2026-08-05 14:02:29,258 - INFO -      📥 Téléchargement DCE...
2026-08-05 14:02:58,873 - INFO -      ✅ DCE téléchargé (29.6s, 1569 KB)
2026-08-05 14:02:59,369 - INFO -   ┌─ EXTRACTION ─────────────────────────────
2026-08-05 14:02:59,380 - INFO -   │ 📢 Avis...
