2026-08-05 16:12:04,558 - INFO - 
══════════════════════════════════════════════════════════════════════
  🔍 BACKFILL - 3 DERNIERS MOIS
  🕐 Début: 2026-08-05 16:12:04
══════════════════════════════════════════════════════════════════════
2026-08-05 16:12:04,792 - INFO -   🗄️ 10 AO déjà en base

2026-08-05 16:12:25,356 - INFO -   📄 Pages à scanner: 334

2026-08-05 16:13:20,847 - INFO - 
  ┌─ 📄 PAGE 5/334 ──────────────────────────────
2026-08-05 16:13:20,847 - INFO -   │  Lignes: 10  |  📋 Nouveaux AO: 3  |  Ignorés: 7
2026-08-05 16:13:20,848 - INFO -   └──────────────────────────────────────────────────
2026-08-05 16:13:20,850 - INFO - 
  ╔══════════════════════════════════════════════════════════════════════╗
2026-08-05 16:13:20,852 - INFO -   ║ 📋 AO #1  |  ⭐ 41/100 ⭐⭐  |  🔖 22/2026/DR4
2026-08-05 16:13:20,853 - INFO -   ╠══════════════════════════════════════════════════════════════════════╣
2026-08-05 16:13:20,854 - INFO -   ║ 📝 Réhabilitation et mise à niveau des procédés de chloration, javellisation et neutralisation, assorti
2026-08-05 16:13:20,855 - INFO -   ║ 🏢 OFFICE NATIONAL DE L'ELECTRICITE ET DE L'EAU POTABLE - BRANC
2026-08-05 16:13:20,856 - INFO -   ║ ⏰ 22/09/2026 (47j) 🟢
2026-08-05 16:13:20,857 - INFO -   ╚══════════════════════════════════════════════════════════════════════╝
2026-08-05 16:13:21,332 - INFO -      📥 Téléchargement DCE...
2026-08-05 16:13:58,777 - INFO -      ⚠️ Download annulé
2026-08-05 16:13:58,788 - INFO -      ⚠️ Pas de DCE disponible
2026-08-05 16:13:58,790 - INFO - 
  ╔══════════════════════════════════════════════════════════════════════╗
2026-08-05 16:13:58,791 - INFO -   ║ 📋 AO #2  |  ⭐ 46/100 ⭐⭐  |  🔖 21/2026/DR4
2026-08-05 16:13:58,792 - INFO -   ╠══════════════════════════════════════════════════════════════════════╣
2026-08-05 16:13:58,793 - INFO -   ║ 📝 RENFORCEMENT DE L'AEP DE LA COMMUNE AIT SIBERN RELEVANT DE LA PROVINCE DE KHEMISSET
LOT : CONDUITE..
2026-08-05 16:13:58,794 - INFO -   ║ 🏢 OFFICE NATIONAL DE L'ELECTRICITE ET DE L'EAU POTABLE - BRANC
2026-08-05 16:13:58,795 - INFO -   ║ ⏰ 22/09/2026 (47j) 🟢
2026-08-05 16:13:58,796 - INFO -   ╚══════════════════════════════════════════════════════════════════════╝
