2026-08-05 14:31:18,942 - INFO - 
══════════════════════════════════════════════════════════════════════
2026-08-05 14:31:18,947 - INFO -   🔍 BACKFILL - 3 DERNIERS MOIS
2026-08-05 14:31:18,950 - INFO -   🕐 Début: 2026-08-05 14:31:18
2026-08-05 14:31:18,953 - INFO - ══════════════════════════════════════════════════════════════════════

2026-08-05 14:31:19,252 - INFO -   🗄️ 8 AO déjà en base

2026-08-05 14:31:41,231 - INFO -   📄 Pages à scanner: 329

2026-08-05 14:31:54,375 - INFO - 
  ┌─ 📄 PAGE 2/329 ──────────────────────────────
2026-08-05 14:31:54,376 - INFO -   │  Lignes: 10  |  📋 Nouveaux AO: 2  |  Ignorés: 8
2026-08-05 14:31:54,377 - INFO -   └──────────────────────────────────────────────────
2026-08-05 14:31:54,378 - INFO - 
2026-08-05 14:31:54,378 - INFO -   ╔══════════════════════════════════════════════════════════════════════╗
2026-08-05 14:31:54,379 - INFO -   ║ 📋 AO #1  |  ⭐ 47/100 ⭐⭐  |  🔖 SP4130189
2026-08-05 14:31:54,379 - INFO -   ╠══════════════════════════════════════════════════════════════════════╣
2026-08-05 14:31:54,380 - INFO -   ║ 📝 Etudes d’exécution, fourniture des équipements, construction, installation et mise en service de la 
2026-08-05 14:31:54,381 - INFO -   ║ 🏢 OFFICE NATIONALE DE L'ELECTRICITE ET DE L'EAU POTABLE - BRAN
2026-08-05 14:31:54,382 - INFO -   ║ ⏰ 30/09/2026 (55j) 🟢
2026-08-05 14:31:54,382 - INFO -   ╚══════════════════════════════════════════════════════════════════════╝
2026-08-05 14:31:54,671 - INFO -      📥 Téléchargement DCE...
2026-08-05 14:33:06,951 - INFO -      ❌ Échec upload Supabase
2026-08-05 14:33:06,952 - INFO -      ⚠️ Pas de DCE disponible pour cet AO
2026-08-05 14:33:06,952 - INFO - 
2026-08-05 14:33:06,953 - INFO -   ╔══════════════════════════════════════════════════════════════════════╗
2026-08-05 14:33:06,954 - INFO -   ║ 📋 AO #2  |  ⭐ 34/100 ⭐  |  🔖 PM4130014/2026/DXM
2026-08-05 14:33:06,954 - INFO -   ╠══════════════════════════════════════════════════════════════════════╣
2026-08-05 14:33:06,955 - INFO -   ║ 📝 Fourniture et installation d’un moteur de 1130 KW pour les pompes de circulation de la Direction Exp
2026-08-05 14:33:06,956 - INFO -   ║ 🏢 OFFICE NATIONALE DE L'ELECTRICITE ET DE L'EAU POTABLE - BRAN
2026-08-05 14:33:06,957 - INFO -   ║ ⏰ 24/09/2026 (49j) 🟢
2026-08-05 14:33:06,957 - INFO -   ╚══════════════════════════════════════════════════════════════════════╝
2026-08-05 14:33:07,399 - INFO -      📥 Téléchargement DCE...
2026-08-05 14:33:36,846 - INFO -      ✅ DCE téléchargé (29.4s, 4061 KB)
2026-08-05 14:33:37,093 - INFO -   ┌─ EXTRACTION ─────────────────────────────
2026-08-05 14:33:37,108 - INFO -   │ 📢 Avis...
2026-08-05 14:38:02,471 - INFO -   │   ✅ 3 champ(s) extrait(s)
2026-08-05 14:38:02,475 - INFO -   │     💰 Estimation: 639 600 000 DHS
2026-08-05 14:38:02,478 - INFO -   │     🔒 Caution: 100 000,00 DHS
2026-08-05 14:38:02,482 - INFO -   │     🏗️ Visite: 66-80-80
2026-08-05 14:38:02,493 - INFO -   │ 📜 RC...
2026-08-05 14:38:03,026 - INFO -   │   ⚠️ Aucun fichier RC trouvé
2026-08-05 14:38:03,028 - INFO -   │ 📊 BP...
2026-08-05 14:38:03,551 - INFO -   │   ⚠️ Aucun fichier BP trouvé
2026-08-05 14:38:03,553 - INFO -   └──────────────────────────────────────────
2026-08-05 14:38:29,371 - INFO - 
  ┌─ 📄 PAGE 4/329 ──────────────────────────────
2026-08-05 14:38:29,372 - INFO -   │  Lignes: 10  |  📋 Nouveaux AO: 1  |  Ignorés: 9
2026-08-05 14:38:29,372 - INFO -   └──────────────────────────────────────────────────
2026-08-05 14:38:29,373 - INFO - 
2026-08-05 14:38:29,374 - INFO -   ╔══════════════════════════════════════════════════════════════════════╗
2026-08-05 14:38:29,374 - INFO -   ║ 📋 AO #3  |  ⭐ 28/100 ⭐  |  🔖 44DR3/2026
2026-08-05 14:38:29,375 - INFO -   ╠══════════════════════════════════════════════════════════════════════╣
2026-08-05 14:38:29,376 - INFO -   ║ 📝 Recherche des fuites par technique innovante :Lot 2 :réparation...Recherche des fuites par technique
2026-08-05 14:38:29,377 - INFO -   ║ 🏢 OFFICE NATIONAL DE L'ELECTRICITE ET DE L'EAU POTABLE - BRANC
2026-08-05 14:38:29,378 - INFO -   ║ ⏰ 22/09/2026 (47j) 🟢
2026-08-05 14:38:29,378 - INFO -   ╚══════════════════════════════════════════════════════════════════════╝
2026-08-05 14:38:29,608 - INFO -      📥 Téléchargement DCE...
2026-08-05 14:38:59,815 - INFO -      ✅ DCE téléchargé (30.2s, 4101 KB)
2026-08-05 14:39:00,225 - INFO -   ┌─ EXTRACTION ─────────────────────────────
2026-08-05 14:39:00,235 - INFO -   │ 📢 Avis...
2026-08-05 14:39:05,165 - INFO -   │   ✅ 3 champ(s) extrait(s)
2026-08-05 14:39:05,166 - INFO -   │     💰 Estimation: 168 000 000 DHS
2026-08-05 14:39:05,166 - INFO -   │     🔒 Caution: 16 800,00 DH
2026-08-05 14:39:05,167 - INFO -   │     🏗️ Visite: 05-23-49
2026-08-05 14:39:05,169 - INFO -   │ 📜 RC...
2026-08-05 14:39:05,659 - INFO -   │   ⚠️ Aucun fichier RC trouvé
2026-08-05 14:39:05,661 - INFO -   │ 📊 BP...
2026-08-05 14:39:07,714 - INFO -   │   ✅ BP: 38 items extraits
2026-08-05 14:39:07,724 - INFO -   └──────────────────────────────────────────
2026-08-05 14:39:46,241 - INFO - 
  ┌─ 📄 PAGE 7/329 ──────────────────────────────
2026-08-05 14:39:46,242 - INFO -   │  Lignes: 10  |  📋 Nouveaux AO: 3  |  Ignorés: 7
2026-08-05 14:39:46,242 - INFO -   └──────────────────────────────────────────────────
2026-08-05 14:39:46,243 - INFO - 
2026-08-05 14:39:46,244 - INFO -   ╔══════════════════════════════════════════════════════════════════════╗
2026-08-05 14:39:46,245 - INFO -   ║ 📋 AO #4  |  ⭐ 28/100 ⭐  |  🔖 TN4130616
2026-08-05 14:39:46,245 - INFO -   ╠══════════════════════════════════════════════════════════════════════╣
2026-08-05 14:39:46,246 - INFO -   ║ 📝 Mise à niveau de la partie 60KV des postes OUAZZANE, R’MEL et REGRAGA...Mise à niveau de la partie 6
2026-08-05 14:39:46,247 - INFO -   ║ 🏢 OFFICE NATIONALE DE L'ELECTRICITE ET DE L'EAU POTABLE - BRAN
2026-08-05 14:39:46,247 - INFO -   ║ ⏰ 17/09/2026 (42j) 🟢
2026-08-05 14:39:46,248 - INFO -   ╚══════════════════════════════════════════════════════════════════════╝
2026-08-05 14:39:46,474 - INFO -      📥 Téléchargement DCE...
2026-08-05 14:40:18,457 - INFO -      ✅ DCE téléchargé (32.0s, 6573 KB)
2026-08-05 14:40:18,684 - INFO -   ┌─ EXTRACTION ─────────────────────────────
2026-08-05 14:40:18,691 - INFO -   │ 📢 Avis...
2026-08-05 14:46:18,340 - INFO -   │   ✅ 1 champ(s) extrait(s)
2026-08-05 14:46:18,343 - INFO -   │     🏗️ Visite: 05/08/2026
2026-08-05 14:46:18,356 - INFO -   │ 📜 RC...
2026-08-05 14:46:18,877 - INFO -   │   ⚠️ Aucun fichier RC trouvé
2026-08-05 14:46:18,879 - INFO -   │ 📊 BP...
2026-08-05 14:46:19,352 - INFO -   │   ⚠️ Aucun fichier BP trouvé
2026-08-05 14:46:19,354 - INFO -   └──────────────────────────────────────────
2026-08-05 14:46:19,355 - INFO - 
2026-08-05 14:46:19,356 - INFO -   ╔══════════════════════════════════════════════════════════════════════╗
2026-08-05 14:46:19,356 - INFO -   ║ 📋 AO #5  |  ⭐ 31/100 ⭐  |  🔖 TN4130652
2026-08-05 14:46:19,357 - INFO -   ╠══════════════════════════════════════════════════════════════════════╣
2026-08-05 14:46:19,358 - INFO -   ║ 📝 Renouvellement de la ligne 225 kV n° 25-10 « RIAD – KENITRA »...Renouvellement de la ligne 225 kV n°
2026-08-05 14:46:19,359 - INFO -   ║ 🏢 OFFICE NATIONALE DE L'ELECTRICITE ET DE L'EAU POTABLE - BRAN
2026-08-05 14:46:19,359 - INFO -   ║ ⏰ 17/09/2026 (42j) 🟢
2026-08-05 14:46:19,360 - INFO -   ╚══════════════════════════════════════════════════════════════════════╝
2026-08-05 14:46:19,602 - INFO -      📥 Téléchargement DCE...
2026-08-05 14:46:55,166 - INFO -      ✅ DCE téléchargé (35.6s, 8971 KB)
2026-08-05 14:46:55,431 - INFO -   ┌─ EXTRACTION ─────────────────────────────
2026-08-05 14:46:55,453 - INFO -   │ 📢 Avis...
