2026-08-05 11:37:19,486 - INFO -   🗄️ 579 références déjà en base
2026-08-05 11:37:19,487 - INFO - 
2026-08-05 11:37:19,488 - INFO - ======================================================================
2026-08-05 11:37:19,488 - INFO -   📅 BACKFILL - 3 DERNIERS MOIS
2026-08-05 11:37:19,489 - INFO -   🕐 Début: 2026-08-05 11:37:19
2026-08-05 11:37:19,489 - INFO - ======================================================================
2026-08-05 11:37:19,905 - INFO -   🗄️ 579 références déjà en base
2026-08-05 11:37:49,911 - INFO -   📄 Pages à scanner: 319
2026-08-05 11:37:49,912 - INFO - 
2026-08-05 11:37:50,248 - INFO - 
2026-08-05 11:37:50,248 - INFO -   ┌─ 📄 PAGE 1/319 ────────────────────────────────────────
2026-08-05 11:37:50,249 - INFO -   │  Lignes: 10  |  🆕 Nouveaux: 1
2026-08-05 11:37:50,250 - INFO -   │  ⏭️ Ignorés: 9
2026-08-05 11:37:50,250 - INFO -   │     🚫 Non lié: 9
2026-08-05 11:37:50,251 - INFO -   │     🗄️ Déjà en base: 0
2026-08-05 11:37:50,252 - INFO -   │     ⏰ Expiré: 0
2026-08-05 11:37:50,252 - INFO -   └────────────────────────────────────────────────────────
2026-08-05 11:37:50,253 - INFO - 
2026-08-05 11:37:50,255 - INFO -   ╔══════════════════════════════════════════════════════════════════╗
2026-08-05 11:37:50,256 - INFO -   ║ 💧 TENDER #1     ⭐ Score: 28/100 ⭐
2026-08-05 11:37:50,256 - INFO -   ╠══════════════════════════════════════════════════════════════════╣
2026-08-05 11:37:50,257 - INFO -   ║ 🔖 Réf: TS4130752/2026/12/ONEEBELEC
2026-08-05 11:37:50,259 - INFO -   ║ 📝 Objet: Remplacement des traversées des TR 225/60/11KV de la Division Exploitation Trans
2026-08-05 11:37:50,260 - INFO -   ║ 🏢 Acheteur: OFFICE NATIONALE DE L'ELECTRICITE ET DE L'EAU POTA
2026-08-05 11:37:50,260 - INFO -   ║ ⏰ Deadline: 01/10/2026 (56j)
2026-08-05 11:37:50,261 - INFO -   ╚══════════════════════════════════════════════════════════════════╝
2026-08-05 11:38:57,523 - INFO - 
  ────────────────────────────────────────────────────────────
2026-08-05 11:38:57,524 - INFO -      📦 DCE téléchargé (67.1s)
2026-08-05 11:38:57,529 - INFO -   🤖 EXTRACTION COMPLÈTE: TS4130752/2026/12/ONEEBELEC
2026-08-05 11:38:57,538 - INFO -   ────────────────────────────────────────────────────────────
2026-08-05 11:38:57,562 - INFO -   📢 Extraction Avis...
2026-08-05 11:38:57,580 - WARNING -      ⚠️ Module Avis non disponible: cannot import name 'importlib' from 'agents.document' (unknown location)
2026-08-05 11:38:57,747 - INFO -   📜 Extraction RC...
2026-08-05 11:38:57,749 - WARNING -      ⚠️ Module RC non disponible
2026-08-05 11:38:57,750 - INFO -   📋 Extraction BP...
2026-08-05 11:38:57,752 - WARNING -      ⚠️ Module BP non disponible
2026-08-05 11:38:57,753 - INFO -   ────────────────────────────────────────────────────────────
2026-08-05 11:38:58,097 - INFO -      🗄️ 1 offres sauvegardées dans Supabase
2026-08-05 11:40:47,460 - INFO - 
2026-08-05 11:40:47,460 - INFO -   ┌─ 📄 PAGE 9/319 ────────────────────────────────────────
2026-08-05 11:40:47,461 - INFO -   │  Lignes: 10  |  🆕 Nouveaux: 1
2026-08-05 11:40:47,462 - INFO -   │  ⏭️ Ignorés: 9
2026-08-05 11:40:47,462 - INFO -   │     🚫 Non lié: 9
2026-08-05 11:40:47,463 - INFO -   │     🗄️ Déjà en base: 0
2026-08-05 11:40:47,463 - INFO -   │     ⏰ Expiré: 0
2026-08-05 11:40:47,464 - INFO -   └────────────────────────────────────────────────────────
2026-08-05 11:40:47,465 - INFO - 
2026-08-05 11:40:47,465 - INFO -   ╔══════════════════════════════════════════════════════════════════╗
2026-08-05 11:40:47,466 - INFO -   ║ 💧 TENDER #2     ⭐ Score: 51/100 ⭐⭐
2026-08-05 11:40:47,467 - INFO -   ╠══════════════════════════════════════════════════════════════════╣
2026-08-05 11:40:47,468 - INFO -   ║ 🔖 Réf: 31/DAM/ET/2026
2026-08-05 11:40:47,468 - INFO -   ║ 📝 Objet: AEP du Grand Agadir- Extension de la station de traitement de Tamri- Lot n°2: St
2026-08-05 11:40:47,469 - INFO -   ║ 🏢 Acheteur: OFFICE NATIONAL DE L'ELECTRICITE ET DE L'EAU POTAB
2026-08-05 11:40:47,469 - INFO -   ║ ⏰ Deadline: 16/09/2026 (41j)
2026-08-05 11:40:47,471 - INFO -   ╚══════════════════════════════════════════════════════════════════╝
