2026-08-06 11:33:06,460 - INFO - 
══════════════════════════════════════════════════════════════════════
2026-08-06 11:33:06,462 - INFO -   🔍 BACKFILL - 3 DERNIERS MOIS
2026-08-06 11:33:06,463 - INFO -   ⏱️  Début: 2026-08-06 11:33:06
2026-08-06 11:33:06,465 - INFO - ══════════════════════════════════════════════════════════════════════
2026-08-06 11:33:06,707 - INFO -   🗄️  176 AO déjà en base

2026-08-06 11:33:08,057 - INFO -   🌐 Navigation vers https://www.marchespublics.gov.ma...
2026-08-06 11:33:31,003 - INFO -   ✅ Site atteint, résultats chargés
2026-08-06 11:33:31,310 - INFO -   📚 327 pages à scanner

2026-08-06 11:33:32,211 - INFO - 
──────────────────────────────────────────────────────────────────────────────────────────
2026-08-06 11:33:32,212 - INFO -   📄 PAGE 1/327
2026-08-06 11:33:32,213 - INFO - ──────────────────────────────────────────────────────────────────────────────────────────
2026-08-06 11:33:32,215 - INFO -      Tous ignorés (10 AO)
2026-08-06 11:33:32,215 - INFO -   ──────────────────────────────────────────────────────────────────────
2026-08-06 11:33:32,216 - INFO -   📊 Page 1: 10 lignes | 0 nouveaux | 10 ignorés
2026-08-06 11:33:32,217 - INFO -      ⏭️ Raisons: Déjà en base: 1, Non pertinent: 9
2026-08-06 11:33:32,218 - INFO -   ──────────────────────────────────────────────────────────────────────
2026-08-06 11:33:46,921 - INFO - 
──────────────────────────────────────────────────────────────────────────────────────────
2026-08-06 11:33:46,921 - INFO -   📄 PAGE 2/327
2026-08-06 11:33:46,922 - INFO - ──────────────────────────────────────────────────────────────────────────────────────────
2026-08-06 11:33:46,923 - INFO -      Tous ignorés (10 AO)
2026-08-06 11:33:46,923 - INFO -   ──────────────────────────────────────────────────────────────────────
2026-08-06 11:33:46,924 - INFO -   📊 Page 2: 10 lignes | 0 nouveaux | 10 ignorés
2026-08-06 11:33:46,925 - INFO -      ⏭️ Raisons: Déjà en base: 1, Non pertinent: 9
2026-08-06 11:33:46,925 - INFO -   ──────────────────────────────────────────────────────────────────────
2026-08-06 11:34:00,023 - INFO - 
──────────────────────────────────────────────────────────────────────────────────────────
2026-08-06 11:34:00,024 - INFO -   📄 PAGE 3/327
2026-08-06 11:34:00,024 - INFO - ──────────────────────────────────────────────────────────────────────────────────────────
2026-08-06 11:34:00,025 - INFO -      Tous ignorés (10 AO)
2026-08-06 11:34:00,026 - INFO -   ──────────────────────────────────────────────────────────────────────
2026-08-06 11:34:00,026 - INFO -   📊 Page 3: 10 lignes | 0 nouveaux | 10 ignorés
2026-08-06 11:34:00,027 - INFO -      ⏭️ Raisons: Déjà en base: 3, Non pertinent: 7
2026-08-06 11:34:00,027 - INFO -   ──────────────────────────────────────────────────────────────────────
2026-08-06 11:34:13,836 - INFO - 
──────────────────────────────────────────────────────────────────────────────────────────
2026-08-06 11:34:13,837 - INFO -   📄 PAGE 4/327
2026-08-06 11:34:13,838 - INFO - ──────────────────────────────────────────────────────────────────────────────────────────
2026-08-06 11:34:13,838 - INFO -      Tous ignorés (10 AO)
2026-08-06 11:34:13,839 - INFO -   ──────────────────────────────────────────────────────────────────────
2026-08-06 11:34:13,840 - INFO -   📊 Page 4: 10 lignes | 0 nouveaux | 10 ignorés
2026-08-06 11:34:13,841 - INFO -      ⏭️ Raisons: Déjà en base: 2, Non pertinent: 8
2026-08-06 11:34:13,841 - INFO -   ──────────────────────────────────────────────────────────────────────
2026-08-06 11:34:27,831 - INFO - 
──────────────────────────────────────────────────────────────────────────────────────────
2026-08-06 11:34:27,832 - INFO -   📄 PAGE 5/327
2026-08-06 11:34:27,833 - INFO - ──────────────────────────────────────────────────────────────────────────────────────────
2026-08-06 11:34:27,834 - INFO -      Tous ignorés (10 AO)
2026-08-06 11:34:27,834 - INFO -   ──────────────────────────────────────────────────────────────────────
2026-08-06 11:34:27,835 - INFO -   📊 Page 5: 10 lignes | 0 nouveaux | 10 ignorés
2026-08-06 11:34:27,836 - INFO -      ⏭️ Raisons: Déjà en base: 6, Non pertinent: 4
2026-08-06 11:34:27,837 - INFO -   ──────────────────────────────────────────────────────────────────────
2026-08-06 11:34:41,108 - INFO - 
──────────────────────────────────────────────────────────────────────────────────────────
2026-08-06 11:34:41,109 - INFO -   📄 PAGE 6/327
2026-08-06 11:34:41,110 - INFO - ──────────────────────────────────────────────────────────────────────────────────────────
2026-08-06 11:34:41,111 - INFO -      Tous ignorés (10 AO)
2026-08-06 11:34:41,112 - INFO -   ──────────────────────────────────────────────────────────────────────
2026-08-06 11:34:41,112 - INFO -   📊 Page 6: 10 lignes | 0 nouveaux | 10 ignorés
2026-08-06 11:34:41,113 - INFO -      ⏭️ Raisons: Non pertinent: 10
2026-08-06 11:34:41,113 - INFO -   ──────────────────────────────────────────────────────────────────────
2026-08-06 11:34:54,777 - INFO - 
──────────────────────────────────────────────────────────────────────────────────────────
2026-08-06 11:34:54,777 - INFO -   📄 PAGE 7/327
2026-08-06 11:34:54,778 - INFO - ──────────────────────────────────────────────────────────────────────────────────────────
2026-08-06 11:34:54,779 - INFO -      Tous ignorés (10 AO)
2026-08-06 11:34:54,779 - INFO -   ──────────────────────────────────────────────────────────────────────
2026-08-06 11:34:54,780 - INFO -   📊 Page 7: 10 lignes | 0 nouveaux | 10 ignorés
2026-08-06 11:34:54,780 - INFO -      ⏭️ Raisons: Déjà en base: 1, Non pertinent: 9
2026-08-06 11:34:54,781 - INFO -   ──────────────────────────────────────────────────────────────────────
2026-08-06 11:35:07,898 - INFO - 
──────────────────────────────────────────────────────────────────────────────────────────
2026-08-06 11:35:07,899 - INFO -   📄 PAGE 8/327
2026-08-06 11:35:07,899 - INFO - ──────────────────────────────────────────────────────────────────────────────────────────
2026-08-06 11:35:07,900 - INFO -      Tous ignorés (10 AO)
2026-08-06 11:35:07,901 - INFO -   ──────────────────────────────────────────────────────────────────────
2026-08-06 11:35:07,901 - INFO -   📊 Page 8: 10 lignes | 0 nouveaux | 10 ignorés
2026-08-06 11:35:07,902 - INFO -      ⏭️ Raisons: Non pertinent: 10
2026-08-06 11:35:07,902 - INFO -   ──────────────────────────────────────────────────────────────────────
2026-08-06 11:35:21,301 - INFO - 
──────────────────────────────────────────────────────────────────────────────────────────
2026-08-06 11:35:21,302 - INFO -   📄 PAGE 9/327
2026-08-06 11:35:21,303 - INFO - ──────────────────────────────────────────────────────────────────────────────────────────
2026-08-06 11:35:21,304 - INFO -      Tous ignorés (10 AO)
2026-08-06 11:35:21,305 - INFO -   ──────────────────────────────────────────────────────────────────────
2026-08-06 11:35:21,305 - INFO -   📊 Page 9: 10 lignes | 0 nouveaux | 10 ignorés
2026-08-06 11:35:21,306 - INFO -      ⏭️ Raisons: Non pertinent: 10
2026-08-06 11:35:21,306 - INFO -   ──────────────────────────────────────────────────────────────────────
2026-08-06 11:35:34,814 - INFO - 
──────────────────────────────────────────────────────────────────────────────────────────
2026-08-06 11:35:34,815 - INFO -   📄 PAGE 10/327
2026-08-06 11:35:34,815 - INFO - ──────────────────────────────────────────────────────────────────────────────────────────
2026-08-06 11:35:34,816 - INFO -      Tous ignorés (10 AO)
2026-08-06 11:35:34,817 - INFO -   ──────────────────────────────────────────────────────────────────────
2026-08-06 11:35:34,817 - INFO -   📊 Page 10: 10 lignes | 0 nouveaux | 10 ignorés
2026-08-06 11:35:34,818 - INFO -      ⏭️ Raisons: Déjà en base: 5, Non pertinent: 5
2026-08-06 11:35:34,819 - INFO -   ──────────────────────────────────────────────────────────────────────
2026-08-06 11:35:34,819 - INFO - 
  ⏱️  Progression: 10/327 pages | 0 AO | 0 DCE | 2 min

2026-08-06 11:35:48,213 - INFO - 
──────────────────────────────────────────────────────────────────────────────────────────
2026-08-06 11:35:48,214 - INFO -   📄 PAGE 11/327
2026-08-06 11:35:48,215 - INFO - ──────────────────────────────────────────────────────────────────────────────────────────
2026-08-06 11:35:48,216 - INFO -      Tous ignorés (10 AO)
2026-08-06 11:35:48,216 - INFO -   ──────────────────────────────────────────────────────────────────────
2026-08-06 11:35:48,217 - INFO -   📊 Page 11: 10 lignes | 0 nouveaux | 10 ignorés
2026-08-06 11:35:48,218 - INFO -      ⏭️ Raisons: Non pertinent: 10
2026-08-06 11:35:48,218 - INFO -   ──────────────────────────────────────────────────────────────────────
2026-08-06 11:36:01,393 - INFO - 
──────────────────────────────────────────────────────────────────────────────────────────
2026-08-06 11:36:01,395 - INFO -   📄 PAGE 12/327
2026-08-06 11:36:01,395 - INFO - ──────────────────────────────────────────────────────────────────────────────────────────
2026-08-06 11:36:01,396 - INFO -      Tous ignorés (10 AO)
2026-08-06 11:36:01,397 - INFO -   ──────────────────────────────────────────────────────────────────────
2026-08-06 11:36:01,397 - INFO -   📊 Page 12: 10 lignes | 0 nouveaux | 10 ignorés
2026-08-06 11:36:01,398 - INFO -      ⏭️ Raisons: Non pertinent: 10
2026-08-06 11:36:01,399 - INFO -   ──────────────────────────────────────────────────────────────────────
2026-08-06 11:36:15,086 - INFO - 
──────────────────────────────────────────────────────────────────────────────────────────
2026-08-06 11:36:15,087 - INFO -   📄 PAGE 13/327
2026-08-06 11:36:15,088 - INFO - ──────────────────────────────────────────────────────────────────────────────────────────
2026-08-06 11:36:15,089 - INFO -      Tous ignorés (10 AO)
2026-08-06 11:36:15,089 - INFO -   ──────────────────────────────────────────────────────────────────────
2026-08-06 11:36:15,090 - INFO -   📊 Page 13: 10 lignes | 0 nouveaux | 10 ignorés
2026-08-06 11:36:15,091 - INFO -      ⏭️ Raisons: Déjà en base: 1, Non pertinent: 9
2026-08-06 11:36:15,091 - INFO -   ──────────────────────────────────────────────────────────────────────
2026-08-06 11:36:29,608 - INFO - 
──────────────────────────────────────────────────────────────────────────────────────────
2026-08-06 11:36:29,609 - INFO -   📄 PAGE 14/327
2026-08-06 11:36:29,609 - INFO - ──────────────────────────────────────────────────────────────────────────────────────────
2026-08-06 11:36:29,610 - INFO -      Tous ignorés (10 AO)
2026-08-06 11:36:29,611 - INFO -   ──────────────────────────────────────────────────────────────────────
2026-08-06 11:36:29,612 - INFO -   📊 Page 14: 10 lignes | 0 nouveaux | 10 ignorés
2026-08-06 11:36:29,613 - INFO -      ⏭️ Raisons: Déjà en base: 1, Non pertinent: 9
2026-08-06 11:36:29,613 - INFO -   ──────────────────────────────────────────────────────────────────────
2026-08-06 11:36:42,717 - INFO - 
──────────────────────────────────────────────────────────────────────────────────────────
2026-08-06 11:36:42,718 - INFO -   📄 PAGE 15/327
2026-08-06 11:36:42,718 - INFO - ──────────────────────────────────────────────────────────────────────────────────────────
2026-08-06 11:36:42,719 - INFO -      Tous ignorés (10 AO)
2026-08-06 11:36:42,720 - INFO -   ──────────────────────────────────────────────────────────────────────
2026-08-06 11:36:42,720 - INFO -   📊 Page 15: 10 lignes | 0 nouveaux | 10 ignorés
2026-08-06 11:36:42,721 - INFO -      ⏭️ Raisons: Déjà en base: 1, Non pertinent: 9
2026-08-06 11:36:42,723 - INFO -   ──────────────────────────────────────────────────────────────────────
2026-08-06 11:36:55,887 - INFO - 
──────────────────────────────────────────────────────────────────────────────────────────
2026-08-06 11:36:55,888 - INFO -   📄 PAGE 16/327
2026-08-06 11:36:55,888 - INFO - ──────────────────────────────────────────────────────────────────────────────────────────
2026-08-06 11:36:55,889 - INFO -      Tous ignorés (10 AO)
2026-08-06 11:36:55,890 - INFO -   ──────────────────────────────────────────────────────────────────────
2026-08-06 11:36:55,890 - INFO -   📊 Page 16: 10 lignes | 0 nouveaux | 10 ignorés
2026-08-06 11:36:55,891 - INFO -      ⏭️ Raisons: Déjà en base: 2, Non pertinent: 8
2026-08-06 11:36:55,892 - INFO -   ──────────────────────────────────────────────────────────────────────
2026-08-06 11:37:10,142 - INFO - 
──────────────────────────────────────────────────────────────────────────────────────────
2026-08-06 11:37:10,143 - INFO -   📄 PAGE 17/327
2026-08-06 11:37:10,144 - INFO - ──────────────────────────────────────────────────────────────────────────────────────────
2026-08-06 11:37:10,145 - INFO -      Tous ignorés (10 AO)
2026-08-06 11:37:10,145 - INFO -   ──────────────────────────────────────────────────────────────────────
2026-08-06 11:37:10,146 - INFO -   📊 Page 17: 10 lignes | 0 nouveaux | 10 ignorés
2026-08-06 11:37:10,147 - INFO -      ⏭️ Raisons: Non pertinent: 10
2026-08-06 11:37:10,147 - INFO -   ──────────────────────────────────────────────────────────────────────
2026-08-06 11:37:23,273 - INFO - 
──────────────────────────────────────────────────────────────────────────────────────────
2026-08-06 11:37:23,274 - INFO -   📄 PAGE 18/327
2026-08-06 11:37:23,275 - INFO - ──────────────────────────────────────────────────────────────────────────────────────────
2026-08-06 11:37:23,276 - INFO -      Tous ignorés (10 AO)
2026-08-06 11:37:23,276 - INFO -   ──────────────────────────────────────────────────────────────────────
2026-08-06 11:37:23,277 - INFO -   📊 Page 18: 10 lignes | 0 nouveaux | 10 ignorés
2026-08-06 11:37:23,278 - INFO -      ⏭️ Raisons: Non pertinent: 10
2026-08-06 11:37:23,278 - INFO -   ──────────────────────────────────────────────────────────────────────
2026-08-06 11:37:36,541 - INFO - 
──────────────────────────────────────────────────────────────────────────────────────────
2026-08-06 11:37:36,542 - INFO -   📄 PAGE 19/327
2026-08-06 11:37:36,542 - INFO - ──────────────────────────────────────────────────────────────────────────────────────────
2026-08-06 11:37:36,543 - INFO -      Tous ignorés (10 AO)
2026-08-06 11:37:36,544 - INFO -   ──────────────────────────────────────────────────────────────────────
2026-08-06 11:37:36,544 - INFO -   📊 Page 19: 10 lignes | 0 nouveaux | 10 ignorés
2026-08-06 11:37:36,545 - INFO -      ⏭️ Raisons: Non pertinent: 10
2026-08-06 11:37:36,545 - INFO -   ──────────────────────────────────────────────────────────────────────
2026-08-06 11:37:49,497 - INFO - 
──────────────────────────────────────────────────────────────────────────────────────────
2026-08-06 11:37:49,498 - INFO -   📄 PAGE 20/327
2026-08-06 11:37:49,498 - INFO - ──────────────────────────────────────────────────────────────────────────────────────────
2026-08-06 11:37:49,499 - INFO -      Tous ignorés (10 AO)
2026-08-06 11:37:49,499 - INFO -   ──────────────────────────────────────────────────────────────────────
2026-08-06 11:37:49,500 - INFO -   📊 Page 20: 10 lignes | 0 nouveaux | 10 ignorés
2026-08-06 11:37:49,500 - INFO -      ⏭️ Raisons: Déjà en base: 3, Non pertinent: 7
2026-08-06 11:37:49,501 - INFO -   ──────────────────────────────────────────────────────────────────────
2026-08-06 11:37:49,502 - INFO - 
  ⏱️  Progression: 20/327 pages | 0 AO | 0 DCE | 4 min

2026-08-06 11:38:02,742 - INFO - 
──────────────────────────────────────────────────────────────────────────────────────────
2026-08-06 11:38:02,743 - INFO -   📄 PAGE 21/327
2026-08-06 11:38:02,744 - INFO - ──────────────────────────────────────────────────────────────────────────────────────────
2026-08-06 11:38:02,744 - INFO -      Tous ignorés (10 AO)
2026-08-06 11:38:02,745 - INFO -   ──────────────────────────────────────────────────────────────────────
2026-08-06 11:38:02,745 - INFO -   📊 Page 21: 10 lignes | 0 nouveaux | 10 ignorés
2026-08-06 11:38:02,746 - INFO -      ⏭️ Raisons: Déjà en base: 3, Non pertinent: 7
2026-08-06 11:38:02,746 - INFO -   ──────────────────────────────────────────────────────────────────────
2026-08-06 11:38:16,814 - INFO - 
──────────────────────────────────────────────────────────────────────────────────────────
2026-08-06 11:38:16,815 - INFO -   📄 PAGE 22/327
2026-08-06 11:38:16,816 - INFO - ──────────────────────────────────────────────────────────────────────────────────────────
2026-08-06 11:38:16,816 - INFO -      Tous ignorés (10 AO)
2026-08-06 11:38:16,817 - INFO -   ──────────────────────────────────────────────────────────────────────
2026-08-06 11:38:16,818 - INFO -   📊 Page 22: 10 lignes | 0 nouveaux | 10 ignorés
2026-08-06 11:38:16,819 - INFO -      ⏭️ Raisons: Déjà en base: 1, Non pertinent: 9
2026-08-06 11:38:16,819 - INFO -   ──────────────────────────────────────────────────────────────────────
2026-08-06 11:38:30,218 - INFO - 
──────────────────────────────────────────────────────────────────────────────────────────
2026-08-06 11:38:30,219 - INFO -   📄 PAGE 23/327
2026-08-06 11:38:30,220 - INFO - ──────────────────────────────────────────────────────────────────────────────────────────
2026-08-06 11:38:30,220 - INFO -      Tous ignorés (10 AO)
2026-08-06 11:38:30,221 - INFO -   ──────────────────────────────────────────────────────────────────────
2026-08-06 11:38:30,221 - INFO -   📊 Page 23: 10 lignes | 0 nouveaux | 10 ignorés
2026-08-06 11:38:30,222 - INFO -      ⏭️ Raisons: Non pertinent: 10
2026-08-06 11:38:30,223 - INFO -   ──────────────────────────────────────────────────────────────────────
2026-08-06 11:38:38,181 - INFO -   ⚠️ Page 24 inaccessible, passage à la suite...
2026-08-06 11:38:38,192 - INFO -   ⚠️ Page 25 inaccessible, passage à la suite...
2026-08-06 11:38:38,243 - INFO -   ⚠️ Page 26 inaccessible, passage à la suite...
2026-08-06 11:38:38,251 - INFO -   ⚠️ Page 27 inaccessible, passage à la suite...
2026-08-06 11:38:38,260 - INFO -   ⚠️ Page 28 inaccessible, passage à la suite...
2026-08-06 11:38:38,268 - INFO -   ⚠️ Page 29 inaccessible, passage à la suite...
2026-08-06 11:38:38,277 - INFO -   ⚠️ Page 30 inaccessible, passage à la suite...
2026-08-06 11:38:38,285 - INFO -   ⚠️ Page 31 inaccessible, passage à la suite...
2026-08-06 11:38:38,293 - INFO -   ⚠️ Page 32 inaccessible, passage à la suite...
2026-08-06 11:38:38,301 - INFO -   ⚠️ Page 33 inaccessible, passage à la suite...
2026-08-06 11:38:38,310 - INFO -   ⚠️ Page 34 inaccessible, passage à la suite...
2026-08-06 11:38:38,319 - INFO -   ⚠️ Page 35 inaccessible, passage à la suite...
2026-08-06 11:38:38,328 - INFO -   ⚠️ Page 36 inaccessible, passage à la suite...
2026-08-06 11:38:38,335 - INFO -   ⚠️ Page 37 inaccessible, passage à la suite...
2026-08-06 11:38:38,344 - INFO -   ⚠️ Page 38 inaccessible, passage à la suite...
2026-08-06 11:38:38,350 - INFO -   ⚠️ Page 39 inaccessible, passage à la suite...
