2026-08-05 21:46:20,108 - INFO - 
══════════════════════════════════════════════════════════════════════
  🔍 BACKFILL - 3 DERNIERS MOIS
  🕐 Début: 2026-08-05 21:46:20
══════════════════════════════════════════════════════════════════════
2026-08-05 21:46:39,473 - INFO -   🗄️ 0 AO déjà en base

2026-08-05 21:47:52,285 - INFO -   📄 Pages à scanner: 336

2026-08-05 21:47:54,042 - INFO - 
  ┌─ 📄 PAGE 1/336 ──────────────────────────────
2026-08-05 21:47:54,042 - INFO -   │  Lignes: 10  |  📋 Nouveaux AO: 1  |  Ignorés: 9
2026-08-05 21:47:54,043 - INFO -   └──────────────────────────────────────────────────
2026-08-05 21:47:54,044 - INFO - 
  ╔══════════════════════════════════════════════════════════════════════╗
2026-08-05 21:47:54,045 - INFO -   ║ 📋 AO #1  |  ⭐ 28/100 ⭐  |  🔖 TS4130752/2026/12/ONEEBELEC
2026-08-05 21:47:54,046 - INFO -   ╠══════════════════════════════════════════════════════════════════════╣
2026-08-05 21:47:54,049 - INFO -   ║ 📝 Remplacement des traversées des TR 225/60/11KV de la Division Exploitation Transport Marrakech....Re
2026-08-05 21:47:54,051 - INFO -   ║ 🏢 OFFICE NATIONALE DE L'ELECTRICITE ET DE L'EAU POTABLE - BRAN
2026-08-05 21:47:54,053 - INFO -   ║ ⏰ 01/10/2026 (56j) 🟢
2026-08-05 21:47:54,054 - INFO -   ╚══════════════════════════════════════════════════════════════════════╝
2026-08-05 21:47:54,436 - INFO -      📥 Téléchargement DCE...
