2026-08-05 21:08:38,249 - INFO - 
══════════════════════════════════════════════════════════════════════
  🔍 BACKFILL - 3 DERNIERS MOIS
  🕐 Début: 2026-08-05 21:08:38
══════════════════════════════════════════════════════════════════════
2026-08-05 21:08:38,672 - INFO -   🗄️ 27 AO déjà en base

2026-08-05 21:09:10,948 - INFO -   📄 Pages à scanner: 336

2026-08-05 21:13:53,969 - INFO - 
  ┌─ 📄 PAGE 19/336 ──────────────────────────────
2026-08-05 21:13:53,970 - INFO -   │  Lignes: 10  |  📋 Nouveaux AO: 2  |  Ignorés: 8
2026-08-05 21:13:53,986 - INFO -   └──────────────────────────────────────────────────
2026-08-05 21:13:53,997 - INFO - 
  ╔══════════════════════════════════════════════════════════════════════╗
2026-08-05 21:13:53,998 - INFO -   ║ 📋 AO #1  |  ⭐ 28/100 ⭐  |  🔖 18/2026/DR4
2026-08-05 21:13:54,167 - INFO -   ╠══════════════════════════════════════════════════════════════════════╣
2026-08-05 21:13:54,351 - INFO -   ║ 📝 Acquisition d’un chromatographe ionique (fourniture des appareils scientifiques) avec contrat de mai
2026-08-05 21:13:54,473 - INFO -   ║ 🏢 OFFICE NATIONAL DE L'ELECTRICITE ET DE L'EAU POTABLE - BRANC
2026-08-05 21:13:54,482 - INFO -   ║ ⏰ 15/09/2026 (40j) 🟢
2026-08-05 21:13:54,484 - INFO -   ╚══════════════════════════════════════════════════════════════════════╝
2026-08-05 21:13:56,766 - INFO -      📥 Téléchargement DCE...
2026-08-05 21:15:09,411 - INFO -      ✅ DCE téléchargé (72.6s, 2945 KB)
2026-08-05 21:15:11,265 - INFO -   ┌─ EXTRACTION ─────────────────────────────
2026-08-05 21:15:11,295 - INFO -   │ 📢 Avis...
2026-08-05 21:15:13,848 - ERROR -   │ ❌ Erreur chargement avis_ext: No module named 'fitz'
2026-08-05 21:15:15,703 - INFO -   │   ✅ 1 champ(s) extrait(s)
2026-08-05 21:15:15,704 - INFO -   │     🏗️ Visite: 01/01/2024
2026-08-05 21:15:15,705 - INFO -   │ 📜 RC...
2026-08-05 21:15:18,103 - INFO -   │   ✅ RC: 17 champs extraits
2026-08-05 21:15:18,107 - INFO -   │     attestations_demandees: OUI
2026-08-05 21:15:18,110 - INFO -   │     nombre_references: 1
2026-08-05 21:15:18,113 - INFO -   │     caution_provisoire: OUI
2026-08-05 21:15:18,115 - INFO -   │ 📊 BP...
2026-08-05 21:15:21,197 - INFO -   │   ✅ BP: 2 items extraits
2026-08-05 21:15:21,211 - INFO -   └──────────────────────────────────────────
2026-08-05 21:15:21,255 - INFO - 
  ╔══════════════════════════════════════════════════════════════════════╗
2026-08-05 21:15:21,321 - INFO -   ║ 📋 AO #2  |  ⭐ 36/100 ⭐  |  🔖 19/2026/DR4
2026-08-05 21:15:21,333 - INFO -   ╠══════════════════════════════════════════════════════════════════════╣
2026-08-05 21:15:21,339 - INFO -   ║ 📝 Renouvellement du système de transfert d’eau potable à partir du complexe Tihli vers CT Bir Taleb-Te
2026-08-05 21:15:21,344 - INFO -   ║ 🏢 OFFICE NATIONAL DE L'ELECTRICITE ET DE L'EAU POTABLE - BRANC
2026-08-05 21:15:21,347 - INFO -   ║ ⏰ 15/09/2026 (40j) 🟢
2026-08-05 21:15:21,348 - INFO -   ╚══════════════════════════════════════════════════════════════════════╝
2026-08-05 21:15:21,700 - INFO -      📥 Téléchargement DCE...
2026-08-05 21:16:26,207 - INFO -      ✅ DCE téléchargé (64.5s, 2683 KB)
2026-08-05 21:16:26,601 - INFO -   ┌─ EXTRACTION ─────────────────────────────
2026-08-05 21:16:26,612 - INFO -   │ 📢 Avis...
2026-08-05 21:16:26,806 - ERROR -   │ ❌ Erreur chargement avis_ext: No module named 'fitz'
2026-08-05 21:16:29,606 - INFO -   │   ✅ 2 champ(s) extrait(s)
2026-08-05 21:16:29,607 - INFO -   │     🔒 Caution: 16 100 DHS
2026-08-05 21:16:29,608 - INFO -   │     🏗️ Visite: 01/01/2024
2026-08-05 21:16:29,612 - INFO -   │ 📜 RC...
2026-08-05 21:16:32,404 - INFO -   │   ✅ RC: 17 champs extraits
2026-08-05 21:16:32,405 - INFO -   │     attestations_demandees: OUI
2026-08-05 21:16:32,415 - INFO -   │     nombre_references: 1
2026-08-05 21:16:32,420 - INFO -   │     caution_provisoire: OUI
2026-08-05 21:16:32,431 - INFO -   │ 📊 BP...
2026-08-05 21:16:35,191 - INFO -   │   ✅ BP: 39 items extraits
2026-08-05 21:16:35,193 - INFO -   └──────────────────────────────────────────
2026-08-05 21:16:52,024 - INFO - 
  ┌─ 📄 PAGE 20/336 ──────────────────────────────
2026-08-05 21:16:52,025 - INFO -   │  Lignes: 10  |  📋 Nouveaux AO: 2  |  Ignorés: 8
2026-08-05 21:16:52,026 - INFO -   └──────────────────────────────────────────────────
2026-08-05 21:16:52,027 - INFO - 
  ╔══════════════════════════════════════════════════════════════════════╗
2026-08-05 21:16:52,027 - INFO -   ║ 📋 AO #3  |  ⭐ 46/100 ⭐⭐  |  🔖 20/2026/DR4
2026-08-05 21:16:52,028 - INFO -   ╠══════════════════════════════════════════════════════════════════════╣
2026-08-05 21:16:52,029 - INFO -   ║ 📝 RENFORCEMENT DE L'AEP DE LA COMMUNE AIT MIMOUNE RELEVANT DE LA PROVINCE DE KHEMISSET
LOT : CONDUITE.
2026-08-05 21:16:52,030 - INFO -   ║ 🏢 OFFICE NATIONAL DE L'ELECTRICITE ET DE L'EAU POTABLE - BRANC
2026-08-05 21:16:52,031 - INFO -   ║ ⏰ 15/09/2026 (40j) 🟢
2026-08-05 21:16:52,032 - INFO -   ╚══════════════════════════════════════════════════════════════════════╝
2026-08-05 21:16:52,458 - INFO -      📥 Téléchargement DCE...
2026-08-05 21:19:58,338 - INFO -      ❌ Échec upload Supabase
2026-08-05 21:19:58,341 - INFO -      ⚠️ Pas de DCE disponible
2026-08-05 21:19:58,344 - INFO - 
  ╔══════════════════════════════════════════════════════════════════════╗
2026-08-05 21:19:58,346 - INFO -   ║ 📋 AO #4  |  ⭐ 38/100 ⭐  |  🔖 68/DR5/2026
2026-08-05 21:19:58,362 - INFO -   ╠══════════════════════════════════════════════════════════════════════╣
2026-08-05 21:19:58,370 - INFO -   ║ 📝 Sécurisation de l’AEP des villes Fès Meknès à partir du barrage Idriss 1er - Lot : Conduites -...Séc
2026-08-05 21:19:58,371 - INFO -   ║ 🏢 OFFICE NATIONAL DE L'ELECTRICITE ET DE L'EAU POTABLE - BRANC
2026-08-05 21:19:58,372 - INFO -   ║ ⏰ 15/09/2026 (40j) 🟢
2026-08-05 21:19:58,373 - INFO -   ╚══════════════════════════════════════════════════════════════════════╝
2026-08-05 21:20:00,391 - INFO -      📥 Téléchargement DCE...
2026-08-05 21:23:40,939 - INFO -      ❌ Échec upload Supabase
2026-08-05 21:23:41,182 - INFO -      ⚠️ Pas de DCE disponible
