2026-08-05 14:54:10,140 - INFO - 
══════════════════════════════════════════════════════════════════════
2026-08-05 14:54:10,141 - INFO -   🔍 BACKFILL - 3 DERNIERS MOIS
2026-08-05 14:54:10,142 - INFO -   🕐 Début: 2026-08-05 14:54:10
2026-08-05 14:54:10,143 - INFO - ══════════════════════════════════════════════════════════════════════

2026-08-05 14:54:10,404 - INFO -   🗄️ 13 AO déjà en base

2026-08-05 14:54:31,607 - INFO -   📄 Pages à scanner: 330

2026-08-05 14:55:23,852 - INFO - 
  ┌─ 📄 PAGE 5/330 ──────────────────────────────
2026-08-05 14:55:23,853 - INFO -   │  Lignes: 10  |  📋 Nouveaux AO: 1  |  Ignorés: 9
2026-08-05 14:55:23,853 - INFO -   └──────────────────────────────────────────────────
2026-08-05 14:55:23,854 - INFO - 
2026-08-05 14:55:23,855 - INFO -   ╔══════════════════════════════════════════════════════════════════════╗
2026-08-05 14:55:23,855 - INFO -   ║ 📋 AO #1  |  ⭐ 31/100 ⭐  |  🔖 21/UMVR/2026
2026-08-05 14:55:23,856 - INFO -   ╠══════════════════════════════════════════════════════════════════════╣
2026-08-05 14:55:23,856 - INFO -   ║ 📝 REHABILITATION DU RESEAU D'ASSAINISSEMENT DU SIÈGE DE LA FACULTÉ DES SCIENCES DE RABAT RELEVANT DE L
2026-08-05 14:55:23,857 - INFO -   ║ 🏢 PRESIDENCE DE L'UNIVERSITE MOHAMMED V DE RABAT
2026-08-05 14:55:23,857 - INFO -   ║ ⏰ 17/09/2026 (42j) 🟢
2026-08-05 14:55:23,859 - INFO -   ╚══════════════════════════════════════════════════════════════════════╝
2026-08-05 14:55:24,092 - INFO -      📥 Téléchargement DCE...
2026-08-05 14:55:57,332 - INFO -      ✅ DCE téléchargé (33.2s, 2129 KB)
2026-08-05 14:55:57,611 - INFO -   ┌─ EXTRACTION ─────────────────────────────
2026-08-05 14:55:57,617 - INFO -   │ 📢 Avis...
2026-08-05 14:56:17,823 - INFO -   │   ✅ 3 champ(s) extrait(s)
2026-08-05 14:56:17,827 - INFO -   │     💰 Estimation: 154 248 000 DHS
2026-08-05 14:56:17,831 - INFO -   │     🔒 Caution: 30 000,00 DHS
2026-08-05 14:56:17,835 - INFO -   │     🏗️ Visite: 09/09/2026 à 10h
2026-08-05 14:56:17,842 - INFO -   │ 📜 RC...
2026-08-05 14:56:19,363 - INFO -   │   ✅ RC: 14 champs extraits
2026-08-05 14:56:19,365 - INFO -   │     attestations_demandees: NON
2026-08-05 14:56:19,366 - INFO -   │     caution_provisoire: OUI
2026-08-05 14:56:19,367 - INFO -   │ 📊 BP...
2026-08-05 14:56:19,946 - INFO -   │   ⚠️ Aucun item BP extrait
2026-08-05 14:56:19,949 - INFO -   └──────────────────────────────────────────
2026-08-05 14:56:59,915 - INFO - 
  ┌─ 📄 PAGE 8/330 ──────────────────────────────
2026-08-05 14:56:59,916 - INFO -   │  Lignes: 10  |  📋 Nouveaux AO: 3  |  Ignorés: 7
2026-08-05 14:56:59,917 - INFO -   └──────────────────────────────────────────────────
2026-08-05 14:56:59,918 - INFO - 
2026-08-05 14:56:59,918 - INFO -   ╔══════════════════════════════════════════════════════════════════════╗
2026-08-05 14:56:59,922 - INFO -   ║ 📋 AO #2  |  ⭐ 28/100 ⭐  |  🔖 GN4130337/2026/DXG
2026-08-05 14:56:59,923 - INFO -   ╠══════════════════════════════════════════════════════════════════════╣
2026-08-05 14:56:59,924 - INFO -   ║ 📝 Fourniture des filtres d’air de suralimentation autonettoyants ASC pour la centrale cd TAN-TAN....Fo
2026-08-05 14:56:59,925 - INFO -   ║ 🏢 OFFICE NATIONALE DE L'ELECTRICITE ET DE L'EAU POTABLE - BRAN
2026-08-05 14:56:59,927 - INFO -   ║ ⏰ 17/09/2026 (42j) 🟢
2026-08-05 14:56:59,928 - INFO -   ╚══════════════════════════════════════════════════════════════════════╝
2026-08-05 14:57:00,528 - INFO -      📥 Téléchargement DCE...
2026-08-05 14:57:31,093 - INFO -      ✅ DCE téléchargé (30.6s, 2148 KB)
2026-08-05 14:57:31,343 - INFO -   ┌─ EXTRACTION ─────────────────────────────
2026-08-05 14:57:31,346 - INFO -   │ 📢 Avis...
2026-08-05 15:00:40,390 - INFO -   │   ✅ 3 champ(s) extrait(s)
2026-08-05 15:00:40,392 - INFO -   │     💰 Estimation: 4 779 400,00 DHS
2026-08-05 15:00:40,393 - INFO -   │     🔒 Caution: 50 000,00 DHS
2026-08-05 15:00:40,397 - INFO -   │     🏗️ Visite: 17/09/2026 à 09h00
2026-08-05 15:00:40,401 - INFO -   │ 📜 RC...
2026-08-05 15:00:40,943 - INFO -   │   ⚠️ Aucun fichier RC trouvé
2026-08-05 15:00:40,945 - INFO -   │ 📊 BP...
2026-08-05 15:00:41,439 - INFO -   │   ⚠️ Aucun fichier BP trouvé
2026-08-05 15:00:41,441 - INFO -   └──────────────────────────────────────────
2026-08-05 15:00:41,441 - INFO - 
2026-08-05 15:00:41,442 - INFO -   ╔══════════════════════════════════════════════════════════════════════╗
2026-08-05 15:00:41,443 - INFO -   ║ 📋 AO #3  |  ⭐ 31/100 ⭐  |  🔖 TC4130768
2026-08-05 15:00:41,443 - INFO -   ╠══════════════════════════════════════════════════════════════════════╣
2026-08-05 15:00:41,445 - INFO -   ║ 📝 Construction des locaux des batteries 127 Vcc des postes HTB relevant de la Direction Régionale Tran
2026-08-05 15:00:41,446 - INFO -   ║ 🏢 OFFICE NATIONALE DE L'ELECTRICITE ET DE L'EAU POTABLE - BRAN
2026-08-05 15:00:41,447 - INFO -   ║ ⏰ 17/09/2026 (42j) 🟢
2026-08-05 15:00:41,448 - INFO -   ╚══════════════════════════════════════════════════════════════════════╝
2026-08-05 15:00:41,657 - INFO -      📥 Téléchargement DCE...
2026-08-05 15:01:14,769 - INFO -      ✅ DCE téléchargé (33.1s, 4119 KB)
2026-08-05 15:01:15,291 - INFO -   ┌─ EXTRACTION ─────────────────────────────
2026-08-05 15:01:15,296 - INFO -   │ 📢 Avis...
2026-08-05 15:05:37,008 - INFO -   │   ✅ 1 champ(s) extrait(s)
2026-08-05 15:05:37,012 - INFO -   │     🏗️ Visite: 06.62.01
2026-08-05 15:05:37,023 - INFO -   │ 📜 RC...
2026-08-05 15:05:37,588 - INFO -   │   ⚠️ Aucun fichier RC trouvé
2026-08-05 15:05:37,589 - INFO -   │ 📊 BP...
2026-08-05 15:05:38,085 - INFO -   │   ⚠️ Aucun fichier BP trouvé
2026-08-05 15:05:38,087 - INFO -   └──────────────────────────────────────────
2026-08-05 15:05:38,088 - INFO - 
2026-08-05 15:05:38,088 - INFO -   ╔══════════════════════════════════════════════════════════════════════╗
2026-08-05 15:05:38,089 - INFO -   ║ 📋 AO #4  |  ⭐ 31/100 ⭐  |  🔖 293/CL/2026/SRMFM
2026-08-05 15:05:38,090 - INFO -   ╠══════════════════════════════════════════════════════════════════════╣
2026-08-05 15:05:38,091 - INFO -   ║ 📝 Travaux de mise à niveau, de construction d'une STEP à boues activées et son exploitation à la ville
2026-08-05 15:05:38,091 - INFO -   ║ 🏢 SOCIETE REGIONALE MULTISERVICES FES - MEKNES S.A
2026-08-05 15:05:38,092 - INFO -   ║ ⏰ 17/09/2026 (42j) 🟢
2026-08-05 15:05:38,093 - INFO -   ╚══════════════════════════════════════════════════════════════════════╝
2026-08-05 15:05:38,741 - INFO -      📥 Téléchargement DCE...
2026-08-05 15:08:50,142 - INFO -      ❌ Échec upload Supabase
2026-08-05 15:08:50,143 - INFO -      ⚠️ Pas de DCE disponible pour cet AO
2026-08-05 15:09:16,836 - INFO - 
  ┌─ 📄 PAGE 10/330 ──────────────────────────────
2026-08-05 15:09:16,837 - INFO -   │  Lignes: 10  |  📋 Nouveaux AO: 1  |  Ignorés: 9
2026-08-05 15:09:16,838 - INFO -   └──────────────────────────────────────────────────
2026-08-05 15:09:16,839 - INFO - 
2026-08-05 15:09:16,839 - INFO -   ╔══════════════════════════════════════════════════════════════════════╗
2026-08-05 15:09:16,840 - INFO -   ║ 📋 AO #5  |  ⭐ 51/100 ⭐⭐  |  🔖 31/DAM/ET/2026
2026-08-05 15:09:16,841 - INFO -   ╠══════════════════════════════════════════════════════════════════════╣
2026-08-05 15:09:16,841 - INFO -   ║ 📝 AEP du Grand Agadir- Extension de la station de traitement de Tamri- Lot n°2: Stations de pompage...
2026-08-05 15:09:16,842 - INFO -   ║ 🏢 OFFICE NATIONAL DE L'ELECTRICITE ET DE L'EAU POTABLE - BRANC
2026-08-05 15:09:16,843 - INFO -   ║ ⏰ 16/09/2026 (41j) 🟢
2026-08-05 15:09:16,844 - INFO -   ╚══════════════════════════════════════════════════════════════════════╝
2026-08-05 15:09:17,273 - INFO -      📥 Téléchargement DCE...
2026-08-05 15:19:43,638 - INFO -      ❌ Échec upload Supabase
2026-08-05 15:19:43,639 - INFO -      ⚠️ Pas de DCE disponible pour cet AO
2026-08-05 15:20:13,224 - INFO - 
  ┌─ 📄 PAGE 12/330 ──────────────────────────────
2026-08-05 15:20:13,224 - INFO -   │  Lignes: 10  |  📋 Nouveaux AO: 2  |  Ignorés: 8
2026-08-05 15:20:13,225 - INFO -   └──────────────────────────────────────────────────
2026-08-05 15:20:13,226 - INFO - 
2026-08-05 15:20:13,226 - INFO -   ╔══════════════════════════════════════════════════════════════════════╗
2026-08-05 15:20:13,227 - INFO -   ║ 📋 AO #6  |  ⭐ 25/100 ⭐  |  🔖 27/2026/ANDA
2026-08-05 15:20:13,227 - INFO -   ╠══════════════════════════════════════════════════════════════════════╣
2026-08-05 15:20:13,228 - INFO -   ║ 📝 Réalisation d’un projet pilote d’algoculture et de captage de naissains de moules dans la baie de Da
2026-08-05 15:20:13,228 - INFO -   ║ 🏢 AGENCE NATIONALE POUR LE DEVELOPPEMENT DE L'AQUACULTURE
2026-08-05 15:20:13,229 - INFO -   ║ ⏰ 15/09/2026 (40j) 🟢
2026-08-05 15:20:13,230 - INFO -   ╚══════════════════════════════════════════════════════════════════════╝
2026-08-05 15:20:13,894 - INFO -      📥 Téléchargement DCE...
2026-08-05 15:20:53,536 - INFO -      ✅ DCE téléchargé (39.6s, 3110 KB)
2026-08-05 15:20:53,788 - INFO -   ┌─ EXTRACTION ─────────────────────────────
2026-08-05 15:20:53,803 - INFO -   │ 📢 Avis...
2026-08-05 15:24:51,066 - INFO -   │   ✅ 3 champ(s) extrait(s)
2026-08-05 15:24:51,067 - INFO -   │     💰 Estimation: 1 500 000 DHS
2026-08-05 15:24:51,068 - INFO -   │     🔒 Caution: 27 000,00 DHS
2026-08-05 15:24:51,068 - INFO -   │     🏗️ Visite: 15/09/2026 à 11h00
2026-08-05 15:24:51,070 - INFO -   │ 📜 RC...
2026-08-05 15:26:29,423 - INFO -   │   ✅ RC: 18 champs extraits
2026-08-05 15:26:29,426 - INFO -   │     attestations_demandees: OUI
2026-08-05 15:26:29,428 - INFO -   │     nombre_references: nombre ou null
2026-08-05 15:26:29,431 - INFO -   │     classe_qualification: ex: Classe A ou null
2026-08-05 15:26:29,433 - INFO -   │     caution_provisoire: OUI
2026-08-05 15:26:29,445 - INFO -   │ 📊 BP...
2026-08-05 15:26:31,632 - INFO -   │   ✅ BP: 17 items extraits
2026-08-05 15:26:31,634 - INFO -   └──────────────────────────────────────────
2026-08-05 15:26:31,635 - INFO - 
2026-08-05 15:26:31,636 - INFO -   ╔══════════════════════════════════════════════════════════════════════╗
2026-08-05 15:26:31,636 - INFO -   ║ 📋 AO #7  |  ⭐ 28/100 ⭐  |  🔖 60/2026
2026-08-05 15:26:31,637 - INFO -   ╠══════════════════════════════════════════════════════════════════════╣
2026-08-05 15:26:31,638 - INFO -   ║ 📝 LA REMISE EN ETAT DE L'ANCIEN SITE DU CAMP D'HEBERGEMENT DU PUITS MKL-110...LA REMISE EN ETAT DE L'A
2026-08-05 15:26:31,639 - INFO -   ║ 🏢 OFFICE NATIONAL DES HYDROCARBURES ET DES MINES
2026-08-05 15:26:31,639 - INFO -   ║ ⏰ 15/09/2026 (40j) 🟢
2026-08-05 15:26:31,640 - INFO -   ╚══════════════════════════════════════════════════════════════════════╝
2026-08-05 15:26:32,059 - INFO -      📥 Téléchargement DCE...
2026-08-05 15:27:57,716 - INFO -      ✅ DCE téléchargé (85.7s, 10157 KB)
2026-08-05 15:27:58,232 - INFO -   ┌─ EXTRACTION ─────────────────────────────
2026-08-05 15:27:58,241 - INFO -   │ 📢 Avis...
