2026-08-05 21:54:50,437 - INFO - 
══════════════════════════════════════════════════════════════════════
  🔍 BACKFILL - 3 DERNIERS MOIS
  🕐 Début: 2026-08-05 21:54:50
══════════════════════════════════════════════════════════════════════
2026-08-05 21:54:50,441 - INFO -   🗄️ 0 AO déjà en base

2026-08-05 21:56:06,895 - INFO -   📄 Pages à scanner: 336

2026-08-05 21:56:08,459 - INFO - 
  ┌─ 📄 PAGE 1/336 ──────────────────────────────
2026-08-05 21:56:08,460 - INFO -   │  Lignes: 10  |  📋 Nouveaux AO: 1  |  Ignorés: 9
2026-08-05 21:56:08,461 - INFO -   └──────────────────────────────────────────────────
2026-08-05 21:56:08,462 - INFO - 
  ╔══════════════════════════════════════════════════════════════════════╗
2026-08-05 21:56:08,462 - INFO -   ║ 📋 AO #1  |  ⭐ 28/100 ⭐  |  🔖 TS4130752/2026/12/ONEEBELEC
2026-08-05 21:56:08,463 - INFO -   ╠══════════════════════════════════════════════════════════════════════╣
2026-08-05 21:56:08,464 - INFO -   ║ 📝 Remplacement des traversées des TR 225/60/11KV de la Division Exploitation Transport Marrakech....Re
2026-08-05 21:56:08,464 - INFO -   ║ 🏢 OFFICE NATIONALE DE L'ELECTRICITE ET DE L'EAU POTABLE - BRAN
2026-08-05 21:56:08,465 - INFO -   ║ ⏰ 01/10/2026 (56j) 🟢
2026-08-05 21:56:08,465 - INFO -   ╚══════════════════════════════════════════════════════════════════════╝
2026-08-05 21:56:34,858 - INFO -      📥 Téléchargement DCE...
2026-08-05 21:56:40,404 - ERROR -      ❌ DCE error: Page.goto: net::ERR_ABORTED; maybe frame was detached?
Call log:
navigating to "https://www.marchespublics.gov.ma/?page=entreprise.EntrepriseDetailConsultation&refConsultation=1030207&orgAcronyme=d4q", waiting until "domcontentloaded"

2026-08-05 21:56:40,430 - INFO -      ⚠️ Pas de DCE disponible
