2026-08-05 11:18:48,423 - INFO -   🗄️ 574 références déjà en base
2026-08-05 11:18:48,432 - INFO - 
2026-08-05 11:18:48,438 - INFO - ======================================================================
2026-08-05 11:18:48,444 - INFO -   📅 BACKFILL - 3 DERNIERS MOIS
2026-08-05 11:18:48,450 - INFO -   🕐 Début: 2026-08-05 11:18:48
2026-08-05 11:18:48,452 - INFO - ======================================================================
2026-08-05 11:18:48,810 - INFO -   🗄️ 574 références déjà en base
2026-08-05 11:19:18,742 - INFO -   📄 Pages à scanner: 319
2026-08-05 11:19:18,743 - INFO - 
2026-08-05 11:20:26,262 - INFO - 
2026-08-05 11:20:26,263 - INFO -   ┌─ 📄 PAGE 6/319 ────────────────────────────────────────
2026-08-05 11:20:26,263 - INFO -   │  Lignes: 10  |  🆕 Nouveaux: 5
2026-08-05 11:20:26,264 - INFO -   │  ⏭️ Ignorés: 5
2026-08-05 11:20:26,264 - INFO -   │     🚫 Non lié: 5
2026-08-05 11:20:26,265 - INFO -   │     🗄️ Déjà en base: 0
2026-08-05 11:20:26,265 - INFO -   │     ⏰ Expiré: 0
2026-08-05 11:20:26,266 - INFO -   └────────────────────────────────────────────────────────
2026-08-05 11:20:26,267 - INFO - 
2026-08-05 11:20:26,267 - INFO -   ╔══════════════════════════════════════════════════════════════════╗
2026-08-05 11:20:26,269 - INFO -   ║ 💧 TENDER #1     ⭐ Score: 28/100 ⭐
2026-08-05 11:20:26,270 - INFO -   ╠══════════════════════════════════════════════════════════════════╣
2026-08-05 11:20:26,271 - INFO -   ║ 🔖 Réf: TN4130616
2026-08-05 11:20:26,272 - INFO -   ║ 📝 Objet: Mise à niveau de la partie 60KV des postes OUAZZANE, R’MEL et REGRAGA...Mise à n
2026-08-05 11:20:26,273 - INFO -   ║ 🏢 Acheteur: OFFICE NATIONALE DE L'ELECTRICITE ET DE L'EAU POTA
2026-08-05 11:20:26,274 - INFO -   ║ ⏰ Deadline: 17/09/2026 (42j)
2026-08-05 11:20:26,275 - INFO -   ╚══════════════════════════════════════════════════════════════════╝
2026-08-05 11:22:05,244 - INFO - 
  ────────────────────────────────────────────────────────────
2026-08-05 11:22:05,244 - INFO -      📦 DCE téléchargé (98.6s)
2026-08-05 11:22:05,247 - INFO -   🤖 EXTRACTION COMPLÈTE: TN4130616
2026-08-05 11:22:05,250 - INFO -   ────────────────────────────────────────────────────────────
2026-08-05 11:22:05,300 - INFO - 
2026-08-05 11:22:05,301 - INFO -   ╔══════════════════════════════════════════════════════════════════╗
2026-08-05 11:22:05,303 - INFO -   ║ 💧 TENDER #2     ⭐ Score: 31/100 ⭐
2026-08-05 11:22:05,304 - INFO -   ╠══════════════════════════════════════════════════════════════════╣
2026-08-05 11:22:05,305 - INFO -   ║ 🔖 Réf: TN4130652
2026-08-05 11:22:05,306 - INFO -   ║ 📝 Objet: Renouvellement de la ligne 225 kV n° 25-10 « RIAD – KENITRA »...Renouvellement d
2026-08-05 11:22:05,309 - INFO -   ║ 🏢 Acheteur: OFFICE NATIONALE DE L'ELECTRICITE ET DE L'EAU POTA
2026-08-05 11:22:05,310 - INFO -   ║ ⏰ Deadline: 17/09/2026 (42j)
2026-08-05 11:22:05,311 - INFO -   ╚══════════════════════════════════════════════════════════════════╝
2026-08-05 11:22:05,559 - INFO -   📢 Extraction Avis (1 fichiers)...
2026-08-05 11:22:05,564 - INFO -      ⚠️ Aucune info Avis trouvée
2026-08-05 11:22:05,565 - INFO -   📜 Extraction RC (1 fichiers)...
2026-08-05 11:22:05,573 - INFO -      ✅ 0 champs RC extraits: ...
2026-08-05 11:22:05,577 - INFO -   📋 Extraction BP (1 fichiers)...
2026-08-05 11:22:05,578 - INFO -      ⚠️ Aucun item BP trouvé
2026-08-05 11:22:06,170 - INFO -   🗄️ 13 champs sauvegardés pour TN4130616
2026-08-05 11:22:06,172 - INFO -   ────────────────────────────────────────────────────────────
2026-08-05 11:24:00,984 - INFO - 
  ────────────────────────────────────────────────────────────
2026-08-05 11:24:00,985 - INFO -      📦 DCE téléchargé (115.5s)
2026-08-05 11:24:00,991 - INFO -   🤖 EXTRACTION COMPLÈTE: TN4130652
2026-08-05 11:24:01,013 - INFO -   ────────────────────────────────────────────────────────────
2026-08-05 11:24:01,054 - INFO - 
2026-08-05 11:24:01,056 - INFO -   ╔══════════════════════════════════════════════════════════════════╗
2026-08-05 11:24:01,057 - INFO -   ║ 💧 TENDER #3     ⭐ Score: 28/100 ⭐
2026-08-05 11:24:01,060 - INFO -   ╠══════════════════════════════════════════════════════════════════╣
2026-08-05 11:24:01,063 - INFO -   ║ 🔖 Réf: GN4130337/2026/DXG
2026-08-05 11:24:01,064 - INFO -   ║ 📝 Objet: Fourniture des filtres d’air de suralimentation autonettoyants ASC pour la centr
2026-08-05 11:24:01,066 - INFO -   ║ 🏢 Acheteur: OFFICE NATIONALE DE L'ELECTRICITE ET DE L'EAU POTA
2026-08-05 11:24:01,066 - INFO -   ║ ⏰ Deadline: 17/09/2026 (42j)
2026-08-05 11:24:01,067 - INFO -   ╚══════════════════════════════════════════════════════════════════╝
2026-08-05 11:24:01,180 - INFO -   📢 Extraction Avis (1 fichiers)...
2026-08-05 11:24:01,181 - INFO -      ⚠️ Aucune info Avis trouvée
2026-08-05 11:24:01,182 - INFO -   📜 Extraction RC (1 fichiers)...
2026-08-05 11:24:01,183 - INFO -      ✅ 0 champs RC extraits: ...
2026-08-05 11:24:01,183 - INFO -   📋 Extraction BP (1 fichiers)...
2026-08-05 11:24:01,184 - INFO -      ⚠️ Aucun item BP trouvé
2026-08-05 11:24:01,595 - INFO -   🗄️ 13 champs sauvegardés pour TN4130652
2026-08-05 11:24:01,599 - INFO -   ────────────────────────────────────────────────────────────
2026-08-05 11:24:36,662 - INFO - 
  ────────────────────────────────────────────────────────────
2026-08-05 11:24:36,662 - INFO -      📦 DCE téléchargé (35.4s)
2026-08-05 11:24:36,665 - INFO -   🤖 EXTRACTION COMPLÈTE: GN4130337/2026/DXG
2026-08-05 11:24:36,667 - INFO -   ────────────────────────────────────────────────────────────
2026-08-05 11:24:36,694 - INFO - 
2026-08-05 11:24:36,701 - INFO -   ╔══════════════════════════════════════════════════════════════════╗
2026-08-05 11:24:36,702 - INFO -   ║ 💧 TENDER #4     ⭐ Score: 31/100 ⭐
2026-08-05 11:24:36,706 - INFO -   ╠══════════════════════════════════════════════════════════════════╣
2026-08-05 11:24:36,709 - INFO -   ║ 🔖 Réf: TC4130768
2026-08-05 11:24:36,710 - INFO -   ║ 📝 Objet: Construction des locaux des batteries 127 Vcc des postes HTB relevant de la Dire
2026-08-05 11:24:36,716 - INFO -   ║ 🏢 Acheteur: OFFICE NATIONALE DE L'ELECTRICITE ET DE L'EAU POTA
2026-08-05 11:24:36,718 - INFO -   ║ ⏰ Deadline: 17/09/2026 (42j)
2026-08-05 11:24:36,725 - INFO -   ╚══════════════════════════════════════════════════════════════════╝
2026-08-05 11:24:36,739 - INFO -   ⚠️ Aucune information extraite
2026-08-05 11:24:36,740 - INFO -   ────────────────────────────────────────────────────────────
2026-08-05 11:25:41,339 - INFO - 
  ────────────────────────────────────────────────────────────
2026-08-05 11:25:41,340 - INFO -      📦 DCE téléchargé (64.5s)
2026-08-05 11:25:41,347 - INFO -   🤖 EXTRACTION COMPLÈTE: TC4130768
2026-08-05 11:25:41,361 - INFO -   ────────────────────────────────────────────────────────────
2026-08-05 11:25:41,398 - INFO - 
2026-08-05 11:25:41,400 - INFO -   ╔══════════════════════════════════════════════════════════════════╗
2026-08-05 11:25:41,402 - INFO -   ║ 💧 TENDER #5     ⭐ Score: 31/100 ⭐
2026-08-05 11:25:41,403 - INFO -   ╠══════════════════════════════════════════════════════════════════╣
2026-08-05 11:25:41,404 - INFO -   ║ 🔖 Réf: 293/CL/2026/SRMFM
2026-08-05 11:25:41,408 - INFO -   ║ 📝 Objet: Travaux de mise à niveau, de construction d'une STEP à boues activées et son exp
2026-08-05 11:25:41,409 - INFO -   ║ 🏢 Acheteur: SOCIETE REGIONALE MULTISERVICES FES - MEKNES S.A
2026-08-05 11:25:41,412 - INFO -   ║ ⏰ Deadline: 17/09/2026 (42j)
2026-08-05 11:25:41,414 - INFO -   ╚══════════════════════════════════════════════════════════════════╝
2026-08-05 11:25:41,468 - INFO -   ⚠️ Aucune information extraite
2026-08-05 11:25:41,469 - INFO -   ────────────────────────────────────────────────────────────
