2026-08-05 16:45:42,640 - INFO - 
══════════════════════════════════════════════════════════════════════
  🔍 BACKFILL - 3 DERNIERS MOIS
  🕐 Début: 2026-08-05 16:45:42
══════════════════════════════════════════════════════════════════════
2026-08-05 16:45:42,950 - INFO -   🗄️ 18 AO déjà en base

2026-08-05 16:46:03,887 - INFO -   📄 Pages à scanner: 335

2026-08-05 16:47:49,037 - INFO - 
  ┌─ 📄 PAGE 9/335 ──────────────────────────────
2026-08-05 16:47:49,039 - INFO -   │  Lignes: 10  |  📋 Nouveaux AO: 1  |  Ignorés: 9
2026-08-05 16:47:49,042 - INFO -   └──────────────────────────────────────────────────
2026-08-05 16:47:49,044 - INFO - 
  ╔══════════════════════════════════════════════════════════════════════╗
2026-08-05 16:47:49,045 - INFO -   ║ 📋 AO #1  |  ⭐ 31/100 ⭐  |  🔖 293/CL/2026/SRMFM
2026-08-05 16:47:49,046 - INFO -   ╠══════════════════════════════════════════════════════════════════════╣
2026-08-05 16:47:49,046 - INFO -   ║ 📝 Travaux de mise à niveau, de construction d'une STEP à boues activées et son exploitation à la ville
2026-08-05 16:47:49,047 - INFO -   ║ 🏢 SOCIETE REGIONALE MULTISERVICES FES - MEKNES S.A
2026-08-05 16:47:49,048 - INFO -   ║ ⏰ 17/09/2026 (42j) 🟢
2026-08-05 16:47:49,049 - INFO -   ╚══════════════════════════════════════════════════════════════════════╝
2026-08-05 16:47:49,335 - INFO -      📥 Téléchargement DCE...
2026-08-05 16:49:25,987 - INFO -      ❌ Échec upload Supabase
2026-08-05 16:49:25,988 - INFO -      ⚠️ Pas de DCE disponible
2026-08-05 16:49:52,002 - INFO - 
  ┌─ 📄 PAGE 11/335 ──────────────────────────────
2026-08-05 16:49:52,003 - INFO -   │  Lignes: 10  |  📋 Nouveaux AO: 1  |  Ignorés: 9
2026-08-05 16:49:52,004 - INFO -   └──────────────────────────────────────────────────
2026-08-05 16:49:52,005 - INFO - 
  ╔══════════════════════════════════════════════════════════════════════╗
2026-08-05 16:49:52,006 - INFO -   ║ 📋 AO #2  |  ⭐ 51/100 ⭐⭐  |  🔖 31/DAM/ET/2026
2026-08-05 16:49:52,006 - INFO -   ╠══════════════════════════════════════════════════════════════════════╣
2026-08-05 16:49:52,007 - INFO -   ║ 📝 AEP du Grand Agadir- Extension de la station de traitement de Tamri- Lot n°2: Stations de pompage...
2026-08-05 16:49:52,008 - INFO -   ║ 🏢 OFFICE NATIONAL DE L'ELECTRICITE ET DE L'EAU POTABLE - BRANC
2026-08-05 16:49:52,008 - INFO -   ║ ⏰ 16/09/2026 (41j) 🟢
2026-08-05 16:49:52,009 - INFO -   ╚══════════════════════════════════════════════════════════════════════╝
2026-08-05 16:49:52,413 - INFO -      📥 Téléchargement DCE...
2026-08-05 16:51:09,624 - INFO -      ❌ Échec upload Supabase
2026-08-05 16:51:09,625 - INFO -      ⚠️ Pas de DCE disponible
2026-08-05 16:51:22,423 - INFO - 
  ┌─ 📄 PAGE 12/335 ──────────────────────────────
2026-08-05 16:51:22,424 - INFO -   │  Lignes: 10  |  📋 Nouveaux AO: 1  |  Ignorés: 9
2026-08-05 16:51:22,424 - INFO -   └──────────────────────────────────────────────────
2026-08-05 16:51:22,425 - INFO - 
  ╔══════════════════════════════════════════════════════════════════════╗
2026-08-05 16:51:22,426 - INFO -   ║ 📋 AO #3  |  ⭐ 25/100 ⭐  |  🔖 27/2026/ANDA
2026-08-05 16:51:22,427 - INFO -   ╠══════════════════════════════════════════════════════════════════════╣
2026-08-05 16:51:22,427 - INFO -   ║ 📝 Réalisation d’un projet pilote d’algoculture et de captage de naissains de moules dans la baie de Da
2026-08-05 16:51:22,428 - INFO -   ║ 🏢 AGENCE NATIONALE POUR LE DEVELOPPEMENT DE L'AQUACULTURE
2026-08-05 16:51:22,429 - INFO -   ║ ⏰ 15/09/2026 (40j) 🟢
2026-08-05 16:51:22,430 - INFO -   ╚══════════════════════════════════════════════════════════════════════╝
2026-08-05 16:51:22,665 - INFO -      📥 Téléchargement DCE...
2026-08-05 16:51:51,629 - INFO -      ✅ DCE téléchargé (29.0s, 3110 KB)
2026-08-05 16:51:51,841 - INFO -   ┌─ EXTRACTION ─────────────────────────────
2026-08-05 16:51:51,851 - INFO -   │ 📢 Avis...
2026-08-05 16:52:56,340 - INFO -   │   ✅ 3 champ(s) extrait(s)
2026-08-05 16:52:56,341 - INFO -   │     💰 Estimation: 1 500 000 DHS
2026-08-05 16:52:56,342 - INFO -   │     🔒 Caution: 27 000 DHS
2026-08-05 16:52:56,342 - INFO -   │     🏗️ Visite: 15/09/2026 à 11h00
2026-08-05 16:52:56,343 - INFO -   │ 📜 RC...
2026-08-05 16:54:28,903 - INFO -   │   ✅ RC: 18 champs extraits
2026-08-05 16:54:28,906 - INFO -   │     attestations_demandees: OUI
2026-08-05 16:54:28,907 - INFO -   │     nombre_references: nombre ou null
2026-08-05 16:54:28,908 - INFO -   │     classe_qualification: ex: Classe A ou null
2026-08-05 16:54:28,908 - INFO -   │     caution_provisoire: OUI
2026-08-05 16:54:28,910 - INFO -   │ 📊 BP...
2026-08-05 16:54:31,195 - INFO -   │   ✅ BP: 17 items extraits
2026-08-05 16:54:31,196 - INFO -   └──────────────────────────────────────────
2026-08-05 16:54:43,908 - INFO - 
  ┌─ 📄 PAGE 13/335 ──────────────────────────────
2026-08-05 16:54:43,909 - INFO -   │  Lignes: 10  |  📋 Nouveaux AO: 1  |  Ignorés: 9
2026-08-05 16:54:43,909 - INFO -   └──────────────────────────────────────────────────
2026-08-05 16:54:43,910 - INFO - 
  ╔══════════════════════════════════════════════════════════════════════╗
2026-08-05 16:54:43,911 - INFO -   ║ 📋 AO #4  |  ⭐ 28/100 ⭐  |  🔖 60/2026
2026-08-05 16:54:43,911 - INFO -   ╠══════════════════════════════════════════════════════════════════════╣
2026-08-05 16:54:43,912 - INFO -   ║ 📝 LA REMISE EN ETAT DE L'ANCIEN SITE DU CAMP D'HEBERGEMENT DU PUITS MKL-110...LA REMISE EN ETAT DE L'A
2026-08-05 16:54:43,912 - INFO -   ║ 🏢 OFFICE NATIONAL DES HYDROCARBURES ET DES MINES
2026-08-05 16:54:43,913 - INFO -   ║ ⏰ 15/09/2026 (40j) 🟢
2026-08-05 16:54:43,913 - INFO -   ╚══════════════════════════════════════════════════════════════════════╝
2026-08-05 16:54:44,151 - INFO -      📥 Téléchargement DCE...
2026-08-05 16:55:17,550 - INFO -      ✅ DCE téléchargé (33.4s, 10157 KB)
2026-08-05 16:55:17,757 - INFO -   ┌─ EXTRACTION ─────────────────────────────
2026-08-05 16:55:17,762 - INFO -   │ 📢 Avis...
2026-08-05 16:55:19,848 - INFO -   │   ✅ 3 champ(s) extrait(s)
2026-08-05 16:55:19,849 - INFO -   │     💰 Estimation: 55 000 000 DHS
2026-08-05 16:55:19,849 - INFO -   │     🔒 Caution: 55 000 000 DHS
2026-08-05 16:55:19,850 - INFO -   │     🏗️ Visite: 03/09/2026
2026-08-05 16:55:19,852 - INFO -   │ 📜 RC...
2026-08-05 16:56:19,511 - INFO -   │   ✅ RC: 18 champs extraits
2026-08-05 16:56:19,512 - INFO -   │     attestations_demandees: OUI
2026-08-05 16:56:19,513 - INFO -   │     nombre_references: nombre ou null
2026-08-05 16:56:19,514 - INFO -   │     classe_qualification: ex: Classe A ou null
2026-08-05 16:56:19,514 - INFO -   │     caution_provisoire: OUI
2026-08-05 16:56:19,518 - INFO -   │ 📊 BP...
2026-08-05 16:56:20,055 - INFO -   │   ⚠️ Aucun item BP extrait
2026-08-05 16:56:20,058 - INFO -   └──────────────────────────────────────────
2026-08-05 16:56:32,993 - INFO - 
  ┌─ 📄 PAGE 14/335 ──────────────────────────────
2026-08-05 16:56:32,994 - INFO -   │  Lignes: 10  |  📋 Nouveaux AO: 2  |  Ignorés: 8
2026-08-05 16:56:32,995 - INFO -   └──────────────────────────────────────────────────
2026-08-05 16:56:32,995 - INFO - 
  ╔══════════════════════════════════════════════════════════════════════╗
2026-08-05 16:56:32,996 - INFO -   ║ 📋 AO #5  |  ⭐ 28/100 ⭐  |  🔖 43DR3/2026
2026-08-05 16:56:32,997 - INFO -   ╠══════════════════════════════════════════════════════════════════════╣
2026-08-05 16:56:32,997 - INFO -   ║ 📝 Recherche des fuites par technique innovante :Lot 1 :réparation...Recherche des fuites par technique
2026-08-05 16:56:32,998 - INFO -   ║ 🏢 OFFICE NATIONAL DE L'ELECTRICITE ET DE L'EAU POTABLE - BRANC
2026-08-05 16:56:32,999 - INFO -   ║ ⏰ 15/09/2026 (40j) 🟢
2026-08-05 16:56:32,999 - INFO -   ╚══════════════════════════════════════════════════════════════════════╝
2026-08-05 16:56:33,192 - INFO -      📥 Téléchargement DCE...
2026-08-05 16:57:03,939 - INFO -      ✅ DCE téléchargé (30.7s, 3973 KB)
2026-08-05 16:57:04,226 - INFO -   ┌─ EXTRACTION ─────────────────────────────
2026-08-05 16:57:04,231 - INFO -   │ 📢 Avis...
2026-08-05 16:57:09,206 - INFO -   │   ✅ 3 champ(s) extrait(s)
2026-08-05 16:57:09,207 - INFO -   │     💰 Estimation: 168 000 000 DHS
2026-08-05 16:57:09,209 - INFO -   │     🔒 Caution: 16 800,00 DH
2026-08-05 16:57:09,210 - INFO -   │     🏗️ Visite: 05-23-49
2026-08-05 16:57:09,214 - INFO -   │ 📜 RC...
2026-08-05 16:57:09,694 - INFO -   │   ⚠️ Aucun fichier RC trouvé
2026-08-05 16:57:09,695 - INFO -   │ 📊 BP...
2026-08-05 16:57:11,761 - INFO -   │   ✅ BP: 38 items extraits
2026-08-05 16:57:11,769 - INFO -   └──────────────────────────────────────────
2026-08-05 16:57:11,773 - INFO - 
  ╔══════════════════════════════════════════════════════════════════════╗
2026-08-05 16:57:11,777 - INFO -   ║ 📋 AO #6  |  ⭐ 28/100 ⭐  |  🔖 42DR3/2026
2026-08-05 16:57:11,778 - INFO -   ╠══════════════════════════════════════════════════════════════════════╣
2026-08-05 16:57:11,779 - INFO -   ║ 📝 Maintenance des armoires de commande électriques et des installations basse tension relevant de SP3/
2026-08-05 16:57:11,780 - INFO -   ║ 🏢 OFFICE NATIONAL DE L'ELECTRICITE ET DE L'EAU POTABLE - BRANC
2026-08-05 16:57:11,781 - INFO -   ║ ⏰ 15/09/2026 (40j) 🟢
2026-08-05 16:57:11,783 - INFO -   ╚══════════════════════════════════════════════════════════════════════╝
2026-08-05 16:57:11,984 - INFO -      📥 Téléchargement DCE...
2026-08-05 16:57:43,804 - INFO -      ✅ DCE téléchargé (31.8s, 3228 KB)
2026-08-05 16:57:43,999 - INFO -   ┌─ EXTRACTION ─────────────────────────────
2026-08-05 16:57:44,007 - INFO -   │ 📢 Avis...
2026-08-05 16:57:55,351 - INFO -   │   ✅ 3 champ(s) extrait(s)
2026-08-05 16:57:55,355 - INFO -   │     💰 Estimation: 37 320 000 DHS
2026-08-05 16:57:55,359 - INFO -   │     🔒 Caution: 12 500,00 DH
2026-08-05 16:57:55,362 - INFO -   │     🏗️ Visite: 01/01/2024
2026-08-05 16:57:55,368 - INFO -   │ 📜 RC...
2026-08-05 16:57:55,975 - INFO -   │   ⚠️ Aucun fichier RC trouvé
2026-08-05 16:57:55,976 - INFO -   │ 📊 BP...
2026-08-05 16:57:57,807 - INFO -   │   ✅ BP: 140 items extraits
2026-08-05 16:57:57,813 - INFO -   └──────────────────────────────────────────
2026-08-05 16:58:49,313 - INFO - 
  ┌─ 📄 PAGE 18/335 ──────────────────────────────
2026-08-05 16:58:49,314 - INFO -   │  Lignes: 10  |  📋 Nouveaux AO: 3  |  Ignorés: 7
2026-08-05 16:58:49,314 - INFO -   └──────────────────────────────────────────────────
2026-08-05 16:58:49,316 - INFO - 
  ╔══════════════════════════════════════════════════════════════════════╗
2026-08-05 16:58:49,316 - INFO -   ║ 📋 AO #7  |  ⭐ 43/100 ⭐⭐  |  🔖 40/DRG/CD/SPG/2/20263
2026-08-05 16:58:49,317 - INFO -   ╠══════════════════════════════════════════════════════════════════════╣
2026-08-05 16:58:49,318 - INFO -   ║ 📝 SECURISATION ET AMELIORATION DE L’AEP DES COMMUNES RURALES LIMITROPHES A LA VILLE DE GUELMIM - LOT :
2026-08-05 16:58:49,319 - INFO -   ║ 🏢 OFFICE NATIONAL DE L'ELECTRICITE ET DE L'EAU POTABLE - BRANC
2026-08-05 16:58:49,319 - INFO -   ║ ⏰ 15/09/2026 (40j) 🟢
2026-08-05 16:58:49,320 - INFO -   ╚══════════════════════════════════════════════════════════════════════╝
2026-08-05 16:58:49,569 - INFO -      📥 Téléchargement DCE...
2026-08-05 16:59:21,855 - INFO -      ✅ DCE téléchargé (32.3s, 3330 KB)
2026-08-05 16:59:22,050 - INFO -   ┌─ EXTRACTION ─────────────────────────────
2026-08-05 16:59:22,052 - INFO -   │ 📢 Avis...
2026-08-05 16:59:52,468 - INFO -   │   ✅ 3 champ(s) extrait(s)
2026-08-05 16:59:52,468 - INFO -   │     💰 Estimation: 430 857 600 DHS
2026-08-05 16:59:52,469 - INFO -   │     🔒 Caution: 43 100,00 DHS
2026-08-05 16:59:52,470 - INFO -   │     🏗️ Visite: 04/08/2026
2026-08-05 16:59:52,471 - INFO -   │ 📜 RC...
2026-08-05 16:59:58,862 - INFO -   │   ✅ RC: 17 champs extraits
2026-08-05 16:59:58,863 - INFO -   │     attestations_demandees: OUI
2026-08-05 16:59:58,864 - INFO -   │     nombre_references: 1
2026-08-05 16:59:58,864 - INFO -   │     caution_provisoire: OUI
2026-08-05 16:59:58,865 - INFO -   │ 📊 BP...
2026-08-05 17:00:00,692 - INFO -   │   ✅ BP: 110 items extraits
2026-08-05 17:00:00,694 - INFO -   └──────────────────────────────────────────
2026-08-05 17:00:00,694 - INFO - 
  ╔══════════════════════════════════════════════════════════════════════╗
2026-08-05 17:00:00,695 - INFO -   ║ 📋 AO #8  |  ⭐ 31/100 ⭐  |  🔖 PX3130146/DXR/2026
2026-08-05 17:00:00,695 - INFO -   ╠══════════════════════════════════════════════════════════════════════╣
2026-08-05 17:00:00,696 - INFO -   ║ 📝 fourniture, démontage, montage et la mise en service des disjoncteurs 72,5 KV des groupes de l’usine
2026-08-05 17:00:00,697 - INFO -   ║ 🏢 OFFICE NATIONALE DE L'ELECTRICITE ET DE L'EAU POTABLE - BRAN
2026-08-05 17:00:00,697 - INFO -   ║ ⏰ 15/09/2026 (40j) 🟢
2026-08-05 17:00:00,698 - INFO -   ╚══════════════════════════════════════════════════════════════════════╝
2026-08-05 17:00:00,923 - INFO -      📥 Téléchargement DCE...
2026-08-05 17:00:34,331 - INFO -      ✅ DCE téléchargé (33.4s, 2896 KB)
2026-08-05 17:00:34,539 - INFO -   ┌─ EXTRACTION ─────────────────────────────
2026-08-05 17:00:34,544 - INFO -   │ 📢 Avis...
