2026-08-06 11:45:23,345 - INFO - 
══════════════════════════════════════════════════════════════════════
2026-08-06 11:45:23,350 - INFO -   🔍 BACKFILL - 3 DERNIERS MOIS
2026-08-06 11:45:23,352 - INFO -   ⏱️  Début: 2026-08-06 11:45:23
2026-08-06 11:45:23,357 - INFO - ══════════════════════════════════════════════════════════════════════
2026-08-06 11:45:23,598 - INFO -   🗄️  176 AO déjà en base

2026-08-06 11:45:34,775 - INFO -   🌐 Navigation vers https://www.marchespublics.gov.ma...
2026-08-06 11:45:58,920 - INFO -   ✅ Site atteint, résultats chargés
2026-08-06 11:45:58,980 - INFO -   📚 328 pages à scanner

2026-08-06 11:45:59,436 - INFO - 
──────────────────────────────────────────────────────────────────────────────────────────
2026-08-06 11:45:59,437 - INFO -   📄 PAGE 1/328
2026-08-06 11:45:59,437 - INFO - ──────────────────────────────────────────────────────────────────────────────────────────
2026-08-06 11:45:59,438 - INFO -      Tous ignorés (10 AO)
2026-08-06 11:45:59,439 - INFO -   ──────────────────────────────────────────────────────────────────────
2026-08-06 11:45:59,440 - INFO -   📊 Page 1: 10 lignes | 0 nouveaux | 10 ignorés
2026-08-06 11:45:59,440 - INFO -      ⏭️ Raisons: Déjà en base: 1, Non pertinent: 9
2026-08-06 11:45:59,441 - INFO -   ──────────────────────────────────────────────────────────────────────
2026-08-06 11:46:00,667 - INFO -   ⚠️ Page 2 inaccessible, passage à la suite...
2026-08-06 11:46:00,697 - INFO -   ⚠️ Page 3 inaccessible, passage à la suite...
2026-08-06 11:46:00,716 - INFO -   ⚠️ Page 4 inaccessible, passage à la suite...
2026-08-06 11:46:00,726 - INFO -   ⚠️ Page 5 inaccessible, passage à la suite...
2026-08-06 11:46:00,735 - INFO -   ⚠️ Page 6 inaccessible, passage à la suite...
2026-08-06 11:46:00,744 - INFO -   ⚠️ Page 7 inaccessible, passage à la suite...
2026-08-06 11:46:00,753 - INFO -   ⚠️ Page 8 inaccessible, passage à la suite...
2026-08-06 11:46:00,759 - INFO -   ⚠️ Page 9 inaccessible, passage à la suite...
2026-08-06 11:46:00,767 - INFO -   ⚠️ Page 10 inaccessible, passage à la suite...
2026-08-06 11:46:00,774 - INFO -   ⚠️ Page 11 inaccessible, passage à la suite...
2026-08-06 11:46:00,781 - INFO -   ⚠️ Page 12 inaccessible, passage à la suite...
2026-08-06 11:46:00,790 - INFO -   ⚠️ Page 13 inaccessible, passage à la suite...
2026-08-06 11:46:00,797 - INFO -   ⚠️ Page 14 inaccessible, passage à la suite...
2026-08-06 11:46:00,806 - INFO -   ⚠️ Page 15 inaccessible, passage à la suite...
