2026-08-05 15:31:16,745 - INFO - 
══════════════════════════════════════════════════════════════════════
  🔍 BACKFILL - 3 DERNIERS MOIS
  🕐 Début: 2026-08-05 15:31:16
══════════════════════════════════════════════════════════════════════
2026-08-05 15:31:16,988 - INFO -   🗄️ 0 AO déjà en base

2026-08-05 15:31:50,548 - INFO -   📄 Pages à scanner: 332

2026-08-05 15:31:50,982 - INFO - 
  ┌─ 📄 PAGE 1/332 ──────────────────────────────
2026-08-05 15:31:50,982 - INFO -   │  Lignes: 10  |  📋 Nouveaux AO: 1  |  Ignorés: 9
2026-08-05 15:31:50,983 - INFO -   └──────────────────────────────────────────────────
2026-08-05 15:31:50,984 - INFO - 
  ╔══════════════════════════════════════════════════════════════════════╗
2026-08-05 15:31:50,985 - INFO -   ║ 📋 AO #1  |  ⭐ 28/100 ⭐  |  🔖 TS4130752/2026/12/ONEEBELEC
2026-08-05 15:31:50,985 - INFO -   ╠══════════════════════════════════════════════════════════════════════╣
2026-08-05 15:31:50,986 - INFO -   ║ 📝 Remplacement des traversées des TR 225/60/11KV de la Division Exploitation Transport Marrakech....Re
2026-08-05 15:31:50,987 - INFO -   ║ 🏢 OFFICE NATIONALE DE L'ELECTRICITE ET DE L'EAU POTABLE - BRAN
2026-08-05 15:31:50,988 - INFO -   ║ ⏰ 01/10/2026 (56j) 🟢
2026-08-05 15:31:50,988 - INFO -   ╚══════════════════════════════════════════════════════════════════════╝
2026-08-05 15:31:52,357 - INFO -      📥 Téléchargement DCE...
2026-08-05 15:32:48,166 - INFO -      ✅ DCE téléchargé (55.8s, 4030 KB)
2026-08-05 15:32:48,479 - INFO -   ┌─ EXTRACTION ─────────────────────────────
2026-08-05 15:32:48,498 - INFO -   │ 📢 Avis...
2026-08-05 15:36:56,954 - INFO -   │   ✅ 3 champ(s) extrait(s)
2026-08-05 15:36:56,956 - INFO -   │     💰 Estimation: 8 642 700,00 DHS
2026-08-05 15:36:56,959 - INFO -   │     🔒 Caution: 100.000,00 DHS
2026-08-05 15:36:56,966 - INFO -   │     🏗️ Visite: 01/10/2026 à 09h00
2026-08-05 15:36:56,976 - INFO -   │ 📜 RC...
2026-08-05 15:36:57,516 - INFO -   │   ⚠️ Aucun fichier RC trouvé
2026-08-05 15:36:57,518 - INFO -   │ 📊 BP...
2026-08-05 15:36:57,997 - INFO -   │   ⚠️ Aucun fichier BP trouvé
2026-08-05 15:36:57,999 - INFO -   └──────────────────────────────────────────
2026-08-05 15:37:11,583 - INFO - 
  ┌─ 📄 PAGE 2/332 ──────────────────────────────
2026-08-05 15:37:11,588 - INFO -   │  Lignes: 10  |  📋 Nouveaux AO: 2  |  Ignorés: 8
2026-08-05 15:37:11,590 - INFO -   └──────────────────────────────────────────────────
2026-08-05 15:37:11,591 - INFO - 
  ╔══════════════════════════════════════════════════════════════════════╗
2026-08-05 15:37:11,593 - INFO -   ║ 📋 AO #2  |  ⭐ 47/100 ⭐⭐  |  🔖 SP4130189
2026-08-05 15:37:11,594 - INFO -   ╠══════════════════════════════════════════════════════════════════════╣
2026-08-05 15:37:11,595 - INFO -   ║ 📝 Etudes d’exécution, fourniture des équipements, construction, installation et mise en service de la 
2026-08-05 15:37:11,604 - INFO -   ║ 🏢 OFFICE NATIONALE DE L'ELECTRICITE ET DE L'EAU POTABLE - BRAN
2026-08-05 15:37:11,605 - INFO -   ║ ⏰ 30/09/2026 (55j) 🟢
2026-08-05 15:37:11,607 - INFO -   ╚══════════════════════════════════════════════════════════════════════╝
2026-08-05 15:37:11,837 - INFO -      📥 Téléchargement DCE...
2026-08-05 15:39:08,397 - INFO -      ❌ Échec upload Supabase
2026-08-05 15:39:08,397 - INFO -      ⚠️ Pas de DCE disponible
2026-08-05 15:39:08,398 - INFO - 
  ╔══════════════════════════════════════════════════════════════════════╗
2026-08-05 15:39:08,399 - INFO -   ║ 📋 AO #3  |  ⭐ 34/100 ⭐  |  🔖 PM4130014/2026/DXM
2026-08-05 15:39:08,399 - INFO -   ╠══════════════════════════════════════════════════════════════════════╣
2026-08-05 15:39:08,400 - INFO -   ║ 📝 Fourniture et installation d’un moteur de 1130 KW pour les pompes de circulation de la Direction Exp
2026-08-05 15:39:08,401 - INFO -   ║ 🏢 OFFICE NATIONALE DE L'ELECTRICITE ET DE L'EAU POTABLE - BRAN
2026-08-05 15:39:08,401 - INFO -   ║ ⏰ 24/09/2026 (49j) 🟢
2026-08-05 15:39:08,402 - INFO -   ╚══════════════════════════════════════════════════════════════════════╝
2026-08-05 15:39:08,793 - INFO -      📥 Téléchargement DCE...
2026-08-05 15:39:36,820 - INFO -      ✅ DCE téléchargé (28.0s, 4061 KB)
2026-08-05 15:39:37,211 - INFO -   ┌─ EXTRACTION ─────────────────────────────
2026-08-05 15:39:37,217 - INFO -   │ 📢 Avis...
2026-08-05 15:43:47,347 - INFO -   │   ✅ 3 champ(s) extrait(s)
2026-08-05 15:43:47,351 - INFO -   │     💰 Estimation: 639 600 000 DHS
2026-08-05 15:43:47,354 - INFO -   │     🔒 Caution: 100 000,00 DHS
2026-08-05 15:43:47,360 - INFO -   │     🏗️ Visite: 66-80-80
2026-08-05 15:43:47,371 - INFO -   │ 📜 RC...
2026-08-05 15:43:47,876 - INFO -   │   ⚠️ Aucun fichier RC trouvé
2026-08-05 15:43:47,877 - INFO -   │ 📊 BP...
2026-08-05 15:43:48,347 - INFO -   │   ⚠️ Aucun fichier BP trouvé
2026-08-05 15:43:48,348 - INFO -   └──────────────────────────────────────────
2026-08-05 15:44:02,674 - INFO - 
  ┌─ 📄 PAGE 3/332 ──────────────────────────────
2026-08-05 15:44:02,675 - INFO -   │  Lignes: 10  |  📋 Nouveaux AO: 2  |  Ignorés: 8
2026-08-05 15:44:02,676 - INFO -   └──────────────────────────────────────────────────
2026-08-05 15:44:02,676 - INFO - 
  ╔══════════════════════════════════════════════════════════════════════╗
2026-08-05 15:44:02,677 - INFO -   ║ 📋 AO #4  |  ⭐ 28/100 ⭐  |  🔖 TN3130942
2026-08-05 15:44:02,678 - INFO -   ╠══════════════════════════════════════════════════════════════════════╣
2026-08-05 15:44:02,678 - INFO -   ║ 📝 La révision des régleurs en charge de la direction transport nord - Tanger...La révision des régleur
2026-08-05 15:44:02,679 - INFO -   ║ 🏢 OFFICE NATIONALE DE L'ELECTRICITE ET DE L'EAU POTABLE - BRAN
2026-08-05 15:44:02,680 - INFO -   ║ ⏰ 23/09/2026 (48j) 🟢
2026-08-05 15:44:02,681 - INFO -   ╚══════════════════════════════════════════════════════════════════════╝
2026-08-05 15:44:02,956 - INFO -      📥 Téléchargement DCE...
2026-08-05 15:45:09,182 - INFO -      ✅ DCE téléchargé (66.2s, 2706 KB)
2026-08-05 15:45:09,582 - INFO -   ┌─ EXTRACTION ─────────────────────────────
2026-08-05 15:45:09,588 - INFO -   │ 📢 Avis...
2026-08-05 15:48:24,954 - INFO -   │   ✅ 3 champ(s) extrait(s)
2026-08-05 15:48:24,957 - INFO -   │     💰 Estimation: 1 030 592,47 DHS
2026-08-05 15:48:24,960 - INFO -   │     🔒 Caution: 20 000 DHS ou son équivalent en devise librement convertible
2026-08-05 15:48:24,965 - INFO -   │     🏗️ Visite: 26/08/2026
2026-08-05 15:48:24,975 - INFO -   │ 📜 RC...
2026-08-05 15:48:25,475 - INFO -   │   ⚠️ Aucun fichier RC trouvé
2026-08-05 15:48:25,476 - INFO -   │ 📊 BP...
2026-08-05 15:48:25,959 - INFO -   │   ⚠️ Aucun fichier BP trouvé
2026-08-05 15:48:25,961 - INFO -   └──────────────────────────────────────────
2026-08-05 15:48:25,961 - INFO - 
  ╔══════════════════════════════════════════════════════════════════════╗
2026-08-05 15:48:25,962 - INFO -   ║ 📋 AO #5  |  ⭐ 41/100 ⭐⭐  |  🔖 32/DRD/CD/SPD/1/2026
2026-08-05 15:48:25,963 - INFO -   ╠══════════════════════════════════════════════════════════════════════╣
2026-08-05 15:48:25,963 - INFO -   ║ 📝 Réhabilitation de l’adduction Mansour Eddahbi entre la station de traitement et le réservoir R25000m
2026-08-05 15:48:25,964 - INFO -   ║ 🏢 OFFICE NATIONAL DE L'ELECTRICITE ET DE L'EAU POTABLE - BRANC
2026-08-05 15:48:25,965 - INFO -   ║ ⏰ 23/09/2026 (48j) 🟢
2026-08-05 15:48:25,965 - INFO -   ╚══════════════════════════════════════════════════════════════════════╝
2026-08-05 15:48:26,201 - INFO -      📥 Téléchargement DCE...
2026-08-05 15:49:01,178 - INFO -      ✅ DCE téléchargé (35.0s, 3901 KB)
2026-08-05 15:49:01,386 - INFO -   ┌─ EXTRACTION ─────────────────────────────
2026-08-05 15:49:01,391 - INFO -   │ 📢 Avis...
2026-08-05 15:49:43,767 - INFO -   │   ✅ 3 champ(s) extrait(s)
2026-08-05 15:49:43,769 - INFO -   │     💰 Estimation: 1 800 000 000 DHS
2026-08-05 15:49:43,770 - INFO -   │     🔒 Caution: 180 000,00 DH
2026-08-05 15:49:43,772 - INFO -   │     🏗️ Visite: 23/09/2026 à 10h00
2026-08-05 15:49:43,777 - INFO -   │ 📜 RC...
2026-08-05 15:49:47,971 - INFO -   │   ✅ RC: 17 champs extraits
2026-08-05 15:49:47,981 - INFO -   │     attestations_demandees: OUI
2026-08-05 15:49:47,985 - INFO -   │     nombre_references: 2
2026-08-05 15:49:47,986 - INFO -   │     caution_provisoire: OUI
2026-08-05 15:49:47,989 - INFO -   │ 📊 BP...
2026-08-05 15:49:50,010 - INFO -   │   ✅ BP: 61 items extraits
2026-08-05 15:49:50,016 - INFO -   └──────────────────────────────────────────
2026-08-05 15:50:03,280 - INFO - 
  ┌─ 📄 PAGE 4/332 ──────────────────────────────
2026-08-05 15:50:03,281 - INFO -   │  Lignes: 10  |  📋 Nouveaux AO: 5  |  Ignorés: 5
2026-08-05 15:50:03,282 - INFO -   └──────────────────────────────────────────────────
2026-08-05 15:50:03,283 - INFO - 
  ╔══════════════════════════════════════════════════════════════════════╗
2026-08-05 15:50:03,283 - INFO -   ║ 📋 AO #6  |  ⭐ 28/100 ⭐  |  🔖 32/DAM/S/2026
2026-08-05 15:50:03,284 - INFO -   ╠══════════════════════════════════════════════════════════════════════╣
2026-08-05 15:50:03,285 - INFO -   ║ 📝 Fourniture de chlore par importation...Fourniture de chlore par importation
2026-08-05 15:50:03,285 - INFO -   ║ 🏢 OFFICE NATIONAL DE L'ELECTRICITE ET DE L'EAU POTABLE - BRANC
2026-08-05 15:50:03,286 - INFO -   ║ ⏰ 22/09/2026 (47j) 🟢
2026-08-05 15:50:03,287 - INFO -   ╚══════════════════════════════════════════════════════════════════════╝
2026-08-05 15:50:03,778 - INFO -      📥 Téléchargement DCE...
2026-08-05 15:50:33,385 - INFO -      ✅ DCE téléchargé (29.6s, 1951 KB)
2026-08-05 15:50:33,647 - INFO -   ┌─ EXTRACTION ─────────────────────────────
2026-08-05 15:50:33,653 - INFO -   │ 📢 Avis...
2026-08-05 15:51:18,321 - INFO -   │   ✅ 3 champ(s) extrait(s)
2026-08-05 15:51:18,322 - INFO -   │     💰 Estimation: 2 597 400 000 DHS
2026-08-05 15:51:18,323 - INFO -   │     🔒 Caution: 250 000,00 MAD
2026-08-05 15:51:18,323 - INFO -   │     🏗️ Visite: 01/09/2026 à 10h00
2026-08-05 15:51:18,325 - INFO -   │ 📜 RC...
2026-08-05 15:51:28,933 - INFO -   │   ✅ RC: 16 champs extraits
2026-08-05 15:51:28,937 - INFO -   │     attestations_demandees: OUI
2026-08-05 15:51:28,940 - INFO -   │     nombre_references: 1
2026-08-05 15:51:28,942 - INFO -   │     caution_provisoire: OUI
2026-08-05 15:51:28,946 - INFO -   │ 📊 BP...
2026-08-05 15:51:30,996 - INFO -   │   ✅ BP: 2 items extraits
2026-08-05 15:51:30,999 - INFO -   └──────────────────────────────────────────
2026-08-05 15:51:31,000 - INFO - 
  ╔══════════════════════════════════════════════════════════════════════╗
2026-08-05 15:51:31,001 - INFO -   ║ 📋 AO #7  |  ⭐ 28/100 ⭐  |  🔖 TC3130716/2026/ONEEBELEC
2026-08-05 15:51:31,003 - INFO -   ╠══════════════════════════════════════════════════════════════════════╣
2026-08-05 15:51:31,004 - INFO -   ║ 📝 Fourniture des dispositifs anti cigogne des lignes 60 KV pour le compte de la Direction Transport Ré
2026-08-05 15:51:31,005 - INFO -   ║ 🏢 OFFICE NATIONALE DE L'ELECTRICITE ET DE L'EAU POTABLE - BRAN
2026-08-05 15:51:31,006 - INFO -   ║ ⏰ 22/09/2026 (47j) 🟢
2026-08-05 15:51:31,006 - INFO -   ╚══════════════════════════════════════════════════════════════════════╝
2026-08-05 15:51:31,377 - INFO -      📥 Téléchargement DCE...
2026-08-05 15:52:02,379 - INFO -      ✅ DCE téléchargé (31.0s, 2425 KB)
2026-08-05 15:52:02,621 - INFO -   ┌─ EXTRACTION ─────────────────────────────
2026-08-05 15:52:02,629 - INFO -   │ 📢 Avis...
2026-08-05 16:01:40,916 - INFO -   │   ⚠️ Aucune info Avis trouvée
2026-08-05 16:01:40,917 - INFO -   │ 📜 RC...
2026-08-05 16:01:41,399 - INFO -   │   ⚠️ Aucun fichier RC trouvé
2026-08-05 16:01:41,400 - INFO -   │ 📊 BP...
2026-08-05 16:01:41,870 - INFO -   │   ⚠️ Aucun fichier BP trouvé
2026-08-05 16:01:41,872 - INFO -   └──────────────────────────────────────────
2026-08-05 16:01:41,872 - INFO - 
  ╔══════════════════════════════════════════════════════════════════════╗
2026-08-05 16:01:41,873 - INFO -   ║ 📋 AO #8  |  ⭐ 28/100 ⭐  |  🔖 44DR3/2026
2026-08-05 16:01:41,874 - INFO -   ╠══════════════════════════════════════════════════════════════════════╣
2026-08-05 16:01:41,874 - INFO -   ║ 📝 Recherche des fuites par technique innovante :Lot 2 :réparation...Recherche des fuites par technique
2026-08-05 16:01:41,875 - INFO -   ║ 🏢 OFFICE NATIONAL DE L'ELECTRICITE ET DE L'EAU POTABLE - BRANC
2026-08-05 16:01:41,876 - INFO -   ║ ⏰ 22/09/2026 (47j) 🟢
2026-08-05 16:01:41,876 - INFO -   ╚══════════════════════════════════════════════════════════════════════╝
2026-08-05 16:01:42,299 - INFO -      📥 Téléchargement DCE...
2026-08-05 16:01:44,151 - ERROR -      ❌ DCE error: Page.goto: net::ERR_ABORTED; maybe frame was detached?
Call log:
navigating to "https://www.marchespublics.gov.ma/?page=entreprise.EntrepriseDetailConsultation&refConsultation=1030396&orgAcronyme=d4q", waiting until "domcontentloaded"

2026-08-05 16:01:44,155 - INFO -      ⚠️ Pas de DCE disponible
2026-08-05 16:01:44,156 - INFO - 
  ╔══════════════════════════════════════════════════════════════════════╗
2026-08-05 16:01:44,158 - INFO -   ║ 📋 AO #9  |  ⭐ 25/100 ⭐  |  🔖 TC1130769/2026/ONEEBELEC
2026-08-05 16:01:44,160 - INFO -   ╠══════════════════════════════════════════════════════════════════════╣
2026-08-05 16:01:44,167 - INFO -   ║ 📝 Remise en état des moyens logistiques de la Division Exploitation Transport AFOURER...Remise en état
2026-08-05 16:01:44,168 - INFO -   ║ 🏢 OFFICE NATIONALE DE L'ELECTRICITE ET DE L'EAU POTABLE - BRAN
2026-08-05 16:01:44,169 - INFO -   ║ ⏰ 22/09/2026 (47j) 🟢
2026-08-05 16:01:44,170 - INFO -   ╚══════════════════════════════════════════════════════════════════════╝
2026-08-05 16:01:44,380 - INFO -      📥 Téléchargement DCE...
2026-08-05 16:01:44,387 - ERROR -      ❌ DCE error: Page.goto: Target page, context or browser has been closed
2026-08-05 16:01:44,388 - INFO -      ⚠️ Pas de DCE disponible
2026-08-05 16:01:44,389 - INFO - 
  ╔══════════════════════════════════════════════════════════════════════╗
2026-08-05 16:01:44,390 - INFO -   ║ 📋 AO #10  |  ⭐ 28/100 ⭐  |  🔖 TC3130758/2026/ONEEBELEC
2026-08-05 16:01:44,390 - INFO -   ╠══════════════════════════════════════════════════════════════════════╣
2026-08-05 16:01:44,391 - INFO -   ║ 📝 Fourniture des accessoires des lignes et postes pour la Direction Transport Région Centre Casablanca
2026-08-05 16:01:44,392 - INFO -   ║ 🏢 OFFICE NATIONALE DE L'ELECTRICITE ET DE L'EAU POTABLE - BRAN
2026-08-05 16:01:44,394 - INFO -   ║ ⏰ 22/09/2026 (47j) 🟢
2026-08-05 16:01:44,395 - INFO -   ╚══════════════════════════════════════════════════════════════════════╝
2026-08-05 16:01:44,592 - INFO -      📥 Téléchargement DCE...
2026-08-05 16:01:44,598 - ERROR -      ❌ DCE error: Page.goto: Target page, context or browser has been closed
2026-08-05 16:01:44,599 - INFO -      ⚠️ Pas de DCE disponible
