2026-07-08 12:32:09,703 - tender_scanner - INFO -   ✅ [DOCLING] Initialisé avec succès
2026-07-08 12:32:09,842 - tender_scanner - INFO -   ✅ [PDF] PyMuPDF disponible
2026-07-08 12:32:10,454 - tender_scanner - INFO -   [DB] 10 offres existantes chargées
2026-07-08 12:33:15,107 - tender_scanner - INFO -   [OK] Supabase tenders_3: 1/1 rows
2026-07-08 12:33:15,399 - tender_scanner - INFO -   [DOWNLOAD] DCE: 11/2026/DR4
2026-07-08 12:33:34,458 - tender_scanner - INFO -   [FORM] Filling form...
2026-07-08 12:33:56,073 - tender_scanner - INFO -   [WAIT] Waiting for ZIP...
2026-07-08 12:34:15,391 - tender_scanner - INFO -   [OK] ZIP received: 3258890 bytes in 59.99s
2026-07-08 12:34:30,095 - tender_scanner - INFO -   [OK] Supabase tenders_3: 1/1 rows
2026-07-08 12:34:30,334 - tender_scanner - INFO -   [DOWNLOAD] DCE: 12/2026/DR4
2026-07-08 12:34:33,729 - tender_scanner - INFO -   [AUTO-INDEX] Démarrage indexation pour 11/2026/DR4...
2026-07-08 12:34:34,158 - tender_scanner - INFO -   [AUTO-INDEX] 11/2026/DR4: 0 chunks créés
2026-07-08 12:34:48,983 - tender_scanner - INFO -   [FORM] Filling form...
2026-07-08 12:35:10,598 - tender_scanner - INFO -   [WAIT] Waiting for ZIP...
2026-07-08 12:35:16,414 - tender_scanner - INFO -   [OK] ZIP received: 1275628 bytes in 46.08s
2026-07-08 12:35:24,429 - tender_scanner - INFO -   [OK] Supabase tenders_3: 1/1 rows
2026-07-08 12:35:24,673 - tender_scanner - INFO -   [DOWNLOAD] DCE: 251/26/ASST
2026-07-08 12:35:26,006 - tender_scanner - INFO -   [AUTO-INDEX] Démarrage indexation pour 12/2026/DR4...
2026-07-08 12:35:26,478 - tender_scanner - INFO -   [AUTO-INDEX] 12/2026/DR4: 0 chunks créés
2026-07-08 12:35:42,502 - tender_scanner - INFO -   [FORM] Filling form...
2026-07-08 12:36:04,028 - tender_scanner - INFO -   [WAIT] Waiting for ZIP...
2026-07-08 12:36:38,522 - tender_scanner - INFO -   [OK] ZIP received: 26993241 bytes in 73.85s
2026-07-08 12:38:26,116 - tender_scanner - INFO -   [OK] Supabase tenders_3: 1/1 rows
2026-07-08 12:38:26,372 - tender_scanner - INFO -   [DOWNLOAD] DCE: 252/26/ASST
2026-07-08 12:38:44,739 - tender_scanner - INFO -   [FORM] Filling form...
2026-07-08 12:39:06,765 - tender_scanner - INFO -   [WAIT] Waiting for ZIP...
2026-07-08 12:40:47,594 - tender_scanner - INFO -   [AUTO-INDEX] Démarrage indexation pour 251/26/ASST...
2026-07-08 12:40:48,607 - tender_scanner - INFO -   [AUTO-INDEX] 251/26/ASST: 0 chunks créés
2026-07-08 12:41:19,409 - tender_scanner - INFO -   [OK] ZIP received: 19173870 bytes in 173.04s
2026-07-08 12:42:43,396 - tender_scanner - INFO -   [OK] Supabase tenders_3: 1/1 rows
2026-07-08 12:42:43,671 - tender_scanner - INFO -   [DOWNLOAD] DCE: 160/26/ASST/R
2026-07-08 12:43:02,784 - tender_scanner - INFO -   [FORM] Filling form...
2026-07-08 12:43:15,807 - tender_scanner - INFO -   [AUTO-INDEX] Démarrage indexation pour 252/26/ASST...
2026-07-08 12:43:16,310 - tender_scanner - INFO -   [AUTO-INDEX] 252/26/ASST: 0 chunks créés
2026-07-08 12:43:25,302 - tender_scanner - INFO -   [WAIT] Waiting for ZIP...
2026-07-08 12:44:47,519 - tender_scanner - INFO -   [OK] ZIP received: 31568933 bytes in 123.85s
2026-07-08 12:47:06,273 - tender_scanner - INFO -   [OK] Supabase tenders_3: 1/1 rows
2026-07-08 12:47:06,634 - tender_scanner - INFO -   [DOWNLOAD] DCE: 140/2026
2026-07-08 12:47:12,513 - tender_scanner - INFO -   [AUTO-INDEX] Démarrage indexation pour 160/26/ASST/R...
2026-07-08 12:47:12,849 - tender_scanner - INFO -   [AUTO-INDEX] 160/26/ASST/R: 0 chunks créés
2026-07-08 12:47:23,526 - tender_scanner - INFO -   [FORM] Filling form...
2026-07-08 12:47:44,638 - tender_scanner - INFO -   [WAIT] Waiting for ZIP...
2026-07-08 12:47:54,539 - tender_scanner - INFO -   [OK] ZIP received: 3927464 bytes in 47.91s
2026-07-08 12:48:16,067 - tender_scanner - INFO -   [AUTO-INDEX] Démarrage indexation pour 140/2026...
2026-07-08 12:48:16,519 - tender_scanner - INFO -   [AUTO-INDEX] 140/2026: 0 chunks créés
2026-07-08 12:48:21,255 - tender_scanner - INFO -   [OK] Supabase tenders_3: 1/1 rows
2026-07-08 12:48:21,898 - tender_scanner - INFO -   [DOWNLOAD] DCE: 45/2026/DAM
2026-07-08 12:48:39,360 - tender_scanner - INFO -   [FORM] Filling form...
2026-07-08 12:49:00,787 - tender_scanner - INFO -   [WAIT] Waiting for ZIP...
2026-07-08 12:50:13,462 - tender_scanner - INFO -   [OK] ZIP received: 27751364 bytes in 111.56s
2026-07-08 12:52:31,321 - tender_scanner - INFO -   [OK] Supabase tenders_3: 1/1 rows
2026-07-08 12:52:31,610 - tender_scanner - INFO -   [DOWNLOAD] DCE: 48/2026/DR9
2026-07-08 12:52:50,350 - tender_scanner - INFO -   [FORM] Filling form...
2026-07-08 12:53:01,231 - tender_scanner - INFO -   [AUTO-INDEX] Démarrage indexation pour 45/2026/DAM...
2026-07-08 12:53:01,708 - tender_scanner - INFO -   [AUTO-INDEX] 45/2026/DAM: 0 chunks créés
2026-07-08 12:53:11,954 - tender_scanner - INFO -   [WAIT] Waiting for ZIP...
2026-07-08 12:53:15,721 - tender_scanner - INFO -   [OK] ZIP received: 107068 bytes in 44.11s
2026-07-08 12:53:17,718 - tender_scanner - INFO -   [OK] Supabase tenders_3: 1/1 rows
2026-07-08 12:53:17,823 - tender_scanner - INFO -   [AUTO-INDEX] Démarrage indexation pour 48/2026/DR9...
2026-07-08 12:53:17,951 - tender_scanner - INFO -   [DOWNLOAD] DCE: 27/DAM/ET/2026
2026-07-08 12:53:18,171 - tender_scanner - INFO -   [AUTO-INDEX] 48/2026/DR9: 0 chunks créés
2026-07-08 12:53:35,103 - tender_scanner - INFO -   [FORM] Filling form...
2026-07-08 12:53:57,434 - tender_scanner - INFO -   [WAIT] Waiting for ZIP...
2026-07-08 12:58:53,752 - tender_scanner - WARNING -   [STOP] Download cancelled: Download.path: canceled
