2026-06-25 10:07:53,841 - tender_scanner - INFO - =======================================================
2026-06-25 10:07:53,842 - tender_scanner - INFO -   CrystalWater - Scan + Nettoyage + DCE
2026-06-25 10:07:53,843 - tender_scanner - INFO -   2026-06-25 10:07
2026-06-25 10:07:53,876 - tender_scanner - INFO - =======================================================
2026-06-25 10:07:53,877 - tender_scanner - INFO -   [CLEAN] Nettoyage de la base de donnees...
2026-06-25 10:07:55,079 - tender_scanner - INFO -   Aucun AO a nettoyer
2026-06-25 10:07:56,016 - tender_scanner - INFO -   0 AO deja en base
2026-06-25 10:07:56,019 - tender_scanner - INFO -   CrystalWater - Scan intelligent
2026-06-25 10:08:45,749 - tender_scanner - INFO -   Total: 405 pages | Arret apres 15 pages vides
2026-06-25 10:08:47,568 - tender_scanner - INFO -   [OK] Supabase tenders: 1/1 rows
2026-06-25 10:08:48,740 - tender_scanner - INFO -   [OK] Supabase tenders: 1/1 rows
2026-06-25 10:08:50,147 - tender_scanner - INFO -   [OK] Supabase tenders: 1/1 rows
2026-06-25 10:08:51,251 - tender_scanner - INFO -   [OK] Supabase tenders: 1/1 rows
2026-06-25 10:08:51,335 - tender_scanner - INFO -   Page 1/405 - 4/10 nouveaux (total: 4)
2026-06-25 10:09:10,732 - tender_scanner - INFO -   [OK] Supabase tenders: 1/1 rows
2026-06-25 10:09:10,761 - tender_scanner - INFO -   Page 3/405 - 1/10 nouveaux (total: 5)
2026-06-25 10:09:38,793 - tender_scanner - INFO -   [OK] Supabase tenders: 1/1 rows
2026-06-25 10:09:39,687 - tender_scanner - INFO -   [OK] Supabase tenders: 1/1 rows
2026-06-25 10:09:40,510 - tender_scanner - INFO -   [OK] Supabase tenders: 1/1 rows
2026-06-25 10:09:40,584 - tender_scanner - INFO -   Page 6/405 - 3/10 nouveaux (total: 8)
2026-06-25 10:09:50,044 - tender_scanner - INFO -   [OK] Supabase tenders: 1/1 rows
2026-06-25 10:09:50,779 - tender_scanner - INFO -   [OK] Supabase tenders: 1/1 rows
2026-06-25 10:09:51,622 - tender_scanner - INFO -   [OK] Supabase tenders: 1/1 rows
2026-06-25 10:09:52,401 - tender_scanner - INFO -   [OK] Supabase tenders: 1/1 rows
2026-06-25 10:09:53,212 - tender_scanner - INFO -   [OK] Supabase tenders: 1/1 rows
2026-06-25 10:09:53,313 - tender_scanner - INFO -   Page 7/405 - 5/10 nouveaux (total: 13)
2026-06-25 10:10:11,384 - tender_scanner - INFO -   [OK] Supabase tenders: 1/1 rows
2026-06-25 10:10:12,188 - tender_scanner - INFO -   [OK] Supabase tenders: 1/1 rows
2026-06-25 10:10:12,249 - tender_scanner - INFO -   Page 9/405 - 2/10 nouveaux (total: 15)
2026-06-25 10:10:26,824 - tender_scanner - INFO -   Arret: 15 pages sans nouveau AO
2026-06-25 10:10:26,839 - tender_scanner - ERROR -   Erreur: Exception: BrowserContext.new_page: Connection closed while reading from the driver
2026-06-25 10:10:26,841 - tender_scanner - INFO -   Scan: 15 nouveaux AO / 100 scannes | 0 DCE
2026-06-25 10:10:26,844 - tender_scanner - INFO - =======================================================
2026-06-25 10:10:26,844 - tender_scanner - INFO -   15 nouveaux AO | 4 haute priorite | 0 avec DCE
2026-06-25 10:10:26,844 - tender_scanner - INFO -   0 doublons, 0 faux positifs supprimes
2026-06-25 10:10:26,845 - tender_scanner - INFO -   Total en base: 15
2026-06-25 10:10:26,845 - tender_scanner - INFO - =======================================================
