2026-06-25 10:20:27,566 - tender_scanner - INFO -   [CLEAN] Nettoyage de la base de donnees...
2026-06-25 10:20:29,732 - tender_scanner - INFO -   0 AO deja en base
2026-06-25 10:20:55,718 - tender_scanner - INFO -   [OK] Supabase tenders: 1/1 rows
2026-06-25 10:20:55,969 - tender_scanner - INFO -   [DOWNLOAD] DCE: TS4130117/2026/09/ONEEBELEC
2026-06-25 10:21:05,540 - tender_scanner - INFO -   [OK] Lien trouve: a:has-text('Dossier de Consultation')
2026-06-25 10:21:13,500 - tender_scanner - INFO -   [FORM] Formulaire detecte, remplissage...
2026-06-25 10:21:34,305 - tender_scanner - INFO -   [WAIT] Attente du ZIP...
2026-06-25 10:22:02,987 - tender_scanner - INFO -   [OK] ZIP recu: 23301436 octets
2026-06-25 10:22:07,078 - tender_scanner - INFO -   [OK] ZIP upload vers Supabase: https://uxriscdyynjmhazmrvhr.supabase.co/storage/v1/object/public/dce_zips/1e8f8d2b-b46a-4b83-af7e-9738a9fd88b5.zip
2026-06-25 10:22:10,875 - tender_scanner - INFO - 
=== DCE: TS4130117/2026/09/ONEEBELEC ===

6 documents dans le DCE:
  - Dossier de l'AO n°TS4130117.pdf
  - Addenda n° 1 à l'AO n° TS4130117.zip
  - /data/local-trust/tgr/var/tmp/uploadFile/file_f09cd2b633d17bab9fe442adbd4f49496a2ad20616b651781191174
  - /data/local-trust/tgr/var/tmp/uploadFile/file_247a4f86b3b3585bfd335161f92ab8716a2ad3b8a75e01781191608
  - /data/local-trust/tgr/var/tmp/fileUploaded/c5b0af88f457cd2a24befd02fe609094_1781251668_5e4f1fac38531ce0e24a90e9047de876/tmpDceFile
  - Avis de report.pdf
2026-06-25 10:22:12,291 - tender_scanner - INFO -   [OK] Supabase tenders: 1/1 rows
2026-06-25 10:22:13,048 - tender_scanner - INFO -   [OK] Supabase tenders: 1/1 rows
2026-06-25 10:22:13,274 - tender_scanner - INFO -   [DOWNLOAD] DCE: TS4130670/2026/11/ONEEBELEC
2026-06-25 10:22:21,961 - tender_scanner - INFO -   [OK] Lien trouve: a:has-text('Dossier de Consultation')
2026-06-25 10:22:29,882 - tender_scanner - INFO -   [FORM] Formulaire detecte, remplissage...
2026-06-25 10:22:51,264 - tender_scanner - INFO -   [WAIT] Attente du ZIP...
2026-06-25 10:23:00,387 - tender_scanner - INFO -   [OK] ZIP recu: 4454778 octets
2026-06-25 10:23:02,055 - tender_scanner - INFO -   [OK] ZIP upload vers Supabase: https://uxriscdyynjmhazmrvhr.supabase.co/storage/v1/object/public/dce_zips/f275d7c5-d074-492e-a184-0f6d55668023.zip
2026-06-25 10:23:02,851 - tender_scanner - INFO - 
=== DCE: TS4130670/2026/11/ONEEBELEC ===

2 documents dans le DCE:
  - Avis d'appel d'offres n° TS4130670- Français.pdf
  - Dossier d'AO n° TS4130670.pdf
2026-06-25 10:23:03,801 - tender_scanner - INFO -   [OK] Supabase tenders: 1/1 rows
2026-06-25 10:23:04,638 - tender_scanner - INFO -   [OK] Supabase tenders: 1/1 rows
2026-06-25 10:23:04,791 - tender_scanner - INFO -   [DOWNLOAD] DCE: 34/2026/DAM/CM
2026-06-25 10:23:13,992 - tender_scanner - INFO -   [OK] Lien trouve: a:has-text('Dossier de Consultation')
2026-06-25 10:23:21,912 - tender_scanner - INFO -   [FORM] Formulaire detecte, remplissage...
2026-06-25 10:23:43,162 - tender_scanner - INFO -   [WAIT] Attente du ZIP...
2026-06-25 10:23:46,729 - tender_scanner - INFO -   [OK] ZIP recu: 709271 octets
2026-06-25 10:23:48,255 - tender_scanner - INFO -   [OK] ZIP upload vers Supabase: https://uxriscdyynjmhazmrvhr.supabase.co/storage/v1/object/public/dce_zips/26c2919d-da02-4d14-b053-3c2b7d70e628.zip
2026-06-25 10:23:48,464 - tender_scanner - INFO - 
=== DCE: 34/2026/DAM/CM ===
Caution provisoire: 3.000,00 MAD

6 documents dans le DCE:
  - DAO 34 DAM-CM-2026/
  - DAO 34 DAM-CM-2026/avis fr.docx
  - DAO 34 DAM-CM-2026/BP vetements de travail-AO34-2026.docx
  - DAO 34 DAM-CM-2026/CPS +CPT  AO 34- vetement travail-26.doc
  - DAO 34 DAM-CM-2026/RCDG Fournitures ONEE (Avril 2021) (005).pdf
  - DAO 34 DAM-CM-2026/RCDP vetements de travail-AO34-2026.docx
2026-06-25 10:23:49,680 - tender_scanner - INFO -   [OK] Supabase tenders: 1/1 rows
2026-06-25 10:23:50,601 - tender_scanner - INFO -   [OK] Supabase tenders: 1/1 rows
2026-06-25 10:23:50,838 - tender_scanner - INFO -   [DOWNLOAD] DCE: 06/2026/DR4
2026-06-25 10:23:59,348 - tender_scanner - INFO -   [OK] Lien trouve: a:has-text('Dossier de Consultation')
2026-06-25 10:24:07,211 - tender_scanner - INFO -   [FORM] Formulaire detecte, remplissage...
2026-06-25 10:24:29,031 - tender_scanner - INFO -   [WAIT] Attente du ZIP...
2026-06-25 10:24:33,744 - tender_scanner - INFO -   [OK] ZIP recu: 1372290 octets
2026-06-25 10:24:35,895 - tender_scanner - INFO -   [OK] ZIP upload vers Supabase: https://uxriscdyynjmhazmrvhr.supabase.co/storage/v1/object/public/dce_zips/552e4fc3-b30e-4adf-992e-33ff814de4aa.zip
2026-06-25 10:24:36,342 - tender_scanner - INFO - 
=== DCE: 06/2026/DR4 ===
Budget estime: 7 003 800,00 DH (7.0 Millions DH)
Caution provisoire: 112 100,00 DH
Date limite de remise: 01/01/2024

13 documents dans le DCE:
  - DCE 06 DR4 2026/Annexe 1 - Répartition des prestations VF.xls
  - DCE 06 DR4 2026/Annexe 2 et 3 - Liste des ES par équipement et par poste satellite VF.xls
  - DCE 06 DR4 2026/Avis AO 06 DR4 2026.docx
  - DCE 06 DR4 2026/BP.xlsm
  - DCE 06 DR4 2026/CCAFP Travaux - FSD (Français).docx
  - DCE 06 DR4 2026/CCTP Télégestion 03.07.2025.docx
  - DCE 06 DR4 2026/DP 24-07-2025.xlsx
  - DCE 06 DR4 2026/Modeles.docx
  - DCE 06 DR4 2026/PG DCE.xls
  - DCE 06 DR4 2026/RCDG Travaux ONEE (Avril 2021).pdf
  - DCE 06 DR4 2026/RCDP Travaux - FSD.docx
  - DCE 06 DR4 2026/Tableau Annexe principlal.xlsx
  - DCE 06 DR4 2026/Tableau Annexe secondaire.xlsx
2026-06-25 10:24:37,623 - tender_scanner - INFO -   [OK] Supabase tenders: 1/1 rows
2026-06-25 10:24:58,503 - tender_scanner - INFO -   [OK] Supabase tenders: 1/1 rows
2026-06-25 10:24:58,724 - tender_scanner - INFO -   [DOWNLOAD] DCE: 63/DPAJ/2026
2026-06-25 10:25:07,408 - tender_scanner - INFO -   [OK] Lien trouve: a:has-text('Dossier de Consultation')
2026-06-25 10:25:15,412 - tender_scanner - INFO -   [FORM] Formulaire detecte, remplissage...
2026-06-25 10:25:37,229 - tender_scanner - INFO -   [WAIT] Attente du ZIP...
2026-06-25 10:25:42,255 - tender_scanner - INFO -   [OK] ZIP recu: 263877 octets
2026-06-25 10:25:43,676 - tender_scanner - INFO -   [OK] ZIP upload vers Supabase: https://uxriscdyynjmhazmrvhr.supabase.co/storage/v1/object/public/dce_zips/14ff4ced-0284-4fdd-9c4f-4f6c669aa87d.zip
2026-06-25 10:25:43,727 - tender_scanner - INFO - 
=== DCE: 63/DPAJ/2026 ===

4 documents dans le DCE:
  - AO N°63-2026/
  - AO N°63-2026/Avis d AO N° 63-2026 FR ET AR.docx
  - AO N°63-2026/CPS .doc
  - AO N°63-2026/RC.doc
2026-06-25 10:25:44,793 - tender_scanner - INFO -   [OK] Supabase tenders: 1/1 rows
2026-06-25 10:26:15,300 - tender_scanner - INFO -   [OK] Supabase tenders: 1/1 rows
2026-06-25 10:26:16,524 - tender_scanner - INFO -   [OK] Supabase tenders: 1/1 rows
2026-06-25 10:26:16,693 - tender_scanner - INFO -   [DOWNLOAD] DCE: GN2130563/2026/AGS/DXG
2026-06-25 10:26:26,839 - tender_scanner - INFO -   [OK] Lien trouve: a:has-text('Dossier de Consultation')
2026-06-25 10:26:35,396 - tender_scanner - INFO -   [FORM] Formulaire detecte, remplissage...
2026-06-25 10:26:57,101 - tender_scanner - INFO -   [WAIT] Attente du ZIP...
2026-06-25 10:27:00,863 - tender_scanner - INFO -   [OK] ZIP recu: 2525287 octets
2026-06-25 10:27:03,247 - tender_scanner - INFO -   [OK] ZIP upload vers Supabase: https://uxriscdyynjmhazmrvhr.supabase.co/storage/v1/object/public/dce_zips/7ea156d2-f033-4cec-812e-8796d1ec3714.zip
2026-06-25 10:27:04,263 - tender_scanner - INFO - 
=== DCE: GN2130563/2026/AGS/DXG ===

1 documents dans le DCE:
  - CCH GN2130563.pdf
2026-06-25 10:27:05,415 - tender_scanner - INFO -   [OK] Supabase tenders: 1/1 rows
2026-06-25 10:27:06,700 - tender_scanner - INFO -   [OK] Supabase tenders: 1/1 rows
2026-06-25 10:27:17,597 - tender_scanner - INFO -   [OK] Supabase tenders: 1/1 rows
2026-06-25 10:27:17,757 - tender_scanner - INFO -   [DOWNLOAD] DCE: 28/DR5/2026
2026-06-25 10:27:26,771 - tender_scanner - INFO -   [OK] Lien trouve: a:has-text('Dossier de Consultation')
2026-06-25 10:27:34,927 - tender_scanner - INFO -   [FORM] Formulaire detecte, remplissage...
2026-06-25 10:27:56,270 - tender_scanner - INFO -   [WAIT] Attente du ZIP...
2026-06-25 10:28:38,545 - tender_scanner - INFO -   [OK] ZIP recu: 29280278 octets
2026-06-25 10:28:46,245 - tender_scanner - INFO -   [OK] ZIP upload vers Supabase: https://uxriscdyynjmhazmrvhr.supabase.co/storage/v1/object/public/dce_zips/61cb3645-3b3d-412f-957e-ab82025ce62c.zip
2026-06-25 10:28:49,775 - tender_scanner - INFO - 
=== DCE: 28/DR5/2026 ===

19 documents dans le DCE:
  - Avis en Arabe A.O N 28 DR5-2026.docx
  - Avis français A.O N 28 DR5-2026.doc
  - BE n°2-105-DCE-TS-2025 du 28-04-2025 - NOTE DE QUALITE DES EAUX DES SOURCES OUAMANDAR ET AIN TIMEDRINE 2024-2025.pdf
  - Bordereau des prix PEQ A.O N° 28 DR5-2026.XLSM
  - CCAFG Travaux ONEE-Branche Eau (Version 4 - Octobre 2016).pdf
  - CCAFP Travaux KFW - (V3 - Avril 2021) A.O N° 28 DR5-2026.docx
  - CCTP A.O N° 28 DR5-2026.doc
  - Décomposition des prix forfaitaires A.O N° 28 DR5-2026.xls
  - Définition des prix A.O N° 28 DR5-2026 .doc
  - Enquête Pollution-Sce. Ouamender_DCE-E_2025.pdf
  - Note Explicative A.O N° 28 DR5-2026.doc
  - Page de garde A.O N° 28 DR5-2026.doc
  - Plans.zip
  - RCDG Travaux ONEE (Avril 2021).pdf
  - RCDP A.O N° 28 DR5-2026 Travaux KFW (V4 - Avril 2021).docx
2026-06-25 10:28:51,037 - tender_scanner - INFO -   [OK] Supabase tenders: 1/1 rows
2026-06-25 10:28:52,181 - tender_scanner - INFO -   [OK] Supabase tenders: 1/1 rows
2026-06-25 10:28:52,399 - tender_scanner - INFO -   [DOWNLOAD] DCE: TC4130785/2026/ONEEBELEC
2026-06-25 10:29:01,361 - tender_scanner - INFO -   [OK] Lien trouve: a:has-text('Dossier de Consultation')
2026-06-25 10:29:09,988 - tender_scanner - INFO -   [FORM] Formulaire detecte, remplissage...
2026-06-25 10:29:30,344 - tender_scanner - INFO -   [WAIT] Attente du ZIP...
2026-06-25 10:29:39,023 - tender_scanner - INFO -   [OK] ZIP recu: 8374603 octets
2026-06-25 10:29:42,401 - tender_scanner - INFO -   [OK] ZIP upload vers Supabase: https://uxriscdyynjmhazmrvhr.supabase.co/storage/v1/object/public/dce_zips/24cafc7c-a6f6-4d23-847b-a1cfa956aff9.zip
2026-06-25 10:29:45,429 - tender_scanner - INFO - 
=== DCE: TC4130785/2026/ONEEBELEC ===

1 documents dans le DCE:
  - Cahier des charges Projet MEDZ TC4130785.pdf
2026-06-25 10:29:46,901 - tender_scanner - INFO -   [OK] Supabase tenders: 1/1 rows
2026-06-25 10:29:48,183 - tender_scanner - INFO -   [OK] Supabase tenders: 1/1 rows
2026-06-25 10:29:48,402 - tender_scanner - INFO -   [DOWNLOAD] DCE: 38/2026/SRMFM
2026-06-25 10:29:57,132 - tender_scanner - INFO -   [OK] Lien trouve: a:has-text('Dossier de Consultation')
2026-06-25 10:30:05,270 - tender_scanner - INFO -   [FORM] Formulaire detecte, remplissage...
2026-06-25 10:30:26,738 - tender_scanner - INFO -   [WAIT] Attente du ZIP...
2026-06-25 10:30:28,355 - tender_scanner - ERROR -   [ERROR] DCE: TargetClosedError: ElementHandle.click: Target page, context or browser has been closed
Call log:
attempting click action
  -   waiting for element to be visible, enabled and stable
  -   element is visible, enabled and stable
  -   scrolling into view if needed
  -   done scrolling
  -   performing click action
  -   click action done
  -   waiting for scheduled navigations to finish

2026-06-25 10:30:29,140 - tender_scanner - INFO -   [OK] Supabase tenders: 1/1 rows
