2026-07-07 10:55:27,362 - tender_scanner - INFO -   [DOCLING] Initialise avec succes
2026-07-07 10:55:27,462 - tender_scanner - INFO -   [PDF] PyMuPDF disponible pour l'extraction PDF
2026-07-07 10:55:57,475 - tender_scanner - INFO -   [OK] Supabase tenders_3: 1/1 rows
2026-07-07 10:55:57,479 - tender_scanner - INFO - 
  [TENDER #1/6] Etudes d’exécution, fourniture des équipements, construction, installation et mi...
2026-07-07 10:55:58,183 - tender_scanner - INFO -   [DOWNLOAD] DCE: SP4130189
2026-07-07 10:56:16,536 - tender_scanner - INFO -   [FORM] Filling form...
2026-07-07 10:56:35,924 - tender_scanner - INFO -   [WAIT] Waiting for ZIP...
2026-07-07 10:57:26,672 - tender_scanner - INFO -   [OK] ZIP received: 83636401 bytes in 88.49s
2026-07-07 10:57:26,673 - tender_scanner - ERROR -   [ZIP] Fichier trop volumineux (>50MB) pour SP4130189
2026-07-07 10:57:26,673 - tender_scanner - INFO -   [COMPLETE] Tender #1 in 89.19s (indexation auto lancée)
2026-07-07 10:57:26,948 - tender_scanner - INFO -   [OK] Supabase tenders_3: 1/1 rows
2026-07-07 10:57:26,950 - tender_scanner - INFO - 
  [TENDER #2/6] refonte des lignes 60kV du réseau Casablanca – Settat : 
-	N°266 DAOURAT – IMFOU...
2026-07-07 10:57:27,192 - tender_scanner - INFO -   [DOWNLOAD] DCE: TC4130724/2026/ONEEBELEC
2026-07-07 10:57:43,296 - tender_scanner - INFO -   [FORM] Filling form...
2026-07-07 10:58:03,063 - tender_scanner - INFO -   [WAIT] Waiting for ZIP...
2026-07-07 10:58:14,071 - tender_scanner - INFO -   [OK] ZIP received: 5790562 bytes in 46.88s
2026-07-07 10:58:15,868 - tender_scanner - INFO -   [COMPLETE] Tender #2 in 48.92s (indexation auto lancée)
2026-07-07 10:58:17,185 - tender_scanner - INFO -   [AUTO-INDEX] Démarrage indexation pour TC4130724/2026/ONEEBELEC...
2026-07-07 10:58:17,383 - tender_scanner - INFO -   [AUTO-INDEX] TC4130724/2026/ONEEBELEC: 0 chunks créés
2026-07-07 10:58:24,688 - tender_scanner - INFO -   [OK] Supabase tenders_3: 1/1 rows
2026-07-07 10:58:24,692 - tender_scanner - INFO - 
  [TENDER #3/6] Acquisition des accessoires pour appareils scientifiques : Accessoires pour chro...
2026-07-07 10:58:24,861 - tender_scanner - INFO -   [DOWNLOAD] DCE: 36/DAM/CE/2026
2026-07-07 10:58:41,149 - tender_scanner - INFO -   [FORM] Filling form...
2026-07-07 10:59:00,653 - tender_scanner - INFO -   [WAIT] Waiting for ZIP...
2026-07-07 10:59:05,183 - tender_scanner - INFO -   [OK] ZIP received: 821087 bytes in 40.32s
2026-07-07 10:59:06,417 - tender_scanner - INFO -   [COMPLETE] Tender #3 in 41.72s (indexation auto lancée)
2026-07-07 10:59:06,963 - tender_scanner - INFO -   [AUTO-INDEX] Démarrage indexation pour 36/DAM/CE/2026...
2026-07-07 10:59:07,169 - tender_scanner - INFO -   [AUTO-INDEX] 36/DAM/CE/2026: 0 chunks créés
2026-07-07 10:59:15,354 - tender_scanner - INFO -   [OK] Supabase tenders_3: 1/1 rows
2026-07-07 10:59:15,358 - tender_scanner - INFO - 
  [TENDER #4/6] Fourniture de sulfate d'alumine en 07 Lots...Fourniture de sulfate d'alumine en ...
2026-07-07 10:59:15,526 - tender_scanner - INFO -   [DOWNLOAD] DCE: 25/DAM/S/2026
2026-07-07 10:59:32,674 - tender_scanner - INFO -   [FORM] Filling form...
2026-07-07 10:59:52,179 - tender_scanner - INFO -   [WAIT] Waiting for ZIP...
2026-07-07 10:59:58,875 - tender_scanner - INFO -   [OK] ZIP received: 4269369 bytes in 43.35s
2026-07-07 11:00:00,408 - tender_scanner - INFO -   [COMPLETE] Tender #4 in 45.05s (indexation auto lancée)
2026-07-07 11:00:00,616 - tender_scanner - INFO -   [OK] Supabase tenders_3: 1/1 rows
2026-07-07 11:00:00,617 - tender_scanner - INFO - 
  [TENDER #5/6] Fourniture des consommables pour l'analyse du fioul de la centrale diesel LAAYOU...
2026-07-07 11:00:00,903 - tender_scanner - INFO -   [DOWNLOAD] DCE: GN1130175/2026/AGS/DXG
2026-07-07 11:00:01,093 - tender_scanner - INFO -   [AUTO-INDEX] Démarrage indexation pour 25/DAM/S/2026...
2026-07-07 11:00:01,324 - tender_scanner - INFO -   [AUTO-INDEX] 25/DAM/S/2026: 0 chunks créés
2026-07-07 11:00:17,429 - tender_scanner - INFO -   [FORM] Filling form...
2026-07-07 11:00:36,344 - tender_scanner - INFO -   [WAIT] Waiting for ZIP...
2026-07-07 11:00:42,516 - tender_scanner - INFO -   [OK] ZIP received: 1830337 bytes in 41.61s
2026-07-07 11:00:44,537 - tender_scanner - INFO -   [COMPLETE] Tender #5 in 43.92s (indexation auto lancée)
2026-07-07 11:00:44,790 - tender_scanner - INFO -   [OK] Supabase tenders_3: 1/1 rows
2026-07-07 11:00:44,794 - tender_scanner - INFO - 
  [TENDER #6/6] AEP de la ville de Souk larbaa à partir de la ST de Loukkos - Lot : Télegestion....
2026-07-07 11:00:44,967 - tender_scanner - INFO -   [DOWNLOAD] DCE: 06/2026/DR4
2026-07-07 11:00:45,350 - tender_scanner - INFO -   [AUTO-INDEX] Démarrage indexation pour GN1130175/2026/AGS/DXG...
2026-07-07 11:00:45,558 - tender_scanner - INFO -   [AUTO-INDEX] GN1130175/2026/AGS/DXG: 0 chunks créés
2026-07-07 11:01:01,931 - tender_scanner - INFO -   [FORM] Filling form...
2026-07-07 11:01:21,322 - tender_scanner - INFO -   [WAIT] Waiting for ZIP...
2026-07-07 11:01:27,422 - tender_scanner - INFO -   [OK] ZIP received: 1372290 bytes in 42.45s
2026-07-07 11:01:28,819 - tender_scanner - INFO -   [COMPLETE] Tender #6 in 44.02s (indexation auto lancée)
2026-07-07 11:01:29,291 - tender_scanner - INFO -   [AUTO-INDEX] Démarrage indexation pour 06/2026/DR4...
2026-07-07 11:01:29,484 - tender_scanner - INFO -   [AUTO-INDEX] 06/2026/DR4: 0 chunks créés
2026-07-07 11:16:13,091 - tender_scanner - INFO -   [PDF] PyMuPDF disponible pour l'extraction PDF
2026-07-07 11:16:40,003 - tender_scanner - INFO -   [OK] Supabase tenders_3: 1/1 rows
2026-07-07 11:16:40,007 - tender_scanner - INFO - 
  [TENDER #1/6] Etudes d’exécution, fourniture des équipements, construction, installation et mi...
2026-07-07 11:16:40,410 - tender_scanner - INFO -   [DOWNLOAD] DCE: SP4130189
2026-07-07 11:16:58,889 - tender_scanner - INFO -   [FORM] Filling form...
2026-07-07 11:17:18,145 - tender_scanner - INFO -   [WAIT] Waiting for ZIP...
2026-07-07 11:22:58,658 - tender_scanner - WARNING -   [STOP] Download cancelled: Download.path: canceled
2026-07-07 11:22:58,956 - tender_scanner - INFO -   [OK] Supabase tenders_3: 1/1 rows
2026-07-07 11:22:58,959 - tender_scanner - INFO - 
  [TENDER #2/6] refonte des lignes 60kV du réseau Casablanca – Settat : 
-	N°266 DAOURAT – IMFOU...
