2026-07-08 13:07:08,024 - tender_scanner - INFO -   ✅ [DOCLING] Initialisé avec succès
2026-07-08 13:07:08,148 - tender_scanner - INFO -   ✅ [PDF] PyMuPDF disponible
2026-07-08 13:07:08,631 - tender_scanner - INFO -   [DB] 19 offres existantes chargées
2026-07-08 13:09:10,641 - tender_scanner - INFO -   [OK] Supabase tenders_3: 1/1 rows
2026-07-08 13:09:10,831 - tender_scanner - INFO -   [DOWNLOAD] DCE: 097/2026/EP
2026-07-08 13:09:30,445 - tender_scanner - INFO -   [FORM] Filling form...
2026-07-08 13:09:50,187 - tender_scanner - INFO -   [WAIT] Waiting for ZIP...
2026-07-08 13:11:41,659 - tender_scanner - INFO -   [OK] ZIP received: 17506706 bytes in 150.83s
2026-07-08 13:13:22,107 - tender_scanner - INFO -   [OK] Supabase tenders_3: 1/1 rows
2026-07-08 13:13:22,775 - tender_scanner - INFO -   [DOWNLOAD] DCE: 38/DRC/CI/2026
2026-07-08 13:13:42,560 - tender_scanner - INFO -   [FORM] Filling form...
2026-07-08 13:14:03,862 - tender_scanner - INFO -   [WAIT] Waiting for ZIP...
2026-07-08 13:14:21,978 - tender_scanner - INFO -   [OK] ZIP received: 5888737 bytes in 59.20s
2026-07-08 13:15:12,008 - tender_scanner - INFO -   [OK] Supabase tenders_3: 1/1 rows
2026-07-08 13:15:12,652 - tender_scanner - INFO -   [DOWNLOAD] DCE: 07/2026
2026-07-08 13:15:31,012 - tender_scanner - INFO -   [FORM] Filling form...
2026-07-08 13:15:54,612 - tender_scanner - INFO -   [WAIT] Waiting for ZIP...
2026-07-08 13:16:10,163 - tender_scanner - INFO -   [AUTO-INDEX] Démarrage indexation pour 38/DRC/CI/2026...
2026-07-08 13:16:10,885 - tender_scanner - INFO -   [AUTO-INDEX] 38/DRC/CI/2026: 0 chunks créés
2026-07-08 13:16:14,075 - tender_scanner - INFO -   [OK] ZIP received: 5418275 bytes in 61.42s
2026-07-08 13:16:59,259 - tender_scanner - INFO -   [OK] Supabase tenders_3: 1/1 rows
2026-07-08 13:17:03,221 - tender_scanner - INFO -   [DOWNLOAD] DCE: 10008102
2026-07-08 13:17:11,137 - tender_scanner - INFO -   [AUTO-INDEX] Démarrage indexation pour 07/2026...
2026-07-08 13:17:11,590 - tender_scanner - INFO -   [AUTO-INDEX] 07/2026: 0 chunks créés
2026-07-08 13:17:22,932 - tender_scanner - INFO -   [FORM] Filling form...
2026-07-08 13:17:42,601 - tender_scanner - INFO -   [WAIT] Waiting for ZIP...
2026-07-08 13:17:59,010 - tender_scanner - INFO -   [OK] ZIP received: 4195064 bytes in 55.79s
2026-07-08 13:18:52,596 - tender_scanner - INFO -   [AUTO-INDEX] Démarrage indexation pour 10008102...
2026-07-08 13:18:53,493 - tender_scanner - INFO -   [AUTO-INDEX] 10008102: 0 chunks créés
2026-07-08 13:19:00,153 - tender_scanner - INFO -   [OK] Supabase tenders_3: 1/1 rows
2026-07-08 13:19:00,801 - tender_scanner - INFO -   [DOWNLOAD] DCE: 03/2026
2026-07-08 13:19:18,161 - tender_scanner - INFO -   [FORM] Filling form...
2026-07-08 13:19:37,678 - tender_scanner - INFO -   [WAIT] Waiting for ZIP...
2026-07-08 13:19:42,900 - tender_scanner - INFO -   [OK] ZIP received: 768418 bytes in 42.10s
2026-07-08 13:19:53,113 - tender_scanner - INFO -   [AUTO-INDEX] Démarrage indexation pour 03/2026...
2026-07-08 13:19:53,651 - tender_scanner - INFO -   [AUTO-INDEX] 03/2026: 0 chunks créés
2026-07-08 13:20:19,660 - tender_scanner - INFO -   [OK] Supabase tenders_3: 1/1 rows
2026-07-08 13:20:19,839 - tender_scanner - INFO -   [DOWNLOAD] DCE: 35/2026/DPETLC
2026-07-08 13:20:37,575 - tender_scanner - INFO -   [FORM] Filling form...
2026-07-08 13:20:57,972 - tender_scanner - INFO -   [WAIT] Waiting for ZIP...
2026-07-08 13:21:08,815 - tender_scanner - INFO -   [OK] ZIP received: 1168857 bytes in 48.98s
2026-07-08 13:21:20,881 - tender_scanner - INFO -   [AUTO-INDEX] Démarrage indexation pour 35/2026/DPETLC...
2026-07-08 13:21:21,265 - tender_scanner - INFO -   [AUTO-INDEX] 35/2026/DPETLC: 0 chunks créés
2026-07-08 13:21:28,178 - tender_scanner - INFO -   [OK] Supabase tenders_3: 1/1 rows
2026-07-08 13:21:28,407 - tender_scanner - INFO -   [DOWNLOAD] DCE: 237/26/ASST
2026-07-08 13:21:45,958 - tender_scanner - INFO -   [FORM] Filling form...
2026-07-08 13:22:05,980 - tender_scanner - INFO -   [WAIT] Waiting for ZIP...
2026-07-08 13:23:01,523 - tender_scanner - INFO -   [OK] ZIP received: 18097500 bytes in 93.12s
2026-07-08 13:24:23,677 - tender_scanner - INFO -   [OK] Supabase tenders_3: 1/1 rows
2026-07-08 13:24:23,836 - tender_scanner - INFO -   [DOWNLOAD] DCE: 238/26/ASST
2026-07-08 13:24:40,971 - tender_scanner - INFO -   [FORM] Filling form...
2026-07-08 13:25:00,182 - tender_scanner - INFO -   [WAIT] Waiting for ZIP...
2026-07-08 13:26:04,486 - tender_scanner - INFO -   [OK] ZIP received: 21541694 bytes in 100.65s
2026-07-08 13:28:24,020 - tender_scanner - INFO -   [DOWNLOAD] DCE: 239/26/ASST
2026-07-08 13:28:49,459 - tender_scanner - INFO -   [FORM] Filling form...
2026-07-08 13:29:08,832 - tender_scanner - INFO -   [WAIT] Waiting for ZIP...
2026-07-08 13:30:14,993 - tender_scanner - INFO -   [OK] ZIP received: 18674795 bytes in 110.97s
2026-07-08 13:32:15,703 - tender_scanner - INFO -   [OK] Supabase tenders_3: 1/1 rows
2026-07-08 13:32:15,855 - tender_scanner - INFO -   [DOWNLOAD] DCE: 248/26/ASST
2026-07-08 13:32:32,520 - tender_scanner - INFO -   [FORM] Filling form...
2026-07-08 13:32:51,727 - tender_scanner - INFO -   [WAIT] Waiting for ZIP...
2026-07-08 13:35:03,082 - tender_scanner - WARNING -   [STOP] Download cancelled: Download.path: canceled
2026-07-08 13:35:13,481 - tender_scanner - INFO -   [OK] Supabase tenders_3: 1/1 rows
2026-07-08 13:35:13,641 - tender_scanner - INFO -   [DOWNLOAD] DCE: 249/26/ASST
2026-07-08 13:35:30,839 - tender_scanner - INFO -   [FORM] Filling form...
2026-07-08 13:35:49,688 - tender_scanner - INFO -   [WAIT] Waiting for ZIP...
2026-07-08 13:37:17,533 - tender_scanner - INFO -   [OK] ZIP received: 30035365 bytes in 123.89s
2026-07-08 13:39:33,849 - tender_scanner - INFO -   [OK] Supabase tenders_3: 1/1 rows
2026-07-08 13:39:34,557 - tender_scanner - INFO -   [DOWNLOAD] DCE: 250/26/ASST
2026-07-08 13:39:54,023 - tender_scanner - INFO -   [FORM] Filling form...
2026-07-08 13:40:12,745 - tender_scanner - INFO -   [WAIT] Waiting for ZIP...
2026-07-08 13:41:30,105 - tender_scanner - INFO -   [OK] ZIP received: 29315849 bytes in 115.55s
2026-07-08 13:43:30,981 - tender_scanner - INFO -   [OK] Supabase tenders_3: 1/1 rows
2026-07-08 13:43:31,184 - tender_scanner - INFO -   [DOWNLOAD] DCE: 90/26/ASST/R
2026-07-08 13:43:48,649 - tender_scanner - INFO -   [FORM] Filling form...
2026-07-08 13:44:08,053 - tender_scanner - INFO -   [WAIT] Waiting for ZIP...
2026-07-08 13:45:10,607 - tender_scanner - INFO -   [OK] ZIP received: 21529283 bytes in 99.42s
2026-07-08 13:47:28,430 - tender_scanner - INFO -   [OK] Supabase tenders_3: 1/1 rows
2026-07-08 13:47:28,592 - tender_scanner - INFO -   [DOWNLOAD] DCE: 247/26/EAU
2026-07-08 13:47:46,944 - tender_scanner - INFO -   [FORM] Filling form...
2026-07-08 13:48:06,754 - tender_scanner - INFO -   [WAIT] Waiting for ZIP...
2026-07-08 13:48:26,011 - tender_scanner - INFO -   [AUTO-INDEX] Démarrage indexation pour 90/26/ASST/R...
2026-07-08 13:48:26,381 - tender_scanner - INFO -   [AUTO-INDEX] 90/26/ASST/R: 0 chunks créés
2026-07-08 13:48:53,718 - tender_scanner - INFO -   [OK] ZIP received: 22906715 bytes in 85.13s
2026-07-08 13:51:58,915 - tender_scanner - INFO -   [OK] Supabase tenders_3: 1/1 rows
2026-07-08 13:51:59,088 - tender_scanner - INFO -   [DOWNLOAD] DCE: TC1130459/2026/ONEEBELEC
2026-07-08 13:52:15,908 - tender_scanner - INFO -   [FORM] Filling form...
2026-07-08 13:52:35,462 - tender_scanner - INFO -   [WAIT] Waiting for ZIP...
2026-07-08 13:52:45,645 - tender_scanner - INFO -   [OK] ZIP received: 2678016 bytes in 46.56s
2026-07-08 13:53:36,258 - tender_scanner - INFO -   [OK] Supabase tenders_3: 1/1 rows
2026-07-08 13:53:37,048 - tender_scanner - INFO -   [DOWNLOAD] DCE: TL1130674/2026/04/ONEEBELEC
2026-07-08 13:53:54,008 - tender_scanner - INFO -   [FORM] Filling form...
2026-07-08 13:54:14,305 - tender_scanner - INFO -   [WAIT] Waiting for ZIP...
2026-07-08 13:54:22,768 - tender_scanner - INFO -   [OK] ZIP received: 2757442 bytes in 45.72s
2026-07-08 13:54:39,853 - tender_scanner - INFO -   [OK] Supabase tenders_3: 1/1 rows
2026-07-08 13:54:40,054 - tender_scanner - INFO -   [DOWNLOAD] DCE: TL2130734/2026/05/ONEEBELEC
2026-07-08 13:54:45,175 - tender_scanner - INFO -   [AUTO-INDEX] Démarrage indexation pour TL1130674/2026/04/ONEEBELEC...
2026-07-08 13:54:45,941 - tender_scanner - INFO -   [AUTO-INDEX] TL1130674/2026/04/ONEEBELEC: 0 chunks créés
2026-07-08 13:54:57,734 - tender_scanner - INFO -   [FORM] Filling form...
2026-07-08 13:55:18,106 - tender_scanner - INFO -   [WAIT] Waiting for ZIP...
2026-07-08 13:55:25,270 - tender_scanner - INFO -   [OK] ZIP received: 2622281 bytes in 45.22s
2026-07-08 13:55:43,044 - tender_scanner - INFO -   [AUTO-INDEX] Démarrage indexation pour TL2130734/2026/05/ONEEBELEC...
2026-07-08 13:55:43,488 - tender_scanner - INFO -   [AUTO-INDEX] TL2130734/2026/05/ONEEBELEC: 0 chunks créés
2026-07-08 13:55:48,552 - tender_scanner - INFO -   [OK] Supabase tenders_3: 1/1 rows
2026-07-08 13:55:48,745 - tender_scanner - INFO -   [DOWNLOAD] DCE: 13/2026/DR4
2026-07-08 13:56:05,861 - tender_scanner - INFO -   [FORM] Filling form...
2026-07-08 13:56:25,773 - tender_scanner - INFO -   [WAIT] Waiting for ZIP...
2026-07-08 13:56:53,111 - tender_scanner - INFO -   [OK] ZIP received: 1202521 bytes in 64.37s
2026-07-08 13:57:01,227 - tender_scanner - INFO -   [OK] Supabase tenders_3: 1/1 rows
2026-07-08 13:57:01,408 - tender_scanner - INFO -   [DOWNLOAD] DCE: 264/2026/SRMFM
2026-07-08 13:57:04,823 - tender_scanner - INFO -   [AUTO-INDEX] Démarrage indexation pour 13/2026/DR4...
2026-07-08 13:57:05,389 - tender_scanner - INFO -   [AUTO-INDEX] 13/2026/DR4: 0 chunks créés
2026-07-08 13:57:18,886 - tender_scanner - INFO -   [FORM] Filling form...
2026-07-08 13:57:38,016 - tender_scanner - INFO -   [WAIT] Waiting for ZIP...
2026-07-08 13:57:59,126 - tender_scanner - INFO -   [OK] ZIP received: 8156949 bytes in 57.72s
2026-07-08 13:58:36,736 - tender_scanner - INFO -   [OK] Supabase tenders_3: 1/1 rows
2026-07-08 13:58:37,391 - tender_scanner - INFO -   [DOWNLOAD] DCE: 43/2026/SRMFM
2026-07-08 13:58:47,416 - tender_scanner - INFO -   [AUTO-INDEX] Démarrage indexation pour 264/2026/SRMFM...
2026-07-08 13:58:47,804 - tender_scanner - INFO -   [AUTO-INDEX] 264/2026/SRMFM: 0 chunks créés
2026-07-08 13:58:54,793 - tender_scanner - INFO -   [FORM] Filling form...
2026-07-08 13:59:13,708 - tender_scanner - INFO -   [WAIT] Waiting for ZIP...
2026-07-08 13:59:24,197 - tender_scanner - INFO -   [OK] ZIP received: 3821035 bytes in 46.81s
2026-07-08 13:59:56,460 - tender_scanner - INFO -   [AUTO-INDEX] Démarrage indexation pour 43/2026/SRMFM...
2026-07-08 13:59:56,993 - tender_scanner - INFO -   [AUTO-INDEX] 43/2026/SRMFM: 0 chunks créés
2026-07-08 14:00:15,476 - tender_scanner - INFO -   [OK] Supabase tenders_3: 1/1 rows
2026-07-08 14:00:15,624 - tender_scanner - INFO -   [DOWNLOAD] DCE: 63/DPAJ/2026
2026-07-08 14:00:33,341 - tender_scanner - INFO -   [FORM] Filling form...
2026-07-08 14:00:52,713 - tender_scanner - INFO -   [WAIT] Waiting for ZIP...
2026-07-08 14:00:56,542 - tender_scanner - INFO -   [OK] ZIP received: 263877 bytes in 40.92s
2026-07-08 14:01:00,447 - tender_scanner - INFO -   [AUTO-INDEX] Démarrage indexation pour 63/DPAJ/2026...
2026-07-08 14:01:01,072 - tender_scanner - INFO -   [AUTO-INDEX] 63/DPAJ/2026: 0 chunks créés
2026-07-08 14:01:09,103 - tender_scanner - INFO -   [OK] Supabase tenders_3: 1/1 rows
2026-07-08 14:01:09,253 - tender_scanner - INFO -   [DOWNLOAD] DCE: 262/26/EAU
2026-07-08 14:01:26,522 - tender_scanner - INFO -   [FORM] Filling form...
2026-07-08 14:01:45,936 - tender_scanner - INFO -   [WAIT] Waiting for ZIP...
2026-07-08 14:02:31,483 - tender_scanner - INFO -   [OK] ZIP received: 23174226 bytes in 82.23s
2026-07-08 14:04:32,197 - tender_scanner - INFO -   [OK] Supabase tenders_3: 1/1 rows
2026-07-08 14:04:32,342 - tender_scanner - INFO -   [DOWNLOAD] DCE: 220/26/EAU
2026-07-08 14:04:49,389 - tender_scanner - INFO -   [FORM] Filling form...
2026-07-08 14:05:08,783 - tender_scanner - INFO -   [WAIT] Waiting for ZIP...
2026-07-08 14:05:51,573 - tender_scanner - INFO -   [OK] ZIP received: 23507971 bytes in 79.23s
2026-07-08 14:07:52,650 - tender_scanner - INFO -   [OK] Supabase tenders_3: 1/1 rows
2026-07-08 14:07:53,170 - tender_scanner - INFO -   [DOWNLOAD] DCE: 227/26/ASST
2026-07-08 14:08:10,589 - tender_scanner - INFO -   [FORM] Filling form...
2026-07-08 14:08:29,362 - tender_scanner - INFO -   [WAIT] Waiting for ZIP...
2026-07-08 14:09:37,605 - tender_scanner - INFO -   [OK] ZIP received: 18319241 bytes in 104.44s
2026-07-08 14:11:59,419 - tender_scanner - INFO -   [OK] Supabase tenders_3: 1/1 rows
2026-07-08 14:11:59,562 - tender_scanner - INFO -   [DOWNLOAD] DCE: 229/26/ASST
2026-07-08 14:12:18,676 - tender_scanner - INFO -   [FORM] Filling form...
2026-07-08 14:12:37,611 - tender_scanner - INFO -   [WAIT] Waiting for ZIP...
2026-07-08 14:13:19,095 - tender_scanner - INFO -   [OK] ZIP received: 18987098 bytes in 79.53s
2026-07-08 14:14:31,233 - tender_scanner - INFO -   [OK] Supabase tenders_3: 1/1 rows
2026-07-08 14:14:31,572 - tender_scanner - INFO -   [DOWNLOAD] DCE: 231/26/ASST
2026-07-08 14:14:48,584 - tender_scanner - INFO -   [FORM] Filling form...
2026-07-08 14:15:08,718 - tender_scanner - INFO -   [WAIT] Waiting for ZIP...
2026-07-08 14:15:38,180 - tender_scanner - INFO -   [OK] ZIP received: 18277344 bytes in 66.61s
2026-07-08 14:17:40,744 - tender_scanner - INFO -   [OK] Supabase tenders_3: 1/1 rows
2026-07-08 14:17:42,134 - tender_scanner - INFO -   [DOWNLOAD] DCE: 243/26/EAU
2026-07-08 14:17:56,074 - tender_scanner - ERROR -   [ERROR] DCE: Error: Page.goto: net::ERR_NAME_NOT_RESOLVED at https://www.marchespublics.gov.ma/?page=entreprise.EntrepriseDetailConsultation&refConsultation=1020583&orgAcronyme=g3h
Call log:
navigating to "https://www.marchespublics.gov.ma/?page=entreprise.EntrepriseDetailConsultation&refConsultation=1020583&orgAcronyme=g3h", waiting until "domcontentloaded"

