2026-07-07 11:57:18,718 - tender_scanner - INFO -   [DOCLING] Initialise avec succes
2026-07-07 11:57:18,825 - tender_scanner - INFO -   [PDF] PyMuPDF disponible pour l'extraction PDF
2026-07-07 11:57:45,308 - tender_scanner - INFO -   [OK] Supabase tenders_3: 1/1 rows
2026-07-07 11:57:45,313 - tender_scanner - INFO - 
  [TENDER #1/6] Etudes d’exécution, fourniture des équipements, construction, installation et mi...
2026-07-07 11:57:45,506 - tender_scanner - INFO -   [DOWNLOAD] DCE: SP4130189
2026-07-07 11:58:04,711 - tender_scanner - INFO -   [FORM] Filling form...
2026-07-07 11:58:25,812 - tender_scanner - INFO -   [WAIT] Waiting for ZIP...
2026-07-07 12:05:17,080 - tender_scanner - INFO -   [OK] ZIP received: 83636401 bytes in 451.57s
2026-07-07 12:05:17,081 - tender_scanner - ERROR -   [ZIP] Fichier trop volumineux (>50MB) pour SP4130189
2026-07-07 12:05:17,081 - tender_scanner - INFO -   [COMPLETE] Tender #1 in 451.77s (indexation auto lancée)
2026-07-07 12:05:17,587 - tender_scanner - INFO -   [OK] Supabase tenders_3: 1/1 rows
2026-07-07 12:05:17,591 - tender_scanner - INFO - 
  [TENDER #2/6] refonte des lignes 60kV du réseau Casablanca – Settat : 
-	N°266 DAOURAT – IMFOU...
2026-07-07 12:05:17,837 - tender_scanner - INFO -   [DOWNLOAD] DCE: TC4130724/2026/ONEEBELEC
2026-07-07 12:05:34,465 - tender_scanner - INFO -   [FORM] Filling form...
2026-07-07 12:05:56,951 - tender_scanner - INFO -   [WAIT] Waiting for ZIP...
2026-07-07 12:06:25,103 - tender_scanner - INFO -   [OK] ZIP received: 5790562 bytes in 67.27s
2026-07-07 12:06:27,661 - tender_scanner - INFO -   [COMPLETE] Tender #2 in 70.07s (indexation auto lancée)
2026-07-07 12:06:29,070 - tender_scanner - INFO -   [AUTO-INDEX] Démarrage indexation pour TC4130724/2026/ONEEBELEC...
2026-07-07 12:06:29,281 - tender_scanner - INFO -   [AUTO-INDEX] TC4130724/2026/ONEEBELEC: 0 chunks créés
2026-07-07 12:06:37,618 - tender_scanner - INFO -   [OK] Supabase tenders_3: 1/1 rows
2026-07-07 12:06:37,622 - tender_scanner - INFO - 
  [TENDER #3/6] Acquisition des accessoires pour appareils scientifiques : Accessoires pour chro...
2026-07-07 12:06:37,848 - tender_scanner - INFO -   [DOWNLOAD] DCE: 36/DAM/CE/2026
2026-07-07 12:06:56,763 - tender_scanner - INFO -   [FORM] Filling form...
2026-07-07 12:07:18,540 - tender_scanner - INFO -   [WAIT] Waiting for ZIP...
2026-07-07 12:07:29,563 - tender_scanner - INFO -   [OK] ZIP received: 821087 bytes in 51.71s
2026-07-07 12:07:30,739 - tender_scanner - INFO -   [COMPLETE] Tender #3 in 53.11s (indexation auto lancée)
2026-07-07 12:07:31,454 - tender_scanner - INFO -   [AUTO-INDEX] Démarrage indexation pour 36/DAM/CE/2026...
2026-07-07 12:07:31,701 - tender_scanner - INFO -   [AUTO-INDEX] 36/DAM/CE/2026: 0 chunks créés
2026-07-07 12:07:39,954 - tender_scanner - INFO -   [OK] Supabase tenders_3: 1/1 rows
2026-07-07 12:07:39,958 - tender_scanner - INFO - 
  [TENDER #4/6] Fourniture de sulfate d'alumine en 07 Lots...Fourniture de sulfate d'alumine en ...
2026-07-07 12:07:40,190 - tender_scanner - INFO -   [DOWNLOAD] DCE: 25/DAM/S/2026
2026-07-07 12:08:00,862 - tender_scanner - INFO -   [FORM] Filling form...
2026-07-07 12:08:22,035 - tender_scanner - INFO -   [WAIT] Waiting for ZIP...
2026-07-07 12:09:37,843 - tender_scanner - INFO -   [OK] ZIP received: 4269369 bytes in 117.65s
2026-07-07 12:09:39,699 - tender_scanner - INFO -   [COMPLETE] Tender #4 in 119.74s (indexation auto lancée)
2026-07-07 12:09:40,007 - tender_scanner - INFO -   [OK] Supabase tenders_3: 1/1 rows
2026-07-07 12:09:40,014 - tender_scanner - INFO - 
  [TENDER #5/6] Fourniture des consommables pour l'analyse du fioul de la centrale diesel LAAYOU...
2026-07-07 12:09:40,212 - tender_scanner - INFO -   [DOWNLOAD] DCE: GN1130175/2026/AGS/DXG
2026-07-07 12:09:40,466 - tender_scanner - INFO -   [AUTO-INDEX] Démarrage indexation pour 25/DAM/S/2026...
2026-07-07 12:09:40,671 - tender_scanner - INFO -   [AUTO-INDEX] 25/DAM/S/2026: 0 chunks créés
2026-07-07 12:09:58,339 - tender_scanner - INFO -   [FORM] Filling form...
2026-07-07 12:10:21,013 - tender_scanner - INFO -   [WAIT] Waiting for ZIP...
2026-07-07 12:10:47,371 - tender_scanner - INFO -   [OK] ZIP received: 1830337 bytes in 67.16s
2026-07-07 12:10:48,978 - tender_scanner - INFO -   [COMPLETE] Tender #5 in 68.96s (indexation auto lancée)
2026-07-07 12:10:49,283 - tender_scanner - INFO -   [OK] Supabase tenders_3: 1/1 rows
2026-07-07 12:10:49,288 - tender_scanner - INFO - 
  [TENDER #6/6] AEP de la ville de Souk larbaa à partir de la ST de Loukkos - Lot : Télegestion....
2026-07-07 12:10:49,485 - tender_scanner - INFO -   [DOWNLOAD] DCE: 06/2026/DR4
2026-07-07 12:10:49,771 - tender_scanner - INFO -   [AUTO-INDEX] Démarrage indexation pour GN1130175/2026/AGS/DXG...
2026-07-07 12:10:49,998 - tender_scanner - INFO -   [AUTO-INDEX] GN1130175/2026/AGS/DXG: 0 chunks créés
2026-07-07 12:11:07,405 - tender_scanner - INFO -   [FORM] Filling form...
2026-07-07 12:11:28,474 - tender_scanner - INFO -   [WAIT] Waiting for ZIP...
2026-07-07 12:11:40,775 - tender_scanner - INFO -   [OK] ZIP received: 1372290 bytes in 51.29s
2026-07-07 12:11:42,356 - tender_scanner - INFO -   [COMPLETE] Tender #6 in 53.07s (indexation auto lancée)
2026-07-07 12:11:42,973 - tender_scanner - INFO -   [AUTO-INDEX] Démarrage indexation pour 06/2026/DR4...
2026-07-07 12:11:43,237 - tender_scanner - INFO -   [AUTO-INDEX] 06/2026/DR4: 0 chunks créés
